<?xml version="1.0" encoding="ISO-8859-1" ?>
<link_info>
   <banner>TI ARM Linker PC v20.2.7.LTS</banner>
   <copyright>Copyright (c) 1996-2018 Texas Instruments Incorporated</copyright>
   <link_time>0x64c89b9b</link_time>
   <link_errors>0x0</link_errors>
   <output_file>03BoyLuc_key.out</output_file>
   <entry_point>
      <name>_c_int00_noargs</name>
      <address>0x848d</address>
   </entry_point>
   <input_file_list>
      <input_file id="fl-2">
         <path>.\</path>
         <kind>object</kind>
         <file>main.obj</file>
         <name>main.obj</name>
      </input_file>
      <input_file id="fl-3">
         <path>.\</path>
         <kind>object</kind>
         <file>startup_msp432p401r_ccs.obj</file>
         <name>startup_msp432p401r_ccs.obj</name>
      </input_file>
      <input_file id="fl-4">
         <path>.\</path>
         <kind>object</kind>
         <file>system_msp432p401r.obj</file>
         <name>system_msp432p401r.obj</name>
      </input_file>
      <input_file id="fl-5">
         <path>.\boylibs\</path>
         <kind>object</kind>
         <file>boyGrayscale.obj</file>
         <name>boyGrayscale.obj</name>
      </input_file>
      <input_file id="fl-6">
         <path>.\boylibs\</path>
         <kind>object</kind>
         <file>boybluetooth.obj</file>
         <name>boybluetooth.obj</name>
      </input_file>
      <input_file id="fl-7">
         <path>.\boylibs\</path>
         <kind>object</kind>
         <file>boycamera.obj</file>
         <name>boycamera.obj</name>
      </input_file>
      <input_file id="fl-8">
         <path>.\boylibs\</path>
         <kind>object</kind>
         <file>boyencoder.obj</file>
         <name>boyencoder.obj</name>
      </input_file>
      <input_file id="fl-9">
         <path>.\boylibs\</path>
         <kind>object</kind>
         <file>boyiic.obj</file>
         <name>boyiic.obj</name>
      </input_file>
      <input_file id="fl-a">
         <path>.\boylibs\</path>
         <kind>object</kind>
         <file>boyimu.obj</file>
         <name>boyimu.obj</name>
      </input_file>
      <input_file id="fl-b">
         <path>.\boylibs\</path>
         <kind>object</kind>
         <file>boykey.obj</file>
         <name>boykey.obj</name>
      </input_file>
      <input_file id="fl-c">
         <path>.\boylibs\</path>
         <kind>object</kind>
         <file>boyled.obj</file>
         <name>boyled.obj</name>
      </input_file>
      <input_file id="fl-d">
         <path>.\boylibs\</path>
         <kind>object</kind>
         <file>boymotor.obj</file>
         <name>boymotor.obj</name>
      </input_file>
      <input_file id="fl-e">
         <path>.\boylibs\</path>
         <kind>object</kind>
         <file>boympu6050.obj</file>
         <name>boympu6050.obj</name>
      </input_file>
      <input_file id="fl-f">
         <path>.\boylibs\</path>
         <kind>object</kind>
         <file>boypid.obj</file>
         <name>boypid.obj</name>
      </input_file>
      <input_file id="fl-10">
         <path>.\boylibs\</path>
         <kind>object</kind>
         <file>boysteer.obj</file>
         <name>boysteer.obj</name>
      </input_file>
      <input_file id="fl-11">
         <path>.\boylibs\</path>
         <kind>object</kind>
         <file>boyultrasonic.obj</file>
         <name>boyultrasonic.obj</name>
      </input_file>
      <input_file id="fl-12">
         <path>.\exinlibs\</path>
         <kind>object</kind>
         <file>ADS1292.obj</file>
         <name>ADS1292.obj</name>
      </input_file>
      <input_file id="fl-13">
         <path>.\exinlibs\</path>
         <kind>object</kind>
         <file>ADS_RCV.obj</file>
         <name>ADS_RCV.obj</name>
      </input_file>
      <input_file id="fl-14">
         <path>.\exinlibs\</path>
         <kind>object</kind>
         <file>LMT70RD.obj</file>
         <name>LMT70RD.obj</name>
      </input_file>
      <input_file id="fl-15">
         <path>.\exinlibs\</path>
         <kind>object</kind>
         <file>OV_RCV.obj</file>
         <name>OV_RCV.obj</name>
      </input_file>
      <input_file id="fl-16">
         <path>.\exinlibs\</path>
         <kind>object</kind>
         <file>Oscill_OLED.obj</file>
         <name>Oscill_OLED.obj</name>
      </input_file>
      <input_file id="fl-17">
         <path>.\exinlibs\</path>
         <kind>object</kind>
         <file>exinADC.obj</file>
         <name>exinADC.obj</name>
      </input_file>
      <input_file id="fl-18">
         <path>.\exinlibs\</path>
         <kind>object</kind>
         <file>exinADC0832.obj</file>
         <name>exinADC0832.obj</name>
      </input_file>
      <input_file id="fl-19">
         <path>.\exinlibs\</path>
         <kind>object</kind>
         <file>exinHC_SR04.obj</file>
         <name>exinHC_SR04.obj</name>
      </input_file>
      <input_file id="fl-1a">
         <path>.\exinlibs\</path>
         <kind>object</kind>
         <file>exinIIC.obj</file>
         <name>exinIIC.obj</name>
      </input_file>
      <input_file id="fl-1b">
         <path>.\exinlibs\</path>
         <kind>object</kind>
         <file>exinMPU6050.obj</file>
         <name>exinMPU6050.obj</name>
      </input_file>
      <input_file id="fl-1c">
         <path>.\exinlibs\</path>
         <kind>object</kind>
         <file>exinTimerA.obj</file>
         <name>exinTimerA.obj</name>
      </input_file>
      <input_file id="fl-1d">
         <path>.\exinlibs\</path>
         <kind>object</kind>
         <file>exinTimerAINT.obj</file>
         <name>exinTimerAINT.obj</name>
      </input_file>
      <input_file id="fl-1e">
         <path>.\exinlibs\</path>
         <kind>object</kind>
         <file>exin_library_map_guide.obj</file>
         <name>exin_library_map_guide.obj</name>
      </input_file>
      <input_file id="fl-1f">
         <path>.\exinlibs\</path>
         <kind>object</kind>
         <file>exinadjust.obj</file>
         <name>exinadjust.obj</name>
      </input_file>
      <input_file id="fl-20">
         <path>.\exinlibs\</path>
         <kind>object</kind>
         <file>exineeprom.obj</file>
         <name>exineeprom.obj</name>
      </input_file>
      <input_file id="fl-21">
         <path>.\exinlibs\</path>
         <kind>object</kind>
         <file>exinencoder.obj</file>
         <name>exinencoder.obj</name>
      </input_file>
      <input_file id="fl-22">
         <path>.\exinlibs\</path>
         <kind>object</kind>
         <file>exingpio.obj</file>
         <name>exingpio.obj</name>
      </input_file>
      <input_file id="fl-23">
         <path>.\exinlibs\</path>
         <kind>object</kind>
         <file>exinisr.obj</file>
         <name>exinisr.obj</name>
      </input_file>
      <input_file id="fl-24">
         <path>.\exinlibs\</path>
         <kind>object</kind>
         <file>exinkey.obj</file>
         <name>exinkey.obj</name>
      </input_file>
      <input_file id="fl-25">
         <path>.\exinlibs\</path>
         <kind>object</kind>
         <file>exinmotor.obj</file>
         <name>exinmotor.obj</name>
      </input_file>
      <input_file id="fl-26">
         <path>.\exinlibs\</path>
         <kind>object</kind>
         <file>exinoled.obj</file>
         <name>exinoled.obj</name>
      </input_file>
      <input_file id="fl-27">
         <path>.\exinlibs\</path>
         <kind>object</kind>
         <file>exinpwm.obj</file>
         <name>exinpwm.obj</name>
      </input_file>
      <input_file id="fl-28">
         <path>.\exinlibs\</path>
         <kind>object</kind>
         <file>exinsteer.obj</file>
         <name>exinsteer.obj</name>
      </input_file>
      <input_file id="fl-29">
         <path>.\exinlibs\</path>
         <kind>object</kind>
         <file>exinsystem.obj</file>
         <name>exinsystem.obj</name>
      </input_file>
      <input_file id="fl-2a">
         <path>.\exinlibs\</path>
         <kind>object</kind>
         <file>exinuart.obj</file>
         <name>exinuart.obj</name>
      </input_file>
      <input_file id="fl-2b">
         <path>.\exinlibs\</path>
         <kind>object</kind>
         <file>serial.obj</file>
         <name>serial.obj</name>
      </input_file>
      <input_file id="fl-30">
         <kind>object</kind>
         <file>&lt;internal&gt;</file>
         <name>&lt;internal&gt;</name>
      </input_file>
      <input_file id="fl-e6">
         <path>D:\Software_installation\CCSIDE\ti\ccs1230\ccs\tools\compiler\ti-cgt-arm_20.2.7.LTS\lib\</path>
         <kind>archive</kind>
         <file>rtsv7M4_T_le_v4SPD16_eabi.lib</file>
         <name>e_atan2f.c.obj</name>
      </input_file>
      <input_file id="fl-e7">
         <path>D:\Software_installation\CCSIDE\ti\ccs1230\ccs\tools\compiler\ti-cgt-arm_20.2.7.LTS\lib\</path>
         <kind>archive</kind>
         <file>rtsv7M4_T_le_v4SPD16_eabi.lib</file>
         <name>s_atanf.c.obj</name>
      </input_file>
      <input_file id="fl-e8">
         <path>D:\Software_installation\CCSIDE\ti\ccs1230\ccs\tools\compiler\ti-cgt-arm_20.2.7.LTS\lib\</path>
         <kind>archive</kind>
         <file>rtsv7M4_T_le_v4SPD16_eabi.lib</file>
         <name>e_asin.c.obj</name>
      </input_file>
      <input_file id="fl-e9">
         <path>D:\Software_installation\CCSIDE\ti\ccs1230\ccs\tools\compiler\ti-cgt-arm_20.2.7.LTS\lib\</path>
         <kind>archive</kind>
         <file>rtsv7M4_T_le_v4SPD16_eabi.lib</file>
         <name>e_sqrt.c.obj</name>
      </input_file>
      <input_file id="fl-ea">
         <path>D:\Software_installation\CCSIDE\ti\ccs1230\ccs\tools\compiler\ti-cgt-arm_20.2.7.LTS\lib\</path>
         <kind>archive</kind>
         <file>rtsv7M4_T_le_v4SPD16_eabi.lib</file>
         <name>s_atan.c.obj</name>
      </input_file>
      <input_file id="fl-eb">
         <path>D:\Software_installation\CCSIDE\ti\ccs1230\ccs\tools\compiler\ti-cgt-arm_20.2.7.LTS\lib\</path>
         <kind>archive</kind>
         <file>rtsv7M4_T_le_v4SPD16_eabi.lib</file>
         <name>sprintf.c.obj</name>
      </input_file>
      <input_file id="fl-ec">
         <path>D:\Software_installation\CCSIDE\ti\ccs1230\ccs\tools\compiler\ti-cgt-arm_20.2.7.LTS\lib\</path>
         <kind>archive</kind>
         <file>rtsv7M4_T_le_v4SPD16_eabi.lib</file>
         <name>fd_add_t2.asm.obj</name>
      </input_file>
      <input_file id="fl-ed">
         <path>D:\Software_installation\CCSIDE\ti\ccs1230\ccs\tools\compiler\ti-cgt-arm_20.2.7.LTS\lib\</path>
         <kind>archive</kind>
         <file>rtsv7M4_T_le_v4SPD16_eabi.lib</file>
         <name>fd_cmp_t2.asm.obj</name>
      </input_file>
      <input_file id="fl-ee">
         <path>D:\Software_installation\CCSIDE\ti\ccs1230\ccs\tools\compiler\ti-cgt-arm_20.2.7.LTS\lib\</path>
         <kind>archive</kind>
         <file>rtsv7M4_T_le_v4SPD16_eabi.lib</file>
         <name>fd_div_t2.asm.obj</name>
      </input_file>
      <input_file id="fl-ef">
         <path>D:\Software_installation\CCSIDE\ti\ccs1230\ccs\tools\compiler\ti-cgt-arm_20.2.7.LTS\lib\</path>
         <kind>archive</kind>
         <file>rtsv7M4_T_le_v4SPD16_eabi.lib</file>
         <name>fd_mul_t2.asm.obj</name>
      </input_file>
      <input_file id="fl-f0">
         <path>D:\Software_installation\CCSIDE\ti\ccs1230\ccs\tools\compiler\ti-cgt-arm_20.2.7.LTS\lib\</path>
         <kind>archive</kind>
         <file>rtsv7M4_T_le_v4SPD16_eabi.lib</file>
         <name>fd_toi_t2.asm.obj</name>
      </input_file>
      <input_file id="fl-f1">
         <path>D:\Software_installation\CCSIDE\ti\ccs1230\ccs\tools\compiler\ti-cgt-arm_20.2.7.LTS\lib\</path>
         <kind>archive</kind>
         <file>rtsv7M4_T_le_v4SPD16_eabi.lib</file>
         <name>fd_tos_t2.asm.obj</name>
      </input_file>
      <input_file id="fl-f2">
         <path>D:\Software_installation\CCSIDE\ti\ccs1230\ccs\tools\compiler\ti-cgt-arm_20.2.7.LTS\lib\</path>
         <kind>archive</kind>
         <file>rtsv7M4_T_le_v4SPD16_eabi.lib</file>
         <name>fs_tod_t2.asm.obj</name>
      </input_file>
      <input_file id="fl-f3">
         <path>D:\Software_installation\CCSIDE\ti\ccs1230\ccs\tools\compiler\ti-cgt-arm_20.2.7.LTS\lib\</path>
         <kind>archive</kind>
         <file>rtsv7M4_T_le_v4SPD16_eabi.lib</file>
         <name>i_tofd_t2.asm.obj</name>
      </input_file>
      <input_file id="fl-f4">
         <path>D:\Software_installation\CCSIDE\ti\ccs1230\ccs\tools\compiler\ti-cgt-arm_20.2.7.LTS\lib\</path>
         <kind>archive</kind>
         <file>rtsv7M4_T_le_v4SPD16_eabi.lib</file>
         <name>memcpy_t2.asm.obj</name>
      </input_file>
      <input_file id="fl-f5">
         <path>D:\Software_installation\CCSIDE\ti\ccs1230\ccs\tools\compiler\ti-cgt-arm_20.2.7.LTS\lib\</path>
         <kind>archive</kind>
         <file>rtsv7M4_T_le_v4SPD16_eabi.lib</file>
         <name>u_tofd_t2.asm.obj</name>
      </input_file>
      <input_file id="fl-f6">
         <path>D:\Software_installation\CCSIDE\ti\ccs1230\ccs\tools\compiler\ti-cgt-arm_20.2.7.LTS\lib\</path>
         <kind>archive</kind>
         <file>rtsv7M4_T_le_v4SPD16_eabi.lib</file>
         <name>memset_t2.asm.obj</name>
      </input_file>
      <input_file id="fl-f7">
         <path>D:\Software_installation\CCSIDE\ti\ccs1230\ccs\tools\compiler\ti-cgt-arm_20.2.7.LTS\lib\</path>
         <kind>archive</kind>
         <file>rtsv7M4_T_le_v4SPD16_eabi.lib</file>
         <name>copy_zero_init.c.obj</name>
      </input_file>
      <input_file id="fl-f8">
         <path>D:\Software_installation\CCSIDE\ti\ccs1230\ccs\tools\compiler\ti-cgt-arm_20.2.7.LTS\lib\</path>
         <kind>archive</kind>
         <file>rtsv7M4_T_le_v4SPD16_eabi.lib</file>
         <name>copy_decompress_none.c.obj</name>
      </input_file>
      <input_file id="fl-f9">
         <path>D:\Software_installation\CCSIDE\ti\ccs1230\ccs\tools\compiler\ti-cgt-arm_20.2.7.LTS\lib\</path>
         <kind>archive</kind>
         <file>rtsv7M4_T_le_v4SPD16_eabi.lib</file>
         <name>copy_decompress_lzss.c.obj</name>
      </input_file>
      <input_file id="fl-fa">
         <path>D:\Software_installation\CCSIDE\ti\ccs1230\ccs\tools\compiler\ti-cgt-arm_20.2.7.LTS\lib\</path>
         <kind>archive</kind>
         <file>rtsv7M4_T_le_v4SPD16_eabi.lib</file>
         <name>memory.c.obj</name>
      </input_file>
      <input_file id="fl-fb">
         <path>D:\Software_installation\CCSIDE\ti\ccs1230\ccs\tools\compiler\ti-cgt-arm_20.2.7.LTS\lib\</path>
         <kind>archive</kind>
         <file>rtsv7M4_T_le_v4SPD16_eabi.lib</file>
         <name>boot_cortex_m.c.obj</name>
      </input_file>
      <input_file id="fl-fc">
         <path>D:\Software_installation\CCSIDE\ti\ccs1230\ccs\tools\compiler\ti-cgt-arm_20.2.7.LTS\lib\</path>
         <kind>archive</kind>
         <file>rtsv7M4_T_le_v4SPD16_eabi.lib</file>
         <name>errno.c.obj</name>
      </input_file>
      <input_file id="fl-fd">
         <path>D:\Software_installation\CCSIDE\ti\ccs1230\ccs\tools\compiler\ti-cgt-arm_20.2.7.LTS\lib\</path>
         <kind>archive</kind>
         <file>rtsv7M4_T_le_v4SPD16_eabi.lib</file>
         <name>_printfi.c.obj</name>
      </input_file>
      <input_file id="fl-fe">
         <path>D:\Software_installation\CCSIDE\ti\ccs1230\ccs\tools\compiler\ti-cgt-arm_20.2.7.LTS\lib\</path>
         <kind>archive</kind>
         <file>rtsv7M4_T_le_v4SPD16_eabi.lib</file>
         <name>ull_div_t2.asm.obj</name>
      </input_file>
      <input_file id="fl-ff">
         <path>D:\Software_installation\CCSIDE\ti\ccs1230\ccs\tools\compiler\ti-cgt-arm_20.2.7.LTS\lib\</path>
         <kind>archive</kind>
         <file>rtsv7M4_T_le_v4SPD16_eabi.lib</file>
         <name>autoinit.c.obj</name>
      </input_file>
      <input_file id="fl-100">
         <path>D:\Software_installation\CCSIDE\ti\ccs1230\ccs\tools\compiler\ti-cgt-arm_20.2.7.LTS\lib\</path>
         <kind>archive</kind>
         <file>rtsv7M4_T_le_v4SPD16_eabi.lib</file>
         <name>pre_init.c.obj</name>
      </input_file>
      <input_file id="fl-101">
         <path>D:\Software_installation\CCSIDE\ti\ccs1230\ccs\tools\compiler\ti-cgt-arm_20.2.7.LTS\lib\</path>
         <kind>archive</kind>
         <file>rtsv7M4_T_le_v4SPD16_eabi.lib</file>
         <name>cpy_tbl.c.obj</name>
      </input_file>
      <input_file id="fl-102">
         <path>D:\Software_installation\CCSIDE\ti\ccs1230\ccs\tools\compiler\ti-cgt-arm_20.2.7.LTS\lib\</path>
         <kind>archive</kind>
         <file>rtsv7M4_T_le_v4SPD16_eabi.lib</file>
         <name>exit.c.obj</name>
      </input_file>
      <input_file id="fl-103">
         <path>D:\Software_installation\CCSIDE\ti\ccs1230\ccs\tools\compiler\ti-cgt-arm_20.2.7.LTS\lib\</path>
         <kind>archive</kind>
         <file>rtsv7M4_T_le_v4SPD16_eabi.lib</file>
         <name>_lock.c.obj</name>
      </input_file>
      <input_file id="fl-104">
         <path>D:\Software_installation\CCSIDE\ti\ccs1230\ccs\tools\compiler\ti-cgt-arm_20.2.7.LTS\lib\</path>
         <kind>archive</kind>
         <file>rtsv7M4_T_le_v4SPD16_eabi.lib</file>
         <name>_ltoa.c.obj</name>
      </input_file>
      <input_file id="fl-105">
         <path>D:\Software_installation\CCSIDE\ti\ccs1230\ccs\tools\compiler\ti-cgt-arm_20.2.7.LTS\lib\</path>
         <kind>archive</kind>
         <file>rtsv7M4_T_le_v4SPD16_eabi.lib</file>
         <name>args_main.c.obj</name>
      </input_file>
      <input_file id="fl-106">
         <path>D:\Software_installation\CCSIDE\ti\ccs1230\ccs\tools\compiler\ti-cgt-arm_20.2.7.LTS\lib\</path>
         <kind>archive</kind>
         <file>rtsv7M4_T_le_v4SPD16_eabi.lib</file>
         <name>atoi.c.obj</name>
      </input_file>
      <input_file id="fl-107">
         <path>D:\Software_installation\CCSIDE\ti\ccs1230\ccs\tools\compiler\ti-cgt-arm_20.2.7.LTS\lib\</path>
         <kind>archive</kind>
         <file>rtsv7M4_T_le_v4SPD16_eabi.lib</file>
         <name>ctype.c.obj</name>
      </input_file>
      <input_file id="fl-108">
         <path>D:\Software_installation\CCSIDE\ti\ccs1230\ccs\tools\compiler\ti-cgt-arm_20.2.7.LTS\lib\</path>
         <kind>archive</kind>
         <file>rtsv7M4_T_le_v4SPD16_eabi.lib</file>
         <name>memccpy.c.obj</name>
      </input_file>
      <input_file id="fl-109">
         <path>D:\Software_installation\CCSIDE\ti\ccs1230\ccs\tools\compiler\ti-cgt-arm_20.2.7.LTS\lib\</path>
         <kind>archive</kind>
         <file>rtsv7M4_T_le_v4SPD16_eabi.lib</file>
         <name>strchr.c.obj</name>
      </input_file>
      <input_file id="fl-10a">
         <path>D:\Software_installation\CCSIDE\ti\ccs1230\ccs\tools\compiler\ti-cgt-arm_20.2.7.LTS\lib\</path>
         <kind>archive</kind>
         <file>rtsv7M4_T_le_v4SPD16_eabi.lib</file>
         <name>strlen.c.obj</name>
      </input_file>
      <input_file id="fl-10b">
         <path>D:\Software_installation\CCSIDE\ti\ccs1230\ccs\tools\compiler\ti-cgt-arm_20.2.7.LTS\lib\</path>
         <kind>archive</kind>
         <file>rtsv7M4_T_le_v4SPD16_eabi.lib</file>
         <name>wcslen.c.obj</name>
      </input_file>
      <input_file id="fl-10c">
         <path>D:\Software_installation\CCSIDE\ti\ccs1230\ccs\tools\compiler\ti-cgt-arm_20.2.7.LTS\lib\</path>
         <kind>archive</kind>
         <file>rtsv7M4_T_le_v4SPD16_eabi.lib</file>
         <name>s_frexp.c.obj</name>
      </input_file>
      <input_file id="fl-10d">
         <path>D:\Software_installation\CCSIDE\ti\ccs1230\ccs\tools\compiler\ti-cgt-arm_20.2.7.LTS\lib\</path>
         <kind>archive</kind>
         <file>rtsv7M4_T_le_v4SPD16_eabi.lib</file>
         <name>s_scalbn.c.obj</name>
      </input_file>
      <input_file id="fl-10e">
         <path>D:\Software_installation\CCSIDE\ti\ccs1230\ccs\tools\compiler\ti-cgt-arm_20.2.7.LTS\lib\</path>
         <kind>archive</kind>
         <file>rtsv7M4_T_le_v4SPD16_eabi.lib</file>
         <name>div0.asm.obj</name>
      </input_file>
      <input_file id="fl-10f">
         <path>D:\Software_installation\CCSIDE\ti\ccs1230\ccs\tools\compiler\ti-cgt-arm_20.2.7.LTS\lib\</path>
         <kind>archive</kind>
         <file>rtsv7M4_T_le_v4SPD16_eabi.lib</file>
         <name>s_copysign.c.obj</name>
      </input_file>
      <input_file id="fl-110">
         <path>D:\Software_installation\CCSIDE\ti\msp\MSP432Ware_3_40_00_25\driverlib\driverlib\MSP432P4xx\ccs\</path>
         <kind>archive</kind>
         <file>msp432p4xx_driverlib.lib</file>
         <name>cs.o</name>
      </input_file>
      <input_file id="fl-111">
         <path>D:\Software_installation\CCSIDE\ti\msp\MSP432Ware_3_40_00_25\driverlib\driverlib\MSP432P4xx\ccs\</path>
         <kind>archive</kind>
         <file>msp432p4xx_driverlib.lib</file>
         <name>flash.o</name>
      </input_file>
      <input_file id="fl-112">
         <path>D:\Software_installation\CCSIDE\ti\msp\MSP432Ware_3_40_00_25\driverlib\driverlib\MSP432P4xx\ccs\</path>
         <kind>archive</kind>
         <file>msp432p4xx_driverlib.lib</file>
         <name>gpio.o</name>
      </input_file>
      <input_file id="fl-113">
         <path>D:\Software_installation\CCSIDE\ti\msp\MSP432Ware_3_40_00_25\driverlib\driverlib\MSP432P4xx\ccs\</path>
         <kind>archive</kind>
         <file>msp432p4xx_driverlib.lib</file>
         <name>interrupt.o</name>
      </input_file>
      <input_file id="fl-114">
         <path>D:\Software_installation\CCSIDE\ti\msp\MSP432Ware_3_40_00_25\driverlib\driverlib\MSP432P4xx\ccs\</path>
         <kind>archive</kind>
         <file>msp432p4xx_driverlib.lib</file>
         <name>pcm.o</name>
      </input_file>
      <input_file id="fl-115">
         <path>D:\Software_installation\CCSIDE\ti\msp\MSP432Ware_3_40_00_25\driverlib\driverlib\MSP432P4xx\ccs\</path>
         <kind>archive</kind>
         <file>msp432p4xx_driverlib.lib</file>
         <name>rtc_c.o</name>
      </input_file>
      <input_file id="fl-116">
         <path>D:\Software_installation\CCSIDE\ti\msp\MSP432Ware_3_40_00_25\driverlib\driverlib\MSP432P4xx\ccs\</path>
         <kind>archive</kind>
         <file>msp432p4xx_driverlib.lib</file>
         <name>sysctl.o</name>
      </input_file>
      <input_file id="fl-117">
         <path>D:\Software_installation\CCSIDE\ti\msp\MSP432Ware_3_40_00_25\driverlib\driverlib\MSP432P4xx\ccs\</path>
         <kind>archive</kind>
         <file>msp432p4xx_driverlib.lib</file>
         <name>uart.o</name>
      </input_file>
      <input_file id="fl-118">
         <path>D:\Software_installation\CCSIDE\ti\msp\MSP432Ware_3_40_00_25\driverlib\driverlib\MSP432P4xx\ccs\</path>
         <kind>archive</kind>
         <file>msp432p4xx_driverlib.lib</file>
         <name>wdt_a.o</name>
      </input_file>
      <input_file id="fl-119">
         <path>D:\Software_installation\CCSIDE\ti\msp\MSP432Ware_3_40_00_25\driverlib\driverlib\MSP432P4xx\ccs\</path>
         <kind>archive</kind>
         <file>msp432p4xx_driverlib.lib</file>
         <name>cpu.o</name>
      </input_file>
   </input_file_list>
   <object_component_list>
      <object_component id="oc-26">
         <name>.intvecs:retain</name>
         <load_address>0x0</load_address>
         <run_address>0x0</run_address>
         <size>0xe4</size>
         <input_file_ref idref="fl-3"/>
      </object_component>
      <object_component id="oc-356">
         <name>.text</name>
         <load_address>0xe4</load_address>
         <run_address>0xe4</run_address>
         <size>0x1c20</size>
         <input_file_ref idref="fl-26"/>
      </object_component>
      <object_component id="oc-f0">
         <name>.text</name>
         <load_address>0x1d04</load_address>
         <run_address>0x1d04</run_address>
         <size>0xa9c</size>
         <input_file_ref idref="fl-22"/>
      </object_component>
      <object_component id="oc-315">
         <name>.text:__TI_printfi</name>
         <load_address>0x27a0</load_address>
         <run_address>0x27a0</run_address>
         <size>0xa4e</size>
         <input_file_ref idref="fl-fd"/>
      </object_component>
      <object_component id="oc-498">
         <name>.text</name>
         <load_address>0x31ee</load_address>
         <run_address>0x31ee</run_address>
         <size>0x2</size>
         <input_file_ref idref="fl-10e"/>
      </object_component>
      <object_component id="oc-82">
         <name>.text</name>
         <load_address>0x31f0</load_address>
         <run_address>0x31f0</run_address>
         <size>0x8f0</size>
         <input_file_ref idref="fl-17"/>
      </object_component>
      <object_component id="oc-7c">
         <name>.text</name>
         <load_address>0x3ae0</load_address>
         <run_address>0x3ae0</run_address>
         <size>0x864</size>
         <input_file_ref idref="fl-2a"/>
      </object_component>
      <object_component id="oc-76">
         <name>.text</name>
         <load_address>0x4344</load_address>
         <run_address>0x4344</run_address>
         <size>0x740</size>
         <input_file_ref idref="fl-23"/>
      </object_component>
      <object_component id="oc-110">
         <name>.text</name>
         <load_address>0x4a84</load_address>
         <run_address>0x4a84</run_address>
         <size>0x600</size>
         <input_file_ref idref="fl-1c"/>
      </object_component>
      <object_component id="oc-70">
         <name>.text</name>
         <load_address>0x5084</load_address>
         <run_address>0x5084</run_address>
         <size>0x4fc</size>
         <input_file_ref idref="fl-29"/>
      </object_component>
      <object_component id="oc-259">
         <name>.text</name>
         <load_address>0x5580</load_address>
         <run_address>0x5580</run_address>
         <size>0x3b4</size>
         <input_file_ref idref="fl-21"/>
      </object_component>
      <object_component id="oc-1cb">
         <name>.text</name>
         <load_address>0x5934</load_address>
         <run_address>0x5934</run_address>
         <size>0x38c</size>
         <input_file_ref idref="fl-e"/>
      </object_component>
      <object_component id="oc-1bf">
         <name>.text</name>
         <load_address>0x5cc0</load_address>
         <run_address>0x5cc0</run_address>
         <size>0x37c</size>
         <input_file_ref idref="fl-9"/>
      </object_component>
      <object_component id="oc-262">
         <name>.text</name>
         <load_address>0x603c</load_address>
         <run_address>0x603c</run_address>
         <size>0x340</size>
         <input_file_ref idref="fl-27"/>
      </object_component>
      <object_component id="oc-c4">
         <name>.text</name>
         <load_address>0x637c</load_address>
         <run_address>0x637c</run_address>
         <size>0x334</size>
         <input_file_ref idref="fl-4"/>
      </object_component>
      <object_component id="oc-102">
         <name>.text</name>
         <load_address>0x66b0</load_address>
         <run_address>0x66b0</run_address>
         <size>0x2a8</size>
         <input_file_ref idref="fl-f"/>
      </object_component>
      <object_component id="oc-39c">
         <name>.text:_pconv_a</name>
         <load_address>0x6958</load_address>
         <run_address>0x6958</run_address>
         <size>0x270</size>
         <input_file_ref idref="fl-fd"/>
      </object_component>
      <object_component id="oc-108">
         <name>.text</name>
         <load_address>0x6bc8</load_address>
         <run_address>0x6bc8</run_address>
         <size>0x238</size>
         <input_file_ref idref="fl-d"/>
      </object_component>
      <object_component id="oc-38a">
         <name>.text:_pconv_g</name>
         <load_address>0x6e00</load_address>
         <run_address>0x6e00</run_address>
         <size>0x1d0</size>
         <input_file_ref idref="fl-fd"/>
      </object_component>
      <object_component id="oc-12f">
         <name>.text</name>
         <load_address>0x6fd0</load_address>
         <run_address>0x6fd0</run_address>
         <size>0x1b6</size>
         <input_file_ref idref="fl-ec"/>
      </object_component>
      <object_component id="oc-143">
         <name>.text</name>
         <load_address>0x7188</load_address>
         <run_address>0x7188</run_address>
         <size>0x1b0</size>
         <input_file_ref idref="fl-6"/>
      </object_component>
      <object_component id="oc-35c">
         <name>.text</name>
         <load_address>0x7338</load_address>
         <run_address>0x7338</run_address>
         <size>0x170</size>
         <input_file_ref idref="fl-1d"/>
      </object_component>
      <object_component id="oc-396">
         <name>.text:_pconv_e</name>
         <load_address>0x74a8</load_address>
         <run_address>0x74a8</run_address>
         <size>0x13c</size>
         <input_file_ref idref="fl-fd"/>
      </object_component>
      <object_component id="oc-d0">
         <name>.text</name>
         <load_address>0x75e4</load_address>
         <run_address>0x75e4</run_address>
         <size>0x136</size>
         <input_file_ref idref="fl-ee"/>
      </object_component>
      <object_component id="oc-42d">
         <name>.text:fcvt</name>
         <load_address>0x771c</load_address>
         <run_address>0x771c</run_address>
         <size>0x124</size>
         <input_file_ref idref="fl-fd"/>
      </object_component>
      <object_component id="oc-441">
         <name>.text:scalbn</name>
         <load_address>0x7840</load_address>
         <run_address>0x7840</run_address>
         <size>0x110</size>
         <input_file_ref idref="fl-10d"/>
      </object_component>
      <object_component id="oc-26d">
         <name>.text</name>
         <load_address>0x7950</load_address>
         <run_address>0x7950</run_address>
         <size>0xfc</size>
         <input_file_ref idref="fl-ef"/>
      </object_component>
      <object_component id="oc-13d">
         <name>.text</name>
         <load_address>0x7a4c</load_address>
         <run_address>0x7a4c</run_address>
         <size>0xf8</size>
         <input_file_ref idref="fl-7"/>
      </object_component>
      <object_component id="oc-b2">
         <name>.text</name>
         <load_address>0x7b44</load_address>
         <run_address>0x7b44</run_address>
         <size>0xc4</size>
         <input_file_ref idref="fl-2"/>
      </object_component>
      <object_component id="oc-37f">
         <name>.text:_ltostr</name>
         <load_address>0x7c08</load_address>
         <run_address>0x7c08</run_address>
         <size>0xb1</size>
         <input_file_ref idref="fl-fd"/>
      </object_component>
      <object_component id="oc-3a">
         <name>.text</name>
         <load_address>0x7cba</load_address>
         <run_address>0x7cba</run_address>
         <size>0x9c</size>
         <input_file_ref idref="fl-f4"/>
      </object_component>
      <object_component id="oc-413">
         <name>.text</name>
         <load_address>0x7d56</load_address>
         <run_address>0x7d56</run_address>
         <size>0x96</size>
         <input_file_ref idref="fl-fe"/>
      </object_component>
      <object_component id="oc-fc">
         <name>.text</name>
         <load_address>0x7dec</load_address>
         <run_address>0x7dec</run_address>
         <size>0x8c</size>
         <input_file_ref idref="fl-8"/>
      </object_component>
      <object_component id="oc-385">
         <name>.text:__aeabi_cdcmple</name>
         <load_address>0x7e78</load_address>
         <run_address>0x7e78</run_address>
         <size>0x86</size>
         <input_file_ref idref="fl-ed"/>
      </object_component>
      <object_component id="oc-3f4">
         <name>.text:__aeabi_cdrcmple</name>
         <load_address>0x7efe</load_address>
         <run_address>0x7efe</run_address>
         <size>0x86</size>
         <input_file_ref idref="fl-ed"/>
      </object_component>
      <object_component id="oc-a6">
         <name>.text</name>
         <load_address>0x7f84</load_address>
         <run_address>0x7f84</run_address>
         <size>0x7a</size>
         <input_file_ref idref="fl-f6"/>
      </object_component>
      <object_component id="oc-426">
         <name>.text:_mcpy</name>
         <load_address>0x7ffe</load_address>
         <run_address>0x7ffe</run_address>
         <size>0x6e</size>
         <input_file_ref idref="fl-fd"/>
      </object_component>
      <object_component id="oc-268">
         <name>.text</name>
         <load_address>0x806c</load_address>
         <run_address>0x806c</run_address>
         <size>0x6e</size>
         <input_file_ref idref="fl-f1"/>
      </object_component>
      <object_component id="oc-17">
         <name>.text:decompress:lzss:__TI_decompress_lzss</name>
         <load_address>0x80da</load_address>
         <run_address>0x80da</run_address>
         <size>0x68</size>
         <input_file_ref idref="fl-f9"/>
      </object_component>
      <object_component id="oc-43b">
         <name>.text:frexp</name>
         <load_address>0x8144</load_address>
         <run_address>0x8144</run_address>
         <size>0x64</size>
         <input_file_ref idref="fl-10c"/>
      </object_component>
      <object_component id="oc-1c5">
         <name>.text</name>
         <load_address>0x81a8</load_address>
         <run_address>0x81a8</run_address>
         <size>0x58</size>
         <input_file_ref idref="fl-c"/>
      </object_component>
      <object_component id="oc-390">
         <name>.text:_pconv_f</name>
         <load_address>0x8200</load_address>
         <run_address>0x8200</run_address>
         <size>0x56</size>
         <input_file_ref idref="fl-fd"/>
      </object_component>
      <object_component id="oc-41a">
         <name>.text:__TI_ltoa</name>
         <load_address>0x8256</load_address>
         <run_address>0x8256</run_address>
         <size>0x54</size>
         <input_file_ref idref="fl-104"/>
      </object_component>
      <object_component id="oc-420">
         <name>.text:_ecpy</name>
         <load_address>0x82aa</load_address>
         <run_address>0x82aa</run_address>
         <size>0x52</size>
         <input_file_ref idref="fl-fd"/>
      </object_component>
      <object_component id="oc-379">
         <name>.text:atoi</name>
         <load_address>0x82fc</load_address>
         <run_address>0x82fc</run_address>
         <size>0x4c</size>
         <input_file_ref idref="fl-106"/>
      </object_component>
      <object_component id="oc-d5">
         <name>.text</name>
         <load_address>0x8348</load_address>
         <run_address>0x8348</run_address>
         <size>0x48</size>
         <input_file_ref idref="fl-f0"/>
      </object_component>
      <object_component id="oc-1e5">
         <name>.text:__TI_auto_init_nobinit_nopinit:__TI_auto_init_nobinit_nopinit</name>
         <load_address>0x8390</load_address>
         <run_address>0x8390</run_address>
         <size>0x44</size>
         <input_file_ref idref="fl-ff"/>
      </object_component>
      <object_component id="oc-1d1">
         <name>.text:sprintf</name>
         <load_address>0x83d4</load_address>
         <run_address>0x83d4</run_address>
         <size>0x40</size>
         <input_file_ref idref="fl-eb"/>
      </object_component>
      <object_component id="oc-433">
         <name>.text:_fcpy</name>
         <load_address>0x8414</load_address>
         <run_address>0x8414</run_address>
         <size>0x3e</size>
         <input_file_ref idref="fl-fd"/>
      </object_component>
      <object_component id="oc-12a">
         <name>.text</name>
         <load_address>0x8452</load_address>
         <run_address>0x8452</run_address>
         <size>0x38</size>
         <input_file_ref idref="fl-f2"/>
      </object_component>
      <object_component id="oc-58">
         <name>.text:_c_int00_noargs:_c_int00_noargs</name>
         <load_address>0x848c</load_address>
         <run_address>0x848c</run_address>
         <size>0x34</size>
         <input_file_ref idref="fl-fb"/>
      </object_component>
      <object_component id="oc-3ef">
         <name>.text</name>
         <load_address>0x84c0</load_address>
         <run_address>0x84c0</run_address>
         <size>0x2e</size>
         <input_file_ref idref="fl-f3"/>
      </object_component>
      <object_component id="oc-350">
         <name>.text:Interrupt_setPriority</name>
         <load_address>0x84f0</load_address>
         <run_address>0x84f0</run_address>
         <size>0x24</size>
         <input_file_ref idref="fl-113"/>
      </object_component>
      <object_component id="oc-cb">
         <name>.text</name>
         <load_address>0x8514</load_address>
         <run_address>0x8514</run_address>
         <size>0x20</size>
         <input_file_ref idref="fl-f5"/>
      </object_component>
      <object_component id="oc-46">
         <name>.text:decompress:ZI:__TI_zero_init_nomemset:__TI_zero_init_nomemset</name>
         <load_address>0x8534</load_address>
         <run_address>0x8534</run_address>
         <size>0x1c</size>
         <input_file_ref idref="fl-f7"/>
      </object_component>
      <object_component id="oc-3a2">
         <name>.text:memccpy</name>
         <load_address>0x8550</load_address>
         <run_address>0x8550</run_address>
         <size>0x1c</size>
         <input_file_ref idref="fl-108"/>
      </object_component>
      <object_component id="oc-4ab">
         <name>.text:copysign</name>
         <load_address>0x856c</load_address>
         <run_address>0x856c</run_address>
         <size>0x1a</size>
         <input_file_ref idref="fl-10f"/>
      </object_component>
      <object_component id="oc-31b">
         <name>.text:_outs</name>
         <load_address>0x8586</load_address>
         <run_address>0x8586</run_address>
         <size>0x18</size>
         <input_file_ref idref="fl-eb"/>
      </object_component>
      <object_component id="oc-447">
         <name>.text:strchr</name>
         <load_address>0x859e</load_address>
         <run_address>0x859e</run_address>
         <size>0x16</size>
         <input_file_ref idref="fl-109"/>
      </object_component>
      <object_component id="oc-373">
         <name>.text:strlen</name>
         <load_address>0x85b4</load_address>
         <run_address>0x85b4</run_address>
         <size>0x14</size>
         <input_file_ref idref="fl-10a"/>
      </object_component>
      <object_component id="oc-3a8">
         <name>.text:wcslen</name>
         <load_address>0x85c8</load_address>
         <run_address>0x85c8</run_address>
         <size>0x12</size>
         <input_file_ref idref="fl-10b"/>
      </object_component>
      <object_component id="oc-1d">
         <name>.text:decompress:none:__TI_decompress_none</name>
         <load_address>0x85da</load_address>
         <run_address>0x85da</run_address>
         <size>0xe</size>
         <input_file_ref idref="fl-f8"/>
      </object_component>
      <object_component id="oc-6a">
         <name>.text</name>
         <load_address>0x85e8</load_address>
         <run_address>0x85e8</run_address>
         <size>0xe</size>
         <input_file_ref idref="fl-3"/>
      </object_component>
      <object_component id="oc-321">
         <name>.text:_outc</name>
         <load_address>0x85f6</load_address>
         <run_address>0x85f6</run_address>
         <size>0xa</size>
         <input_file_ref idref="fl-eb"/>
      </object_component>
      <object_component id="oc-3ae">
         <name>.text:__aeabi_errno_addr</name>
         <load_address>0x8600</load_address>
         <run_address>0x8600</run_address>
         <size>0x8</size>
         <input_file_ref idref="fl-fc"/>
      </object_component>
      <object_component id="oc-ac">
         <name>.text:_system_pre_init</name>
         <load_address>0x8608</load_address>
         <run_address>0x8608</run_address>
         <size>0x4</size>
         <input_file_ref idref="fl-100"/>
      </object_component>
      <object_component id="oc-1d9">
         <name>.text:abort:abort</name>
         <load_address>0x860c</load_address>
         <run_address>0x860c</run_address>
         <size>0x4</size>
         <input_file_ref idref="fl-102"/>
      </object_component>
      <object_component id="oc-3ff">
         <name>.const:.string:F8x16</name>
         <load_address>0x8610</load_address>
         <run_address>0x8610</run_address>
         <size>0x5f0</size>
         <input_file_ref idref="fl-26"/>
      </object_component>
      <object_component id="oc-3fc">
         <name>.const:F6x8</name>
         <load_address>0x8c00</load_address>
         <run_address>0x8c00</run_address>
         <size>0x228</size>
         <input_file_ref idref="fl-26"/>
      </object_component>
      <object_component id="oc-402">
         <name>.const:Chiness</name>
         <load_address>0x8e28</load_address>
         <run_address>0x8e28</run_address>
         <size>0x180</size>
         <input_file_ref idref="fl-26"/>
      </object_component>
      <object_component id="oc-40e">
         <name>.const:.string:_ctypes_</name>
         <load_address>0x8fa8</load_address>
         <run_address>0x8fa8</run_address>
         <size>0x101</size>
         <input_file_ref idref="fl-107"/>
      </object_component>
      <object_component id="oc-137">
         <name>.const:FP_N</name>
         <load_address>0x90ac</load_address>
         <run_address>0x90ac</run_address>
         <size>0xa0</size>
         <input_file_ref idref="fl-2a"/>
      </object_component>
      <object_component id="oc-3e5">
         <name>.const:g_pulRegs</name>
         <load_address>0x914c</load_address>
         <run_address>0x914c</run_address>
         <size>0x50</size>
         <input_file_ref idref="fl-113"/>
      </object_component>
      <object_component id="oc-13a">
         <name>.const:.string:BRS</name>
         <load_address>0x919c</load_address>
         <run_address>0x919c</run_address>
         <size>0x28</size>
         <input_file_ref idref="fl-2a"/>
      </object_component>
      <object_component id="oc-512">
         <name>.cinit..data.load</name>
         <load_address>0x91c8</load_address>
         <run_address>0x91c8</run_address>
         <size>0x365</size>
      </object_component>
      <object_component id="oc-510">
         <name>__TI_handler_table</name>
         <load_address>0x9530</load_address>
         <run_address>0x9530</run_address>
         <size>0xc</size>
      </object_component>
      <object_component id="oc-513">
         <name>.cinit..bss.load</name>
         <load_address>0x9540</load_address>
         <run_address>0x9540</run_address>
         <size>0x8</size>
      </object_component>
      <object_component id="oc-511">
         <name>__TI_cinit_table</name>
         <load_address>0x9548</load_address>
         <run_address>0x9548</run_address>
         <size>0x10</size>
      </object_component>
      <object_component id="oc-4e4">
         <name>.binit</name>
         <load_address>0x0</load_address>
         <run_address>0x0</run_address>
         <size>0x0</size>
      </object_component>
      <object_component id="oc-217">
         <name>.data</name>
         <load_address>0x200024b4</load_address>
         <run_address>0x200024b4</run_address>
         <size>0x4</size>
         <input_file_ref idref="fl-4"/>
      </object_component>
      <object_component id="oc-294">
         <name>.data:RxBluetooth</name>
         <load_address>0x2000249e</load_address>
         <run_address>0x2000249e</run_address>
         <size>0x4</size>
         <input_file_ref idref="fl-6"/>
      </object_component>
      <object_component id="oc-28f">
         <name>.data:TxBluetooth</name>
         <load_address>0x20002498</load_address>
         <run_address>0x20002498</run_address>
         <size>0x6</size>
         <input_file_ref idref="fl-6"/>
      </object_component>
      <object_component id="oc-292">
         <name>.data</name>
         <load_address>0x200024b8</load_address>
         <run_address>0x200024b8</run_address>
         <size>0x3</size>
         <input_file_ref idref="fl-6"/>
      </object_component>
      <object_component id="oc-293">
         <name>.data:RxBuffer2$2</name>
         <load_address>0x20002492</load_address>
         <run_address>0x20002492</run_address>
         <size>0x6</size>
         <input_file_ref idref="fl-6"/>
      </object_component>
      <object_component id="oc-28b">
         <name>.data:RxCamera</name>
         <load_address>0x200024a2</load_address>
         <run_address>0x200024a2</run_address>
         <size>0x4</size>
         <input_file_ref idref="fl-7"/>
      </object_component>
      <object_component id="oc-289">
         <name>.data</name>
         <load_address>0x200024bb</load_address>
         <run_address>0x200024bb</run_address>
         <size>0x3</size>
         <input_file_ref idref="fl-7"/>
      </object_component>
      <object_component id="oc-28a">
         <name>.data:RxBuffer1$2</name>
         <load_address>0x2000248c</load_address>
         <run_address>0x2000248c</run_address>
         <size>0x6</size>
         <input_file_ref idref="fl-7"/>
      </object_component>
      <object_component id="oc-11a">
         <name>.data</name>
         <load_address>0x20002438</load_address>
         <run_address>0x20002438</run_address>
         <size>0x28</size>
         <input_file_ref idref="fl-8"/>
      </object_component>
      <object_component id="oc-30b">
         <name>.data</name>
         <load_address>0x200024a6</load_address>
         <run_address>0x200024a6</run_address>
         <size>0x1</size>
         <input_file_ref idref="fl-9"/>
      </object_component>
      <object_component id="oc-311">
         <name>.data</name>
         <load_address>0x200024a8</load_address>
         <run_address>0x200024a8</run_address>
         <size>0x4</size>
         <input_file_ref idref="fl-e"/>
      </object_component>
      <object_component id="oc-117">
         <name>.data</name>
         <load_address>0x200024be</load_address>
         <run_address>0x200024be</run_address>
         <size>0x3</size>
         <input_file_ref idref="fl-f"/>
      </object_component>
      <object_component id="oc-121">
         <name>.data:CCRn_period_val</name>
         <load_address>0x20002400</load_address>
         <run_address>0x20002400</run_address>
         <size>0x38</size>
         <input_file_ref idref="fl-1d"/>
      </object_component>
      <object_component id="oc-f9">
         <name>.data</name>
         <load_address>0x20002460</load_address>
         <run_address>0x20002460</run_address>
         <size>0x1c</size>
         <input_file_ref idref="fl-1f"/>
      </object_component>
      <object_component id="oc-405">
         <name>.data:bmp_pixel1</name>
         <load_address>0x20000000</load_address>
         <run_address>0x20000000</run_address>
         <size>0x2000</size>
         <input_file_ref idref="fl-26"/>
      </object_component>
      <object_component id="oc-3f9">
         <name>.data:GDDRAM</name>
         <load_address>0x20002000</load_address>
         <run_address>0x20002000</run_address>
         <size>0x400</size>
         <input_file_ref idref="fl-26"/>
      </object_component>
      <object_component id="oc-363">
         <name>.data</name>
         <load_address>0x200024ac</load_address>
         <run_address>0x200024ac</run_address>
         <size>0x4</size>
         <input_file_ref idref="fl-27"/>
      </object_component>
      <object_component id="oc-db">
         <name>.data</name>
         <load_address>0x2000247c</load_address>
         <run_address>0x2000247c</run_address>
         <size>0x8</size>
         <input_file_ref idref="fl-29"/>
      </object_component>
      <object_component id="oc-134">
         <name>.data</name>
         <load_address>0x20002484</load_address>
         <run_address>0x20002484</run_address>
         <size>0x8</size>
         <input_file_ref idref="fl-2a"/>
      </object_component>
      <object_component id="oc-457">
         <name>.data</name>
         <load_address>0x200024b0</load_address>
         <run_address>0x200024b0</run_address>
         <size>0x4</size>
         <input_file_ref idref="fl-fc"/>
      </object_component>
      <object_component id="oc-310">
         <name>.bss:mpu_filter$1</name>
         <uninitialized>true</uninitialized>
         <run_address>0x200028c8</run_address>
         <size>0x30</size>
         <input_file_ref idref="fl-e"/>
      </object_component>
      <object_component id="oc-da">
         <name>.bss</name>
         <uninitialized>true</uninitialized>
         <run_address>0x200029dc</run_address>
         <size>0x4</size>
         <input_file_ref idref="fl-29"/>
      </object_component>
      <object_component id="oc-151">
         <name>.common:ADC14_STRUCT</name>
         <uninitialized>true</uninitialized>
         <run_address>0x200028f8</run_address>
         <size>0x30</size>
      </object_component>
      <object_component id="oc-1d7">
         <name>.common:g_MPUManager</name>
         <uninitialized>true</uninitialized>
         <run_address>0x200029a0</run_address>
         <size>0x1c</size>
      </object_component>
      <object_component id="oc-120">
         <name>.common:pidSpeed</name>
         <uninitialized>true</uninitialized>
         <run_address>0x20002950</run_address>
         <size>0x28</size>
      </object_component>
      <object_component id="oc-11d">
         <name>.common:pidPosition</name>
         <uninitialized>true</uninitialized>
         <run_address>0x20002928</run_address>
         <size>0x28</size>
      </object_component>
      <object_component id="oc-260">
         <name>.common:pidangle</name>
         <uninitialized>true</uninitialized>
         <run_address>0x20002978</run_address>
         <size>0x28</size>
      </object_component>
      <object_component id="oc-10e">
         <name>.common:encoder_A</name>
         <uninitialized>true</uninitialized>
         <run_address>0x200029bc</run_address>
         <size>0x8</size>
      </object_component>
      <object_component id="oc-f6">
         <name>.common:encoder_B</name>
         <uninitialized>true</uninitialized>
         <run_address>0x200029c4</run_address>
         <size>0x8</size>
      </object_component>
      <object_component id="oc-116">
         <name>.common:encoder_C</name>
         <uninitialized>true</uninitialized>
         <run_address>0x200029cc</run_address>
         <size>0x8</size>
      </object_component>
      <object_component id="oc-10f">
         <name>.common:encoder_D</name>
         <uninitialized>true</uninitialized>
         <run_address>0x200029d4</run_address>
         <size>0x8</size>
      </object_component>
      <object_component id="oc-29">
         <name>.sysmem</name>
         <uninitialized>true</uninitialized>
         <run_address>0x200024c8</run_address>
         <size>0x10</size>
         <input_file_ref idref="fl-fa"/>
      </object_component>
      <object_component id="oc-516">
         <name>.sysmem</name>
         <uninitialized>true</uninitialized>
         <run_address>0x200024c8</run_address>
         <size>0x0</size>
      </object_component>
      <object_component id="oc-2c">
         <name>.stack</name>
         <uninitialized>true</uninitialized>
         <run_address>0x2000fe00</run_address>
         <size>0x4</size>
         <input_file_ref idref="fl-fb"/>
      </object_component>
      <object_component id="oc-515">
         <name>.stack</name>
         <uninitialized>true</uninitialized>
         <run_address>0x2000fe00</run_address>
         <size>0x0</size>
      </object_component>
      <object_component id="oc-152">
         <name>.debug_info</name>
         <load_address>0x0</load_address>
         <run_address>0x0</run_address>
         <size>0x8ff</size>
         <input_file_ref idref="fl-2"/>
      </object_component>
      <object_component id="oc-b3">
         <name>.debug_info</name>
         <load_address>0x8ff</load_address>
         <run_address>0x8ff</run_address>
         <size>0x1e4</size>
         <input_file_ref idref="fl-2"/>
      </object_component>
      <object_component id="oc-14a">
         <name>.debug_info</name>
         <load_address>0xae3</load_address>
         <run_address>0xae3</run_address>
         <size>0x8c</size>
         <input_file_ref idref="fl-2"/>
      </object_component>
      <object_component id="oc-231">
         <name>.debug_info</name>
         <load_address>0xb6f</load_address>
         <run_address>0xb6f</run_address>
         <size>0x120</size>
         <input_file_ref idref="fl-2"/>
      </object_component>
      <object_component id="oc-246">
         <name>.debug_info</name>
         <load_address>0xc8f</load_address>
         <run_address>0xc8f</run_address>
         <size>0x71</size>
         <input_file_ref idref="fl-2"/>
      </object_component>
      <object_component id="oc-2bd">
         <name>.debug_info</name>
         <load_address>0xd00</load_address>
         <run_address>0xd00</run_address>
         <size>0x6c</size>
         <input_file_ref idref="fl-2"/>
      </object_component>
      <object_component id="oc-252">
         <name>.debug_info</name>
         <load_address>0xd6c</load_address>
         <run_address>0xd6c</run_address>
         <size>0x21f</size>
         <input_file_ref idref="fl-2"/>
      </object_component>
      <object_component id="oc-197">
         <name>.debug_info</name>
         <load_address>0xf8b</load_address>
         <run_address>0xf8b</run_address>
         <size>0x218</size>
         <input_file_ref idref="fl-2"/>
      </object_component>
      <object_component id="oc-2f9">
         <name>.debug_info</name>
         <load_address>0x11a3</load_address>
         <run_address>0x11a3</run_address>
         <size>0xfd</size>
         <input_file_ref idref="fl-2"/>
      </object_component>
      <object_component id="oc-24d">
         <name>.debug_info</name>
         <load_address>0x12a0</load_address>
         <run_address>0x12a0</run_address>
         <size>0x99</size>
         <input_file_ref idref="fl-2"/>
      </object_component>
      <object_component id="oc-e6">
         <name>.debug_info</name>
         <load_address>0x1339</load_address>
         <run_address>0x1339</run_address>
         <size>0x12a</size>
         <input_file_ref idref="fl-2"/>
      </object_component>
      <object_component id="oc-2cb">
         <name>.debug_info</name>
         <load_address>0x1463</load_address>
         <run_address>0x1463</run_address>
         <size>0x48</size>
         <input_file_ref idref="fl-2"/>
      </object_component>
      <object_component id="oc-29c">
         <name>.debug_info</name>
         <load_address>0x14ab</load_address>
         <run_address>0x14ab</run_address>
         <size>0xea</size>
         <input_file_ref idref="fl-2"/>
      </object_component>
      <object_component id="oc-19e">
         <name>.debug_info</name>
         <load_address>0x1595</load_address>
         <run_address>0x1595</run_address>
         <size>0x26b</size>
         <input_file_ref idref="fl-2"/>
      </object_component>
      <object_component id="oc-227">
         <name>.debug_info</name>
         <load_address>0x1800</load_address>
         <run_address>0x1800</run_address>
         <size>0x1055</size>
         <input_file_ref idref="fl-2"/>
      </object_component>
      <object_component id="oc-222">
         <name>.debug_info</name>
         <load_address>0x2855</load_address>
         <run_address>0x2855</run_address>
         <size>0x37e2</size>
         <input_file_ref idref="fl-2"/>
      </object_component>
      <object_component id="oc-2c4">
         <name>.debug_info</name>
         <load_address>0x6037</load_address>
         <run_address>0x6037</run_address>
         <size>0x110</size>
         <input_file_ref idref="fl-2"/>
      </object_component>
      <object_component id="oc-2da">
         <name>.debug_info</name>
         <load_address>0x6147</load_address>
         <run_address>0x6147</run_address>
         <size>0xae</size>
         <input_file_ref idref="fl-2"/>
      </object_component>
      <object_component id="oc-27a">
         <name>.debug_info</name>
         <load_address>0x61f5</load_address>
         <run_address>0x61f5</run_address>
         <size>0xfe</size>
         <input_file_ref idref="fl-2"/>
      </object_component>
      <object_component id="oc-2ad">
         <name>.debug_info</name>
         <load_address>0x62f3</load_address>
         <run_address>0x62f3</run_address>
         <size>0xd9</size>
         <input_file_ref idref="fl-2"/>
      </object_component>
      <object_component id="oc-e1">
         <name>.debug_info</name>
         <load_address>0x63cc</load_address>
         <run_address>0x63cc</run_address>
         <size>0x8b</size>
         <input_file_ref idref="fl-2"/>
      </object_component>
      <object_component id="oc-23b">
         <name>.debug_info</name>
         <load_address>0x6457</load_address>
         <run_address>0x6457</run_address>
         <size>0x2a4</size>
         <input_file_ref idref="fl-2"/>
      </object_component>
      <object_component id="oc-241">
         <name>.debug_info</name>
         <load_address>0x66fb</load_address>
         <run_address>0x66fb</run_address>
         <size>0xef</size>
         <input_file_ref idref="fl-2"/>
      </object_component>
      <object_component id="oc-eb">
         <name>.debug_info</name>
         <load_address>0x67ea</load_address>
         <run_address>0x67ea</run_address>
         <size>0xbb</size>
         <input_file_ref idref="fl-2"/>
      </object_component>
      <object_component id="oc-125">
         <name>.debug_info</name>
         <load_address>0x68a5</load_address>
         <run_address>0x68a5</run_address>
         <size>0x87</size>
         <input_file_ref idref="fl-2"/>
      </object_component>
      <object_component id="oc-329">
         <name>.debug_info</name>
         <load_address>0x692c</load_address>
         <run_address>0x692c</run_address>
         <size>0x2c</size>
         <input_file_ref idref="fl-2"/>
      </object_component>
      <object_component id="oc-22c">
         <name>.debug_info</name>
         <load_address>0x6958</load_address>
         <run_address>0x6958</run_address>
         <size>0x35</size>
         <input_file_ref idref="fl-2"/>
      </object_component>
      <object_component id="oc-236">
         <name>.debug_info</name>
         <load_address>0x698d</load_address>
         <run_address>0x698d</run_address>
         <size>0xf7</size>
         <input_file_ref idref="fl-2"/>
      </object_component>
      <object_component id="oc-8a">
         <name>.debug_info</name>
         <load_address>0x6a84</load_address>
         <run_address>0x6a84</run_address>
         <size>0x2d2</size>
         <input_file_ref idref="fl-3"/>
      </object_component>
      <object_component id="oc-27">
         <name>.debug_info</name>
         <load_address>0x6d56</load_address>
         <run_address>0x6d56</run_address>
         <size>0xfe</size>
         <input_file_ref idref="fl-3"/>
      </object_component>
      <object_component id="oc-6e">
         <name>.debug_info</name>
         <load_address>0x6e54</load_address>
         <run_address>0x6e54</run_address>
         <size>0x1c5</size>
         <input_file_ref idref="fl-3"/>
      </object_component>
      <object_component id="oc-35">
         <name>.debug_info</name>
         <load_address>0x7019</load_address>
         <run_address>0x7019</run_address>
         <size>0x84</size>
         <input_file_ref idref="fl-3"/>
      </object_component>
      <object_component id="oc-218">
         <name>.debug_info</name>
         <load_address>0x709d</load_address>
         <run_address>0x709d</run_address>
         <size>0xf7</size>
         <input_file_ref idref="fl-4"/>
      </object_component>
      <object_component id="oc-c6">
         <name>.debug_info</name>
         <load_address>0x7194</load_address>
         <run_address>0x7194</run_address>
         <size>0x269</size>
         <input_file_ref idref="fl-4"/>
      </object_component>
      <object_component id="oc-154">
         <name>.debug_info</name>
         <load_address>0x73fd</load_address>
         <run_address>0x73fd</run_address>
         <size>0x75c</size>
         <input_file_ref idref="fl-5"/>
      </object_component>
      <object_component id="oc-156">
         <name>.debug_info</name>
         <load_address>0x7b59</load_address>
         <run_address>0x7b59</run_address>
         <size>0x749</size>
         <input_file_ref idref="fl-6"/>
      </object_component>
      <object_component id="oc-295">
         <name>.debug_info</name>
         <load_address>0x82a2</load_address>
         <run_address>0x82a2</run_address>
         <size>0xf1</size>
         <input_file_ref idref="fl-6"/>
      </object_component>
      <object_component id="oc-290">
         <name>.debug_info</name>
         <load_address>0x8393</load_address>
         <run_address>0x8393</run_address>
         <size>0xf1</size>
         <input_file_ref idref="fl-6"/>
      </object_component>
      <object_component id="oc-144">
         <name>.debug_info</name>
         <load_address>0x8484</load_address>
         <run_address>0x8484</run_address>
         <size>0x640</size>
         <input_file_ref idref="fl-6"/>
      </object_component>
      <object_component id="oc-158">
         <name>.debug_info</name>
         <load_address>0x8ac4</load_address>
         <run_address>0x8ac4</run_address>
         <size>0x709</size>
         <input_file_ref idref="fl-7"/>
      </object_component>
      <object_component id="oc-28c">
         <name>.debug_info</name>
         <load_address>0x91cd</load_address>
         <run_address>0x91cd</run_address>
         <size>0xe8</size>
         <input_file_ref idref="fl-7"/>
      </object_component>
      <object_component id="oc-13e">
         <name>.debug_info</name>
         <load_address>0x92b5</load_address>
         <run_address>0x92b5</run_address>
         <size>0x215</size>
         <input_file_ref idref="fl-7"/>
      </object_component>
      <object_component id="oc-15a">
         <name>.debug_info</name>
         <load_address>0x94ca</load_address>
         <run_address>0x94ca</run_address>
         <size>0x78f</size>
         <input_file_ref idref="fl-8"/>
      </object_component>
      <object_component id="oc-11b">
         <name>.debug_info</name>
         <load_address>0x9c59</load_address>
         <run_address>0x9c59</run_address>
         <size>0x2d8</size>
         <input_file_ref idref="fl-8"/>
      </object_component>
      <object_component id="oc-fd">
         <name>.debug_info</name>
         <load_address>0x9f31</load_address>
         <run_address>0x9f31</run_address>
         <size>0x27d</size>
         <input_file_ref idref="fl-8"/>
      </object_component>
      <object_component id="oc-15c">
         <name>.debug_info</name>
         <load_address>0xa1ae</load_address>
         <run_address>0xa1ae</run_address>
         <size>0x6fe</size>
         <input_file_ref idref="fl-9"/>
      </object_component>
      <object_component id="oc-30c">
         <name>.debug_info</name>
         <load_address>0xa8ac</load_address>
         <run_address>0xa8ac</run_address>
         <size>0xe7</size>
         <input_file_ref idref="fl-9"/>
      </object_component>
      <object_component id="oc-1c0">
         <name>.debug_info</name>
         <load_address>0xa993</load_address>
         <run_address>0xa993</run_address>
         <size>0xa30</size>
         <input_file_ref idref="fl-9"/>
      </object_component>
      <object_component id="oc-15e">
         <name>.debug_info</name>
         <load_address>0xb3c3</load_address>
         <run_address>0xb3c3</run_address>
         <size>0x7d2</size>
         <input_file_ref idref="fl-a"/>
      </object_component>
      <object_component id="oc-2b2">
         <name>.debug_info</name>
         <load_address>0xbb95</load_address>
         <run_address>0xbb95</run_address>
         <size>0x69</size>
         <input_file_ref idref="fl-a"/>
      </object_component>
      <object_component id="oc-160">
         <name>.debug_info</name>
         <load_address>0xbbfe</load_address>
         <run_address>0xbbfe</run_address>
         <size>0x7dd</size>
         <input_file_ref idref="fl-b"/>
      </object_component>
      <object_component id="oc-162">
         <name>.debug_info</name>
         <load_address>0xc3db</load_address>
         <run_address>0xc3db</run_address>
         <size>0x72b</size>
         <input_file_ref idref="fl-c"/>
      </object_component>
      <object_component id="oc-1c7">
         <name>.debug_info</name>
         <load_address>0xcb06</load_address>
         <run_address>0xcb06</run_address>
         <size>0x19a</size>
         <input_file_ref idref="fl-c"/>
      </object_component>
      <object_component id="oc-164">
         <name>.debug_info</name>
         <load_address>0xcca0</load_address>
         <run_address>0xcca0</run_address>
         <size>0x7ac</size>
         <input_file_ref idref="fl-d"/>
      </object_component>
      <object_component id="oc-109">
         <name>.debug_info</name>
         <load_address>0xd44c</load_address>
         <run_address>0xd44c</run_address>
         <size>0x6fe</size>
         <input_file_ref idref="fl-d"/>
      </object_component>
      <object_component id="oc-166">
         <name>.debug_info</name>
         <load_address>0xdb4a</load_address>
         <run_address>0xdb4a</run_address>
         <size>0x8b1</size>
         <input_file_ref idref="fl-e"/>
      </object_component>
      <object_component id="oc-312">
         <name>.debug_info</name>
         <load_address>0xe3fb</load_address>
         <run_address>0xe3fb</run_address>
         <size>0xe1</size>
         <input_file_ref idref="fl-e"/>
      </object_component>
      <object_component id="oc-1cc">
         <name>.debug_info</name>
         <load_address>0xe4dc</load_address>
         <run_address>0xe4dc</run_address>
         <size>0x51c</size>
         <input_file_ref idref="fl-e"/>
      </object_component>
      <object_component id="oc-11e">
         <name>.debug_info</name>
         <load_address>0xe9f8</load_address>
         <run_address>0xe9f8</run_address>
         <size>0x767</size>
         <input_file_ref idref="fl-f"/>
      </object_component>
      <object_component id="oc-118">
         <name>.debug_info</name>
         <load_address>0xf15f</load_address>
         <run_address>0xf15f</run_address>
         <size>0x163</size>
         <input_file_ref idref="fl-f"/>
      </object_component>
      <object_component id="oc-103">
         <name>.debug_info</name>
         <load_address>0xf2c2</load_address>
         <run_address>0xf2c2</run_address>
         <size>0x393</size>
         <input_file_ref idref="fl-f"/>
      </object_component>
      <object_component id="oc-168">
         <name>.debug_info</name>
         <load_address>0xf655</load_address>
         <run_address>0xf655</run_address>
         <size>0x759</size>
         <input_file_ref idref="fl-10"/>
      </object_component>
      <object_component id="oc-16a">
         <name>.debug_info</name>
         <load_address>0xfdae</load_address>
         <run_address>0xfdae</run_address>
         <size>0x7c6</size>
         <input_file_ref idref="fl-11"/>
      </object_component>
      <object_component id="oc-16c">
         <name>.debug_info</name>
         <load_address>0x10574</load_address>
         <run_address>0x10574</run_address>
         <size>0x708</size>
         <input_file_ref idref="fl-12"/>
      </object_component>
      <object_component id="oc-16e">
         <name>.debug_info</name>
         <load_address>0x10c7c</load_address>
         <run_address>0x10c7c</run_address>
         <size>0x771</size>
         <input_file_ref idref="fl-14"/>
      </object_component>
      <object_component id="oc-170">
         <name>.debug_info</name>
         <load_address>0x113ed</load_address>
         <run_address>0x113ed</run_address>
         <size>0x7f3</size>
         <input_file_ref idref="fl-15"/>
      </object_component>
      <object_component id="oc-172">
         <name>.debug_info</name>
         <load_address>0x11be0</load_address>
         <run_address>0x11be0</run_address>
         <size>0x819</size>
         <input_file_ref idref="fl-16"/>
      </object_component>
      <object_component id="oc-174">
         <name>.debug_info</name>
         <load_address>0x123f9</load_address>
         <run_address>0x123f9</run_address>
         <size>0x700</size>
         <input_file_ref idref="fl-17"/>
      </object_component>
      <object_component id="oc-83">
         <name>.debug_info</name>
         <load_address>0x12af9</load_address>
         <run_address>0x12af9</run_address>
         <size>0xd53</size>
         <input_file_ref idref="fl-17"/>
      </object_component>
      <object_component id="oc-176">
         <name>.debug_info</name>
         <load_address>0x1384c</load_address>
         <run_address>0x1384c</run_address>
         <size>0x7b6</size>
         <input_file_ref idref="fl-18"/>
      </object_component>
      <object_component id="oc-178">
         <name>.debug_info</name>
         <load_address>0x14002</load_address>
         <run_address>0x14002</run_address>
         <size>0x814</size>
         <input_file_ref idref="fl-19"/>
      </object_component>
      <object_component id="oc-17a">
         <name>.debug_info</name>
         <load_address>0x14816</load_address>
         <run_address>0x14816</run_address>
         <size>0x7b2</size>
         <input_file_ref idref="fl-1a"/>
      </object_component>
      <object_component id="oc-17c">
         <name>.debug_info</name>
         <load_address>0x14fc8</load_address>
         <run_address>0x14fc8</run_address>
         <size>0x8b0</size>
         <input_file_ref idref="fl-1b"/>
      </object_component>
      <object_component id="oc-17e">
         <name>.debug_info</name>
         <load_address>0x15878</load_address>
         <run_address>0x15878</run_address>
         <size>0x6fd</size>
         <input_file_ref idref="fl-1c"/>
      </object_component>
      <object_component id="oc-111">
         <name>.debug_info</name>
         <load_address>0x15f75</load_address>
         <run_address>0x15f75</run_address>
         <size>0x7de</size>
         <input_file_ref idref="fl-1c"/>
      </object_component>
      <object_component id="oc-180">
         <name>.debug_info</name>
         <load_address>0x16753</load_address>
         <run_address>0x16753</run_address>
         <size>0x84a</size>
         <input_file_ref idref="fl-1d"/>
      </object_component>
      <object_component id="oc-122">
         <name>.debug_info</name>
         <load_address>0x16f9d</load_address>
         <run_address>0x16f9d</run_address>
         <size>0xfb</size>
         <input_file_ref idref="fl-1d"/>
      </object_component>
      <object_component id="oc-35d">
         <name>.debug_info</name>
         <load_address>0x17098</load_address>
         <run_address>0x17098</run_address>
         <size>0x5cc</size>
         <input_file_ref idref="fl-1d"/>
      </object_component>
      <object_component id="oc-182">
         <name>.debug_info</name>
         <load_address>0x17664</load_address>
         <run_address>0x17664</run_address>
         <size>0x8be</size>
         <input_file_ref idref="fl-1f"/>
      </object_component>
      <object_component id="oc-fa">
         <name>.debug_info</name>
         <load_address>0x17f22</load_address>
         <run_address>0x17f22</run_address>
         <size>0x201</size>
         <input_file_ref idref="fl-1f"/>
      </object_component>
      <object_component id="oc-184">
         <name>.debug_info</name>
         <load_address>0x18123</load_address>
         <run_address>0x18123</run_address>
         <size>0x7fb</size>
         <input_file_ref idref="fl-20"/>
      </object_component>
      <object_component id="oc-f7">
         <name>.debug_info</name>
         <load_address>0x1891e</load_address>
         <run_address>0x1891e</run_address>
         <size>0x9cf</size>
         <input_file_ref idref="fl-21"/>
      </object_component>
      <object_component id="oc-25b">
         <name>.debug_info</name>
         <load_address>0x192ed</load_address>
         <run_address>0x192ed</run_address>
         <size>0x8c3</size>
         <input_file_ref idref="fl-21"/>
      </object_component>
      <object_component id="oc-186">
         <name>.debug_info</name>
         <load_address>0x19bb0</load_address>
         <run_address>0x19bb0</run_address>
         <size>0x6fb</size>
         <input_file_ref idref="fl-22"/>
      </object_component>
      <object_component id="oc-f1">
         <name>.debug_info</name>
         <load_address>0x1a2ab</load_address>
         <run_address>0x1a2ab</run_address>
         <size>0x10c3</size>
         <input_file_ref idref="fl-22"/>
      </object_component>
      <object_component id="oc-188">
         <name>.debug_info</name>
         <load_address>0x1b36e</load_address>
         <run_address>0x1b36e</run_address>
         <size>0xbfc</size>
         <input_file_ref idref="fl-23"/>
      </object_component>
      <object_component id="oc-78">
         <name>.debug_info</name>
         <load_address>0x1bf6a</load_address>
         <run_address>0x1bf6a</run_address>
         <size>0x8d0</size>
         <input_file_ref idref="fl-23"/>
      </object_component>
      <object_component id="oc-18a">
         <name>.debug_info</name>
         <load_address>0x1c83a</load_address>
         <run_address>0x1c83a</run_address>
         <size>0x7df</size>
         <input_file_ref idref="fl-24"/>
      </object_component>
      <object_component id="oc-18c">
         <name>.debug_info</name>
         <load_address>0x1d019</load_address>
         <run_address>0x1d019</run_address>
         <size>0x7dc</size>
         <input_file_ref idref="fl-25"/>
      </object_component>
      <object_component id="oc-18e">
         <name>.debug_info</name>
         <load_address>0x1d7f5</load_address>
         <run_address>0x1d7f5</run_address>
         <size>0x867</size>
         <input_file_ref idref="fl-26"/>
      </object_component>
      <object_component id="oc-3fd">
         <name>.debug_info</name>
         <load_address>0x1e05c</load_address>
         <run_address>0x1e05c</run_address>
         <size>0xe0</size>
         <input_file_ref idref="fl-26"/>
      </object_component>
      <object_component id="oc-400">
         <name>.debug_info</name>
         <load_address>0x1e13c</load_address>
         <run_address>0x1e13c</run_address>
         <size>0xe2</size>
         <input_file_ref idref="fl-26"/>
      </object_component>
      <object_component id="oc-403">
         <name>.debug_info</name>
         <load_address>0x1e21e</load_address>
         <run_address>0x1e21e</run_address>
         <size>0xe6</size>
         <input_file_ref idref="fl-26"/>
      </object_component>
      <object_component id="oc-406">
         <name>.debug_info</name>
         <load_address>0x1e304</load_address>
         <run_address>0x1e304</run_address>
         <size>0xec</size>
         <input_file_ref idref="fl-26"/>
      </object_component>
      <object_component id="oc-3fa">
         <name>.debug_info</name>
         <load_address>0x1e3f0</load_address>
         <run_address>0x1e3f0</run_address>
         <size>0xe4</size>
         <input_file_ref idref="fl-26"/>
      </object_component>
      <object_component id="oc-357">
         <name>.debug_info</name>
         <load_address>0x1e4d4</load_address>
         <run_address>0x1e4d4</run_address>
         <size>0x2834</size>
         <input_file_ref idref="fl-26"/>
      </object_component>
      <object_component id="oc-190">
         <name>.debug_info</name>
         <load_address>0x20d08</load_address>
         <run_address>0x20d08</run_address>
         <size>0x832</size>
         <input_file_ref idref="fl-27"/>
      </object_component>
      <object_component id="oc-364">
         <name>.debug_info</name>
         <load_address>0x2153a</load_address>
         <run_address>0x2153a</run_address>
         <size>0xdf</size>
         <input_file_ref idref="fl-27"/>
      </object_component>
      <object_component id="oc-263">
         <name>.debug_info</name>
         <load_address>0x21619</load_address>
         <run_address>0x21619</run_address>
         <size>0x617</size>
         <input_file_ref idref="fl-27"/>
      </object_component>
      <object_component id="oc-192">
         <name>.debug_info</name>
         <load_address>0x21c30</load_address>
         <run_address>0x21c30</run_address>
         <size>0x74f</size>
         <input_file_ref idref="fl-28"/>
      </object_component>
      <object_component id="oc-df">
         <name>.debug_info</name>
         <load_address>0x2237f</load_address>
         <run_address>0x2237f</run_address>
         <size>0x713</size>
         <input_file_ref idref="fl-29"/>
      </object_component>
      <object_component id="oc-dc">
         <name>.debug_info</name>
         <load_address>0x22a92</load_address>
         <run_address>0x22a92</run_address>
         <size>0xff</size>
         <input_file_ref idref="fl-29"/>
      </object_component>
      <object_component id="oc-71">
         <name>.debug_info</name>
         <load_address>0x22b91</load_address>
         <run_address>0x22b91</run_address>
         <size>0xae5</size>
         <input_file_ref idref="fl-29"/>
      </object_component>
      <object_component id="oc-14f">
         <name>.debug_info</name>
         <load_address>0x23676</load_address>
         <run_address>0x23676</run_address>
         <size>0x7b2</size>
         <input_file_ref idref="fl-2a"/>
      </object_component>
      <object_component id="oc-135">
         <name>.debug_info</name>
         <load_address>0x23e28</load_address>
         <run_address>0x23e28</run_address>
         <size>0x157</size>
         <input_file_ref idref="fl-2a"/>
      </object_component>
      <object_component id="oc-138">
         <name>.debug_info</name>
         <load_address>0x23f7f</load_address>
         <run_address>0x23f7f</run_address>
         <size>0xe0</size>
         <input_file_ref idref="fl-2a"/>
      </object_component>
      <object_component id="oc-13b">
         <name>.debug_info</name>
         <load_address>0x2405f</load_address>
         <run_address>0x2405f</run_address>
         <size>0xde</size>
         <input_file_ref idref="fl-2a"/>
      </object_component>
      <object_component id="oc-7d">
         <name>.debug_info</name>
         <load_address>0x2413d</load_address>
         <run_address>0x2413d</run_address>
         <size>0xdff</size>
         <input_file_ref idref="fl-2a"/>
      </object_component>
      <object_component id="oc-194">
         <name>.debug_info</name>
         <load_address>0x24f3c</load_address>
         <run_address>0x24f3c</run_address>
         <size>0x81d</size>
         <input_file_ref idref="fl-2b"/>
      </object_component>
      <object_component id="oc-306">
         <name>.debug_info</name>
         <load_address>0x25759</load_address>
         <run_address>0x25759</run_address>
         <size>0x1b4</size>
         <input_file_ref idref="fl-2b"/>
      </object_component>
      <object_component id="oc-4d0">
         <name>.debug_info</name>
         <load_address>0x2590d</load_address>
         <run_address>0x2590d</run_address>
         <size>0x39</size>
         <input_file_ref idref="fl-e6"/>
      </object_component>
      <object_component id="oc-4a6">
         <name>.debug_info</name>
         <load_address>0x25946</load_address>
         <run_address>0x25946</run_address>
         <size>0x2c</size>
         <input_file_ref idref="fl-e6"/>
      </object_component>
      <object_component id="oc-328">
         <name>.debug_info</name>
[...]
      <symbol id="sm-8f6">
         <name>DCO_set</name>
         <value>0x50bf</value>
         <object_component_ref idref="oc-70"/>
      </symbol>
      <symbol id="sm-8f7">
         <name>sysc</name>
         <value>0x2000247c</value>
         <object_component_ref idref="oc-db"/>
      </symbol>
      <symbol id="sm-8f8">
         <name>systic_delayms</name>
         <value>0x5523</value>
         <object_component_ref idref="oc-70"/>
      </symbol>
      <symbol id="sm-8f9">
         <name>MCLK_set</name>
         <value>0x5135</value>
         <object_component_ref idref="oc-70"/>
      </symbol>
      <symbol id="sm-8fa">
         <name>systic_init</name>
         <value>0x541f</value>
         <object_component_ref idref="oc-70"/>
      </symbol>
      <symbol id="sm-8fb">
         <name>systic_clr</name>
         <value>0x54cd</value>
         <object_component_ref idref="oc-70"/>
      </symbol>
      <symbol id="sm-8fc">
         <name>systic_delayus</name>
         <value>0x5505</value>
         <object_component_ref idref="oc-70"/>
      </symbol>
      <symbol id="sm-8fd">
         <name>CS_locked</name>
         <value>0x50b7</value>
         <object_component_ref idref="oc-70"/>
      </symbol>
      <symbol id="sm-8fe">
         <name>systic_read</name>
         <value>0x546d</value>
         <object_component_ref idref="oc-70"/>
      </symbol>
      <symbol id="sm-8ff">
         <name>systim</name>
         <value>0x20002480</value>
         <object_component_ref idref="oc-db"/>
      </symbol>
      <symbol id="sm-9bb">
         <name>EUSCIA3_IRQHandler</name>
         <value>0x42f5</value>
         <object_component_ref idref="oc-7c"/>
      </symbol>
      <symbol id="sm-9bc">
         <name>BRS</name>
         <value>0x919c</value>
         <object_component_ref idref="oc-13a"/>
      </symbol>
      <symbol id="sm-9bd">
         <name>UART_send_short</name>
         <value>0x4215</value>
         <object_component_ref idref="oc-7c"/>
      </symbol>
      <symbol id="sm-9be">
         <name>UART_CLK_sel</name>
         <value>0x3c59</value>
         <object_component_ref idref="oc-7c"/>
      </symbol>
      <symbol id="sm-9bf">
         <name>UART_send_string</name>
         <value>0x41d9</value>
         <object_component_ref idref="oc-7c"/>
      </symbol>
      <symbol id="sm-9c0">
         <name>UART_send_int</name>
         <value>0x4271</value>
         <object_component_ref idref="oc-7c"/>
      </symbol>
      <symbol id="sm-9c1">
         <name>EUSCIA1_IRQHandler</name>
         <value>0x42c5</value>
         <object_component_ref idref="oc-7c"/>
      </symbol>
      <symbol id="sm-9c2">
         <name>UART_recv_Byte</name>
         <value>0x4185</value>
         <object_component_ref idref="oc-7c"/>
      </symbol>
      <symbol id="sm-9c3">
         <name>UART_Baunds_set</name>
         <value>0x3e71</value>
         <object_component_ref idref="oc-7c"/>
      </symbol>
      <symbol id="sm-9c4">
         <name>UART2_RXDat</name>
         <value>0x20002485</value>
         <object_component_ref idref="oc-134"/>
      </symbol>
      <symbol id="sm-9c5">
         <name>FP_N</name>
         <value>0x90ac</value>
         <object_component_ref idref="oc-137"/>
      </symbol>
      <symbol id="sm-9c6">
         <name>EUSCIA2_IRQHandler</name>
         <value>0x42d9</value>
         <object_component_ref idref="oc-7c"/>
      </symbol>
      <symbol id="sm-9c7">
         <name>BRCLK</name>
         <value>0x20002488</value>
         <object_component_ref idref="oc-134"/>
      </symbol>
      <symbol id="sm-9c8">
         <name>UART_send_Byte</name>
         <value>0x4111</value>
         <object_component_ref idref="oc-7c"/>
      </symbol>
      <symbol id="sm-9c9">
         <name>UART_IRQRX_set</name>
         <value>0x3b5d</value>
         <object_component_ref idref="oc-7c"/>
      </symbol>
      <symbol id="sm-9ca">
         <name>UART3_RXDat</name>
         <value>0x20002484</value>
         <object_component_ref idref="oc-134"/>
      </symbol>
      <symbol id="sm-9cb">
         <name>UART_init</name>
         <value>0x40a5</value>
         <object_component_ref idref="oc-7c"/>
      </symbol>
      <symbol id="sm-9cc">
         <name>EUSCIA0_IRQHandler</name>
         <value>0x42ad</value>
         <object_component_ref idref="oc-7c"/>
      </symbol>
      <symbol id="sm-9cd">
         <name>UART_PIN_sel</name>
         <value>0x3c05</value>
         <object_component_ref idref="oc-7c"/>
      </symbol>
      <symbol id="sm-9ce">
         <name>UART0_RXDat</name>
         <value>0x20002486</value>
         <object_component_ref idref="oc-134"/>
      </symbol>
      <symbol id="sm-9cf">
         <name>UART_BRS_val</name>
         <value>0x3d51</value>
         <object_component_ref idref="oc-7c"/>
      </symbol>
      <symbol id="sm-9d0">
         <name>UART_USIC_init</name>
         <value>0x3bb1</value>
         <object_component_ref idref="oc-7c"/>
      </symbol>
      <symbol id="sm-9d1">
         <name>UART_IRQ_set</name>
         <value>0x3ae1</value>
         <object_component_ref idref="oc-7c"/>
      </symbol>
      <symbol id="sm-a11">
         <name>sprintf</name>
         <value>0x83d5</value>
         <object_component_ref idref="oc-1d1"/>
      </symbol>
      <symbol id="sm-a28">
         <name>__aeabi_dsub</name>
         <value>0x6fd1</value>
         <object_component_ref idref="oc-12f"/>
      </symbol>
      <symbol id="sm-a29">
         <name>__aeabi_dadd</name>
         <value>0x6fdb</value>
         <object_component_ref idref="oc-12f"/>
      </symbol>
      <symbol id="sm-a4b">
         <name>__aeabi_cdcmpeq</name>
         <value>0x7e79</value>
         <object_component_ref idref="oc-385"/>
      </symbol>
      <symbol id="sm-a4c">
         <name>__aeabi_cdcmple</name>
         <value>0x7e79</value>
         <object_component_ref idref="oc-385"/>
      </symbol>
      <symbol id="sm-a4d">
         <name>__aeabi_cdrcmple</name>
         <value>0x7eff</value>
         <object_component_ref idref="oc-3f4"/>
      </symbol>
      <symbol id="sm-a61">
         <name>__aeabi_ddiv</name>
         <value>0x75e5</value>
         <object_component_ref idref="oc-d0"/>
      </symbol>
      <symbol id="sm-a6c">
         <name>__aeabi_dmul</name>
         <value>0x7951</value>
         <object_component_ref idref="oc-26d"/>
      </symbol>
      <symbol id="sm-a76">
         <name>__aeabi_d2iz</name>
         <value>0x8349</value>
         <object_component_ref idref="oc-d5"/>
      </symbol>
      <symbol id="sm-a82">
         <name>__aeabi_d2f</name>
         <value>0x806d</value>
         <object_component_ref idref="oc-268"/>
      </symbol>
      <symbol id="sm-a8d">
         <name>__aeabi_f2d</name>
         <value>0x8453</value>
         <object_component_ref idref="oc-12a"/>
      </symbol>
      <symbol id="sm-a97">
         <name>__aeabi_i2d</name>
         <value>0x84c1</value>
         <object_component_ref idref="oc-3ef"/>
      </symbol>
      <symbol id="sm-ab2">
         <name>memcpy</name>
         <value>0x7cbb</value>
         <object_component_ref idref="oc-3a"/>
      </symbol>
      <symbol id="sm-ab3">
         <name>__aeabi_memcpy</name>
         <value>0x7cbb</value>
         <object_component_ref idref="oc-3a"/>
      </symbol>
      <symbol id="sm-ab4">
         <name>__aeabi_memcpy8</name>
         <value>0x7cbb</value>
         <object_component_ref idref="oc-3a"/>
      </symbol>
      <symbol id="sm-ab5">
         <name>__aeabi_memcpy4</name>
         <value>0x7cbb</value>
         <object_component_ref idref="oc-3a"/>
      </symbol>
      <symbol id="sm-abf">
         <name>__aeabi_ui2d</name>
         <value>0x8515</value>
         <object_component_ref idref="oc-cb"/>
      </symbol>
      <symbol id="sm-ace">
         <name>__aeabi_memset</name>
         <value>0x7f87</value>
         <object_component_ref idref="oc-a6"/>
      </symbol>
      <symbol id="sm-acf">
         <name>memset</name>
         <value>0x7f8d</value>
         <object_component_ref idref="oc-a6"/>
      </symbol>
      <symbol id="sm-ad0">
         <name>__aeabi_memset8</name>
         <value>0x7f87</value>
         <object_component_ref idref="oc-a6"/>
      </symbol>
      <symbol id="sm-ad1">
         <name>__aeabi_memset4</name>
         <value>0x7f87</value>
         <object_component_ref idref="oc-a6"/>
      </symbol>
      <symbol id="sm-ad2">
         <name>__aeabi_memclr8</name>
         <value>0x7f85</value>
         <object_component_ref idref="oc-a6"/>
      </symbol>
      <symbol id="sm-ad3">
         <name>__aeabi_memclr4</name>
         <value>0x7f85</value>
         <object_component_ref idref="oc-a6"/>
      </symbol>
      <symbol id="sm-ad4">
         <name>__aeabi_memclr</name>
         <value>0x7f85</value>
         <object_component_ref idref="oc-a6"/>
      </symbol>
      <symbol id="sm-aed">
         <name>__TI_zero_init_nomemset</name>
         <value>0x8535</value>
         <object_component_ref idref="oc-46"/>
      </symbol>
      <symbol id="sm-b04">
         <name>__TI_decompress_none</name>
         <value>0x85db</value>
         <object_component_ref idref="oc-1d"/>
      </symbol>
      <symbol id="sm-b27">
         <name>__TI_decompress_lzss</name>
         <value>0x80db</value>
         <object_component_ref idref="oc-17"/>
      </symbol>
      <symbol id="sm-b3c">
         <name>_sys_memory</name>
         <value>0x200024c8</value>
         <object_component_ref idref="oc-29"/>
      </symbol>
      <symbol id="sm-b4f">
         <name>__stack</name>
         <value>0x2000fe00</value>
         <object_component_ref idref="oc-2c"/>
      </symbol>
      <symbol id="sm-b50">
         <name>_c_int00_noargs</name>
         <value>0x848d</value>
         <object_component_ref idref="oc-58"/>
      </symbol>
      <symbol id="sm-b66">
         <name>__aeabi_errno_addr</name>
         <value>0x8601</value>
         <object_component_ref idref="oc-3ae"/>
      </symbol>
      <symbol id="sm-b67">
         <name>errno</name>
         <value>0x200024b0</value>
         <object_component_ref idref="oc-457"/>
      </symbol>
      <symbol id="sm-ccc">
         <name>__TI_printfi</name>
         <value>0x27a1</value>
         <object_component_ref idref="oc-315"/>
      </symbol>
      <symbol id="sm-cd9">
         <name>__aeabi_uldivmod</name>
         <value>0x7d57</value>
         <object_component_ref idref="oc-413"/>
      </symbol>
      <symbol id="sm-d01">
         <name>__TI_auto_init_nobinit_nopinit</name>
         <value>0x8391</value>
         <object_component_ref idref="oc-1e5"/>
      </symbol>
      <symbol id="sm-d0b">
         <name>_system_pre_init</name>
         <value>0x8609</value>
         <object_component_ref idref="oc-ac"/>
      </symbol>
      <symbol id="sm-d17">
         <name>C$$EXIT</name>
         <value>0x860d</value>
         <object_component_ref idref="oc-1d9"/>
      </symbol>
      <symbol id="sm-d18">
         <name>abort</name>
         <value>0x860d</value>
         <object_component_ref idref="oc-1d9"/>
      </symbol>
      <symbol id="sm-d28">
         <name>__TI_ltoa</name>
         <value>0x8257</value>
         <object_component_ref idref="oc-41a"/>
      </symbol>
      <symbol id="sm-d3f">
         <name>atoi</name>
         <value>0x82fd</value>
         <object_component_ref idref="oc-379"/>
      </symbol>
      <symbol id="sm-d4a">
         <name>_ctypes_</name>
         <value>0x8fa8</value>
         <object_component_ref idref="oc-40e"/>
      </symbol>
      <symbol id="sm-d5a">
         <name>memccpy</name>
         <value>0x8551</value>
         <object_component_ref idref="oc-3a2"/>
      </symbol>
      <symbol id="sm-d6a">
         <name>strchr</name>
         <value>0x859f</value>
         <object_component_ref idref="oc-447"/>
      </symbol>
      <symbol id="sm-d78">
         <name>strlen</name>
         <value>0x85b5</value>
         <object_component_ref idref="oc-373"/>
      </symbol>
      <symbol id="sm-d91">
         <name>wcslen</name>
         <value>0x85c9</value>
         <object_component_ref idref="oc-3a8"/>
      </symbol>
      <symbol id="sm-da7">
         <name>frexpl</name>
         <value>0x8145</value>
         <object_component_ref idref="oc-43b"/>
      </symbol>
      <symbol id="sm-da8">
         <name>frexp</name>
         <value>0x8145</value>
         <object_component_ref idref="oc-43b"/>
      </symbol>
      <symbol id="sm-dc5">
         <name>scalbn</name>
         <value>0x7841</value>
         <object_component_ref idref="oc-441"/>
      </symbol>
      <symbol id="sm-dc6">
         <name>scalbnl</name>
         <value>0x7841</value>
         <object_component_ref idref="oc-441"/>
      </symbol>
      <symbol id="sm-dc7">
         <name>ldexpl</name>
         <value>0x7841</value>
         <object_component_ref idref="oc-441"/>
      </symbol>
      <symbol id="sm-dc8">
         <name>ldexp</name>
         <value>0x7841</value>
         <object_component_ref idref="oc-441"/>
      </symbol>
      <symbol id="sm-dd2">
         <name>__aeabi_idiv0</name>
         <value>0x31ef</value>
         <object_component_ref idref="oc-498"/>
      </symbol>
      <symbol id="sm-dd3">
         <name>__aeabi_ldiv0</name>
         <value>0x31ef</value>
         <object_component_ref idref="oc-498"/>
      </symbol>
      <symbol id="sm-ddd">
         <name>copysign</name>
         <value>0x856d</value>
         <object_component_ref idref="oc-4ab"/>
      </symbol>
      <symbol id="sm-dde">
         <name>copysignl</name>
         <value>0x856d</value>
         <object_component_ref idref="oc-4ab"/>
      </symbol>
      <symbol id="sm-e0a">
         <name>Interrupt_setPriority</name>
         <value>0x84f1</value>
         <object_component_ref idref="oc-350"/>
      </symbol>
      <symbol id="sm-e11">
         <name>__TI_static_base__</name>
         <value>0x0</value>
      </symbol>
      <symbol id="sm-e14">
         <name>__mpu_init</name>
         <value>0x0</value>
      </symbol>
      <symbol id="sm-e15">
         <name>_system_post_cinit</name>
         <value>0x0</value>
      </symbol>
      <symbol id="sm-e16">
         <name>NMI_Handler</name>
         <value>0x85f5</value>
      </symbol>
      <symbol id="sm-e17">
         <name>HardFault_Handler</name>
         <value>0x85f5</value>
      </symbol>
      <symbol id="sm-e18">
         <name>MemManage_Handler</name>
         <value>0x85f5</value>
      </symbol>
      <symbol id="sm-e19">
         <name>BusFault_Handler</name>
         <value>0x85f5</value>
      </symbol>
      <symbol id="sm-e1a">
         <name>UsageFault_Handler</name>
         <value>0x85f5</value>
      </symbol>
      <symbol id="sm-e1b">
         <name>SVC_Handler</name>
         <value>0x85f5</value>
      </symbol>
      <symbol id="sm-e1c">
         <name>DebugMon_Handler</name>
         <value>0x85f5</value>
      </symbol>
      <symbol id="sm-e1d">
         <name>PendSV_Handler</name>
         <value>0x85f5</value>
      </symbol>
      <symbol id="sm-e1e">
         <name>SysTick_Handler</name>
         <value>0x54fb</value>
      </symbol>
      <symbol id="sm-e1f">
         <name>PSS_IRQHandler</name>
         <value>0x85f5</value>
      </symbol>
      <symbol id="sm-e20">
         <name>CS_IRQHandler</name>
         <value>0x85f5</value>
      </symbol>
      <symbol id="sm-e21">
         <name>PCM_IRQHandler</name>
         <value>0x85f5</value>
      </symbol>
      <symbol id="sm-e22">
         <name>WDT_A_IRQHandler</name>
         <value>0x85f5</value>
      </symbol>
      <symbol id="sm-e23">
         <name>FPU_IRQHandler</name>
         <value>0x85f5</value>
      </symbol>
      <symbol id="sm-e24">
         <name>FLCTL_IRQHandler</name>
         <value>0x85f5</value>
      </symbol>
      <symbol id="sm-e25">
         <name>COMP_E0_IRQHandler</name>
         <value>0x85f5</value>
      </symbol>
      <symbol id="sm-e26">
         <name>COMP_E1_IRQHandler</name>
         <value>0x85f5</value>
      </symbol>
      <symbol id="sm-e27">
         <name>TA0_0_IRQHandler</name>
         <value>0x4801</value>
      </symbol>
      <symbol id="sm-e28">
         <name>TA0_N_IRQHandler</name>
         <value>0x48f7</value>
      </symbol>
      <symbol id="sm-e29">
         <name>TA1_0_IRQHandler</name>
         <value>0x4817</value>
      </symbol>
      <symbol id="sm-e2a">
         <name>TA1_N_IRQHandler</name>
         <value>0x48f9</value>
      </symbol>
      <symbol id="sm-e2b">
         <name>TA2_0_IRQHandler</name>
         <value>0x4823</value>
      </symbol>
      <symbol id="sm-e2c">
         <name>TA2_N_IRQHandler</name>
         <value>0x48fb</value>
      </symbol>
      <symbol id="sm-e2d">
         <name>TA3_0_IRQHandler</name>
         <value>0x4845</value>
      </symbol>
      <symbol id="sm-e2e">
         <name>TA3_N_IRQHandler</name>
         <value>0x4915</value>
      </symbol>
      <symbol id="sm-e2f">
         <name>EUSCIA0_IRQHandler</name>
         <value>0x42ad</value>
      </symbol>
      <symbol id="sm-e30">
         <name>EUSCIA1_IRQHandler</name>
         <value>0x42c5</value>
      </symbol>
      <symbol id="sm-e31">
         <name>EUSCIA2_IRQHandler</name>
         <value>0x42d9</value>
      </symbol>
      <symbol id="sm-e32">
         <name>EUSCIA3_IRQHandler</name>
         <value>0x42f5</value>
      </symbol>
      <symbol id="sm-e33">
         <name>EUSCIB0_IRQHandler</name>
         <value>0x85f5</value>
      </symbol>
      <symbol id="sm-e34">
         <name>EUSCIB1_IRQHandler</name>
         <value>0x85f5</value>
      </symbol>
      <symbol id="sm-e35">
         <name>EUSCIB2_IRQHandler</name>
         <value>0x85f5</value>
      </symbol>
      <symbol id="sm-e36">
         <name>EUSCIB3_IRQHandler</name>
         <value>0x85f5</value>
      </symbol>
      <symbol id="sm-e37">
         <name>ADC14_IRQHandler</name>
         <value>0x3a55</value>
      </symbol>
      <symbol id="sm-e38">
         <name>T32_INT1_IRQHandler</name>
         <value>0x85f5</value>
      </symbol>
      <symbol id="sm-e39">
         <name>T32_INT2_IRQHandler</name>
         <value>0x85f5</value>
      </symbol>
      <symbol id="sm-e3a">
         <name>T32_INTC_IRQHandler</name>
         <value>0x85f5</value>
      </symbol>
      <symbol id="sm-e3b">
         <name>AES256_IRQHandler</name>
         <value>0x85f5</value>
      </symbol>
      <symbol id="sm-e3c">
         <name>RTC_C_IRQHandler</name>
         <value>0x85f5</value>
      </symbol>
      <symbol id="sm-e3d">
         <name>DMA_ERR_IRQHandler</name>
         <value>0x85f5</value>
      </symbol>
      <symbol id="sm-e3e">
         <name>DMA_INT3_IRQHandler</name>
         <value>0x85f5</value>
      </symbol>
      <symbol id="sm-e3f">
         <name>DMA_INT2_IRQHandler</name>
         <value>0x85f5</value>
      </symbol>
      <symbol id="sm-e40">
         <name>DMA_INT1_IRQHandler</name>
         <value>0x85f5</value>
      </symbol>
      <symbol id="sm-e41">
         <name>DMA_INT0_IRQHandler</name>
         <value>0x85f5</value>
      </symbol>
      <symbol id="sm-e42">
         <name>PORT1_IRQHandler</name>
         <value>0x4345</value>
      </symbol>
      <symbol id="sm-e43">
         <name>PORT2_IRQHandler</name>
         <value>0x43ef</value>
      </symbol>
      <symbol id="sm-e44">
         <name>PORT3_IRQHandler</name>
         <value>0x44bb</value>
      </symbol>
      <symbol id="sm-e45">
         <name>PORT4_IRQHandler</name>
         <value>0x4573</value>
      </symbol>
      <symbol id="sm-e46">
         <name>PORT5_IRQHandler</name>
         <value>0x4651</value>
      </symbol>
      <symbol id="sm-e47">
         <name>PORT6_IRQHandler</name>
         <value>0x4725</value>
      </symbol>
   </symbol_table>
   <title>Link successful</title>
</link_info>
