<?xml version="1.0" encoding="ISO-8859-1" ?>
<link_info>
   <banner>TI ARM Linker PC v20.2.7.LTS</banner>
   <copyright>Copyright (c) 1996-2018 Texas Instruments Incorporated</copyright>
   <link_time>0x64c7ed30</link_time>
   <link_errors>0x0</link_errors>
   <output_file>03BoyLuc_key.out</output_file>
   <entry_point>
      <name>_c_int00_noargs</name>
      <address>0x8541</address>
   </entry_point>
   <input_file_list>
      <input_file id="fl-2">
         <path>.\</path>
         <kind>object</kind>
         <file>main.obj</file>
         <name>main.obj</name>
      </input_file>
      <input_file id="fl-3">
         <path>.\</path>
         <kind>object</kind>
         <file>startup_msp432p401r_ccs.obj</file>
         <name>startup_msp432p401r_ccs.obj</name>
      </input_file>
      <input_file id="fl-4">
         <path>.\</path>
         <kind>object</kind>
         <file>system_msp432p401r.obj</file>
         <name>system_msp432p401r.obj</name>
      </input_file>
      <input_file id="fl-5">
         <path>.\boylibs\</path>
         <kind>object</kind>
         <file>boyGrayscale.obj</file>
         <name>boyGrayscale.obj</name>
      </input_file>
      <input_file id="fl-6">
         <path>.\boylibs\</path>
         <kind>object</kind>
         <file>boybluetooth.obj</file>
         <name>boybluetooth.obj</name>
      </input_file>
      <input_file id="fl-7">
         <path>.\boylibs\</path>
         <kind>object</kind>
         <file>boycamera.obj</file>
         <name>boycamera.obj</name>
      </input_file>
      <input_file id="fl-8">
         <path>.\boylibs\</path>
         <kind>object</kind>
         <file>boyencoder.obj</file>
         <name>boyencoder.obj</name>
      </input_file>
      <input_file id="fl-9">
         <path>.\boylibs\</path>
         <kind>object</kind>
         <file>boykey.obj</file>
         <name>boykey.obj</name>
      </input_file>
      <input_file id="fl-a">
         <path>.\boylibs\</path>
         <kind>object</kind>
         <file>boyled.obj</file>
         <name>boyled.obj</name>
      </input_file>
      <input_file id="fl-b">
         <path>.\boylibs\</path>
         <kind>object</kind>
         <file>boymotor.obj</file>
         <name>boymotor.obj</name>
      </input_file>
      <input_file id="fl-c">
         <path>.\boylibs\</path>
         <kind>object</kind>
         <file>boypid.obj</file>
         <name>boypid.obj</name>
      </input_file>
      <input_file id="fl-d">
         <path>.\boylibs\</path>
         <kind>object</kind>
         <file>boysteer.obj</file>
         <name>boysteer.obj</name>
      </input_file>
      <input_file id="fl-e">
         <path>.\boylibs\</path>
         <kind>object</kind>
         <file>boyultrasonic.obj</file>
         <name>boyultrasonic.obj</name>
      </input_file>
      <input_file id="fl-f">
         <path>.\exinlibs\</path>
         <kind>object</kind>
         <file>ADS1292.obj</file>
         <name>ADS1292.obj</name>
      </input_file>
      <input_file id="fl-10">
         <path>.\exinlibs\</path>
         <kind>object</kind>
         <file>ADS_RCV.obj</file>
         <name>ADS_RCV.obj</name>
      </input_file>
      <input_file id="fl-11">
         <path>.\exinlibs\</path>
         <kind>object</kind>
         <file>LMT70RD.obj</file>
         <name>LMT70RD.obj</name>
      </input_file>
      <input_file id="fl-12">
         <path>.\exinlibs\</path>
         <kind>object</kind>
         <file>OV_RCV.obj</file>
         <name>OV_RCV.obj</name>
      </input_file>
      <input_file id="fl-13">
         <path>.\exinlibs\</path>
         <kind>object</kind>
         <file>Oscill_OLED.obj</file>
         <name>Oscill_OLED.obj</name>
      </input_file>
      <input_file id="fl-14">
         <path>.\exinlibs\</path>
         <kind>object</kind>
         <file>exinADC.obj</file>
         <name>exinADC.obj</name>
      </input_file>
      <input_file id="fl-15">
         <path>.\exinlibs\</path>
         <kind>object</kind>
         <file>exinADC0832.obj</file>
         <name>exinADC0832.obj</name>
      </input_file>
      <input_file id="fl-16">
         <path>.\exinlibs\</path>
         <kind>object</kind>
         <file>exinHC_SR04.obj</file>
         <name>exinHC_SR04.obj</name>
      </input_file>
      <input_file id="fl-17">
         <path>.\exinlibs\</path>
         <kind>object</kind>
         <file>exinIIC.obj</file>
         <name>exinIIC.obj</name>
      </input_file>
      <input_file id="fl-18">
         <path>.\exinlibs\</path>
         <kind>object</kind>
         <file>exinMPU6050.obj</file>
         <name>exinMPU6050.obj</name>
      </input_file>
      <input_file id="fl-19">
         <path>.\exinlibs\</path>
         <kind>object</kind>
         <file>exinTimerA.obj</file>
         <name>exinTimerA.obj</name>
      </input_file>
      <input_file id="fl-1a">
         <path>.\exinlibs\</path>
         <kind>object</kind>
         <file>exinTimerAINT.obj</file>
         <name>exinTimerAINT.obj</name>
      </input_file>
      <input_file id="fl-1b">
         <path>.\exinlibs\</path>
         <kind>object</kind>
         <file>exin_library_map_guide.obj</file>
         <name>exin_library_map_guide.obj</name>
      </input_file>
      <input_file id="fl-1c">
         <path>.\exinlibs\</path>
         <kind>object</kind>
         <file>exinadjust.obj</file>
         <name>exinadjust.obj</name>
      </input_file>
      <input_file id="fl-1d">
         <path>.\exinlibs\</path>
         <kind>object</kind>
         <file>exineeprom.obj</file>
         <name>exineeprom.obj</name>
      </input_file>
      <input_file id="fl-1e">
         <path>.\exinlibs\</path>
         <kind>object</kind>
         <file>exinencoder.obj</file>
         <name>exinencoder.obj</name>
      </input_file>
      <input_file id="fl-1f">
         <path>.\exinlibs\</path>
         <kind>object</kind>
         <file>exingpio.obj</file>
         <name>exingpio.obj</name>
      </input_file>
      <input_file id="fl-20">
         <path>.\exinlibs\</path>
         <kind>object</kind>
         <file>exinisr.obj</file>
         <name>exinisr.obj</name>
      </input_file>
      <input_file id="fl-21">
         <path>.\exinlibs\</path>
         <kind>object</kind>
         <file>exinkey.obj</file>
         <name>exinkey.obj</name>
      </input_file>
      <input_file id="fl-22">
         <path>.\exinlibs\</path>
         <kind>object</kind>
         <file>exinmotor.obj</file>
         <name>exinmotor.obj</name>
      </input_file>
      <input_file id="fl-23">
         <path>.\exinlibs\</path>
         <kind>object</kind>
         <file>exinoled.obj</file>
         <name>exinoled.obj</name>
      </input_file>
      <input_file id="fl-24">
         <path>.\exinlibs\</path>
         <kind>object</kind>
         <file>exinpwm.obj</file>
         <name>exinpwm.obj</name>
      </input_file>
      <input_file id="fl-25">
         <path>.\exinlibs\</path>
         <kind>object</kind>
         <file>exinsteer.obj</file>
         <name>exinsteer.obj</name>
      </input_file>
      <input_file id="fl-26">
         <path>.\exinlibs\</path>
         <kind>object</kind>
         <file>exinsystem.obj</file>
         <name>exinsystem.obj</name>
      </input_file>
      <input_file id="fl-27">
         <path>.\exinlibs\</path>
         <kind>object</kind>
         <file>exinuart.obj</file>
         <name>exinuart.obj</name>
      </input_file>
      <input_file id="fl-28">
         <path>.\exinlibs\</path>
         <kind>object</kind>
         <file>serial.obj</file>
         <name>serial.obj</name>
      </input_file>
      <input_file id="fl-2d">
         <kind>object</kind>
         <file>&lt;internal&gt;</file>
         <name>&lt;internal&gt;</name>
      </input_file>
      <input_file id="fl-e3">
         <path>D:\Software_installation\CCSIDE\ti\ccs1230\ccs\tools\compiler\ti-cgt-arm_20.2.7.LTS\lib\</path>
         <kind>archive</kind>
         <file>rtsv7M4_T_le_v4SPD16_eabi.lib</file>
         <name>e_sqrt.c.obj</name>
      </input_file>
      <input_file id="fl-e4">
         <path>D:\Software_installation\CCSIDE\ti\ccs1230\ccs\tools\compiler\ti-cgt-arm_20.2.7.LTS\lib\</path>
         <kind>archive</kind>
         <file>rtsv7M4_T_le_v4SPD16_eabi.lib</file>
         <name>s_atan.c.obj</name>
      </input_file>
      <input_file id="fl-e5">
         <path>D:\Software_installation\CCSIDE\ti\ccs1230\ccs\tools\compiler\ti-cgt-arm_20.2.7.LTS\lib\</path>
         <kind>archive</kind>
         <file>rtsv7M4_T_le_v4SPD16_eabi.lib</file>
         <name>sprintf.c.obj</name>
      </input_file>
      <input_file id="fl-e6">
         <path>D:\Software_installation\CCSIDE\ti\ccs1230\ccs\tools\compiler\ti-cgt-arm_20.2.7.LTS\lib\</path>
         <kind>archive</kind>
         <file>rtsv7M4_T_le_v4SPD16_eabi.lib</file>
         <name>fd_add_t2.asm.obj</name>
      </input_file>
      <input_file id="fl-e7">
         <path>D:\Software_installation\CCSIDE\ti\ccs1230\ccs\tools\compiler\ti-cgt-arm_20.2.7.LTS\lib\</path>
         <kind>archive</kind>
         <file>rtsv7M4_T_le_v4SPD16_eabi.lib</file>
         <name>fd_cmp_t2.asm.obj</name>
      </input_file>
      <input_file id="fl-e8">
         <path>D:\Software_installation\CCSIDE\ti\ccs1230\ccs\tools\compiler\ti-cgt-arm_20.2.7.LTS\lib\</path>
         <kind>archive</kind>
         <file>rtsv7M4_T_le_v4SPD16_eabi.lib</file>
         <name>fd_div_t2.asm.obj</name>
      </input_file>
      <input_file id="fl-e9">
         <path>D:\Software_installation\CCSIDE\ti\ccs1230\ccs\tools\compiler\ti-cgt-arm_20.2.7.LTS\lib\</path>
         <kind>archive</kind>
         <file>rtsv7M4_T_le_v4SPD16_eabi.lib</file>
         <name>fd_mul_t2.asm.obj</name>
      </input_file>
      <input_file id="fl-ea">
         <path>D:\Software_installation\CCSIDE\ti\ccs1230\ccs\tools\compiler\ti-cgt-arm_20.2.7.LTS\lib\</path>
         <kind>archive</kind>
         <file>rtsv7M4_T_le_v4SPD16_eabi.lib</file>
         <name>fd_toi_t2.asm.obj</name>
      </input_file>
      <input_file id="fl-eb">
         <path>D:\Software_installation\CCSIDE\ti\ccs1230\ccs\tools\compiler\ti-cgt-arm_20.2.7.LTS\lib\</path>
         <kind>archive</kind>
         <file>rtsv7M4_T_le_v4SPD16_eabi.lib</file>
         <name>fd_tos_t2.asm.obj</name>
      </input_file>
      <input_file id="fl-ec">
         <path>D:\Software_installation\CCSIDE\ti\ccs1230\ccs\tools\compiler\ti-cgt-arm_20.2.7.LTS\lib\</path>
         <kind>archive</kind>
         <file>rtsv7M4_T_le_v4SPD16_eabi.lib</file>
         <name>fs_tod_t2.asm.obj</name>
      </input_file>
      <input_file id="fl-ed">
         <path>D:\Software_installation\CCSIDE\ti\ccs1230\ccs\tools\compiler\ti-cgt-arm_20.2.7.LTS\lib\</path>
         <kind>archive</kind>
         <file>rtsv7M4_T_le_v4SPD16_eabi.lib</file>
         <name>i_tofd_t2.asm.obj</name>
      </input_file>
      <input_file id="fl-ee">
         <path>D:\Software_installation\CCSIDE\ti\ccs1230\ccs\tools\compiler\ti-cgt-arm_20.2.7.LTS\lib\</path>
         <kind>archive</kind>
         <file>rtsv7M4_T_le_v4SPD16_eabi.lib</file>
         <name>memcpy_t2.asm.obj</name>
      </input_file>
      <input_file id="fl-ef">
         <path>D:\Software_installation\CCSIDE\ti\ccs1230\ccs\tools\compiler\ti-cgt-arm_20.2.7.LTS\lib\</path>
         <kind>archive</kind>
         <file>rtsv7M4_T_le_v4SPD16_eabi.lib</file>
         <name>u_tofd_t2.asm.obj</name>
      </input_file>
      <input_file id="fl-f0">
         <path>D:\Software_installation\CCSIDE\ti\ccs1230\ccs\tools\compiler\ti-cgt-arm_20.2.7.LTS\lib\</path>
         <kind>archive</kind>
         <file>rtsv7M4_T_le_v4SPD16_eabi.lib</file>
         <name>memset_t2.asm.obj</name>
      </input_file>
      <input_file id="fl-f1">
         <path>D:\Software_installation\CCSIDE\ti\ccs1230\ccs\tools\compiler\ti-cgt-arm_20.2.7.LTS\lib\</path>
         <kind>archive</kind>
         <file>rtsv7M4_T_le_v4SPD16_eabi.lib</file>
         <name>copy_zero_init.c.obj</name>
      </input_file>
      <input_file id="fl-f2">
         <path>D:\Software_installation\CCSIDE\ti\ccs1230\ccs\tools\compiler\ti-cgt-arm_20.2.7.LTS\lib\</path>
         <kind>archive</kind>
         <file>rtsv7M4_T_le_v4SPD16_eabi.lib</file>
         <name>copy_decompress_none.c.obj</name>
      </input_file>
      <input_file id="fl-f3">
         <path>D:\Software_installation\CCSIDE\ti\ccs1230\ccs\tools\compiler\ti-cgt-arm_20.2.7.LTS\lib\</path>
         <kind>archive</kind>
         <file>rtsv7M4_T_le_v4SPD16_eabi.lib</file>
         <name>copy_decompress_lzss.c.obj</name>
      </input_file>
      <input_file id="fl-f4">
         <path>D:\Software_installation\CCSIDE\ti\ccs1230\ccs\tools\compiler\ti-cgt-arm_20.2.7.LTS\lib\</path>
         <kind>archive</kind>
         <file>rtsv7M4_T_le_v4SPD16_eabi.lib</file>
         <name>memory.c.obj</name>
      </input_file>
      <input_file id="fl-f5">
         <path>D:\Software_installation\CCSIDE\ti\ccs1230\ccs\tools\compiler\ti-cgt-arm_20.2.7.LTS\lib\</path>
         <kind>archive</kind>
         <file>rtsv7M4_T_le_v4SPD16_eabi.lib</file>
         <name>boot_cortex_m.c.obj</name>
      </input_file>
      <input_file id="fl-f6">
         <path>D:\Software_installation\CCSIDE\ti\ccs1230\ccs\tools\compiler\ti-cgt-arm_20.2.7.LTS\lib\</path>
         <kind>archive</kind>
         <file>rtsv7M4_T_le_v4SPD16_eabi.lib</file>
         <name>errno.c.obj</name>
      </input_file>
      <input_file id="fl-f7">
         <path>D:\Software_installation\CCSIDE\ti\ccs1230\ccs\tools\compiler\ti-cgt-arm_20.2.7.LTS\lib\</path>
         <kind>archive</kind>
         <file>rtsv7M4_T_le_v4SPD16_eabi.lib</file>
         <name>_printfi.c.obj</name>
      </input_file>
      <input_file id="fl-f8">
         <path>D:\Software_installation\CCSIDE\ti\ccs1230\ccs\tools\compiler\ti-cgt-arm_20.2.7.LTS\lib\</path>
         <kind>archive</kind>
         <file>rtsv7M4_T_le_v4SPD16_eabi.lib</file>
         <name>ull_div_t2.asm.obj</name>
      </input_file>
      <input_file id="fl-f9">
         <path>D:\Software_installation\CCSIDE\ti\ccs1230\ccs\tools\compiler\ti-cgt-arm_20.2.7.LTS\lib\</path>
         <kind>archive</kind>
         <file>rtsv7M4_T_le_v4SPD16_eabi.lib</file>
         <name>autoinit.c.obj</name>
      </input_file>
      <input_file id="fl-fa">
         <path>D:\Software_installation\CCSIDE\ti\ccs1230\ccs\tools\compiler\ti-cgt-arm_20.2.7.LTS\lib\</path>
         <kind>archive</kind>
         <file>rtsv7M4_T_le_v4SPD16_eabi.lib</file>
         <name>pre_init.c.obj</name>
      </input_file>
      <input_file id="fl-fb">
         <path>D:\Software_installation\CCSIDE\ti\ccs1230\ccs\tools\compiler\ti-cgt-arm_20.2.7.LTS\lib\</path>
         <kind>archive</kind>
         <file>rtsv7M4_T_le_v4SPD16_eabi.lib</file>
         <name>cpy_tbl.c.obj</name>
      </input_file>
      <input_file id="fl-fc">
         <path>D:\Software_installation\CCSIDE\ti\ccs1230\ccs\tools\compiler\ti-cgt-arm_20.2.7.LTS\lib\</path>
         <kind>archive</kind>
         <file>rtsv7M4_T_le_v4SPD16_eabi.lib</file>
         <name>exit.c.obj</name>
      </input_file>
      <input_file id="fl-fd">
         <path>D:\Software_installation\CCSIDE\ti\ccs1230\ccs\tools\compiler\ti-cgt-arm_20.2.7.LTS\lib\</path>
         <kind>archive</kind>
         <file>rtsv7M4_T_le_v4SPD16_eabi.lib</file>
         <name>_lock.c.obj</name>
      </input_file>
      <input_file id="fl-fe">
         <path>D:\Software_installation\CCSIDE\ti\ccs1230\ccs\tools\compiler\ti-cgt-arm_20.2.7.LTS\lib\</path>
         <kind>archive</kind>
         <file>rtsv7M4_T_le_v4SPD16_eabi.lib</file>
         <name>_ltoa.c.obj</name>
      </input_file>
      <input_file id="fl-ff">
         <path>D:\Software_installation\CCSIDE\ti\ccs1230\ccs\tools\compiler\ti-cgt-arm_20.2.7.LTS\lib\</path>
         <kind>archive</kind>
         <file>rtsv7M4_T_le_v4SPD16_eabi.lib</file>
         <name>args_main.c.obj</name>
      </input_file>
      <input_file id="fl-100">
         <path>D:\Software_installation\CCSIDE\ti\ccs1230\ccs\tools\compiler\ti-cgt-arm_20.2.7.LTS\lib\</path>
         <kind>archive</kind>
         <file>rtsv7M4_T_le_v4SPD16_eabi.lib</file>
         <name>atoi.c.obj</name>
      </input_file>
      <input_file id="fl-101">
         <path>D:\Software_installation\CCSIDE\ti\ccs1230\ccs\tools\compiler\ti-cgt-arm_20.2.7.LTS\lib\</path>
         <kind>archive</kind>
         <file>rtsv7M4_T_le_v4SPD16_eabi.lib</file>
         <name>ctype.c.obj</name>
      </input_file>
      <input_file id="fl-102">
         <path>D:\Software_installation\CCSIDE\ti\ccs1230\ccs\tools\compiler\ti-cgt-arm_20.2.7.LTS\lib\</path>
         <kind>archive</kind>
         <file>rtsv7M4_T_le_v4SPD16_eabi.lib</file>
         <name>memccpy.c.obj</name>
      </input_file>
      <input_file id="fl-103">
         <path>D:\Software_installation\CCSIDE\ti\ccs1230\ccs\tools\compiler\ti-cgt-arm_20.2.7.LTS\lib\</path>
         <kind>archive</kind>
         <file>rtsv7M4_T_le_v4SPD16_eabi.lib</file>
         <name>strchr.c.obj</name>
      </input_file>
      <input_file id="fl-104">
         <path>D:\Software_installation\CCSIDE\ti\ccs1230\ccs\tools\compiler\ti-cgt-arm_20.2.7.LTS\lib\</path>
         <kind>archive</kind>
         <file>rtsv7M4_T_le_v4SPD16_eabi.lib</file>
         <name>strlen.c.obj</name>
      </input_file>
      <input_file id="fl-105">
         <path>D:\Software_installation\CCSIDE\ti\ccs1230\ccs\tools\compiler\ti-cgt-arm_20.2.7.LTS\lib\</path>
         <kind>archive</kind>
         <file>rtsv7M4_T_le_v4SPD16_eabi.lib</file>
         <name>wcslen.c.obj</name>
      </input_file>
      <input_file id="fl-106">
         <path>D:\Software_installation\CCSIDE\ti\ccs1230\ccs\tools\compiler\ti-cgt-arm_20.2.7.LTS\lib\</path>
         <kind>archive</kind>
         <file>rtsv7M4_T_le_v4SPD16_eabi.lib</file>
         <name>s_frexp.c.obj</name>
      </input_file>
      <input_file id="fl-107">
         <path>D:\Software_installation\CCSIDE\ti\ccs1230\ccs\tools\compiler\ti-cgt-arm_20.2.7.LTS\lib\</path>
         <kind>archive</kind>
         <file>rtsv7M4_T_le_v4SPD16_eabi.lib</file>
         <name>s_scalbn.c.obj</name>
      </input_file>
      <input_file id="fl-108">
         <path>D:\Software_installation\CCSIDE\ti\ccs1230\ccs\tools\compiler\ti-cgt-arm_20.2.7.LTS\lib\</path>
         <kind>archive</kind>
         <file>rtsv7M4_T_le_v4SPD16_eabi.lib</file>
         <name>div0.asm.obj</name>
      </input_file>
      <input_file id="fl-109">
         <path>D:\Software_installation\CCSIDE\ti\ccs1230\ccs\tools\compiler\ti-cgt-arm_20.2.7.LTS\lib\</path>
         <kind>archive</kind>
         <file>rtsv7M4_T_le_v4SPD16_eabi.lib</file>
         <name>s_copysign.c.obj</name>
      </input_file>
      <input_file id="fl-10a">
         <path>D:\Software_installation\CCSIDE\ti\msp\MSP432Ware_3_40_00_25\driverlib\driverlib\MSP432P4xx\ccs\</path>
         <kind>archive</kind>
         <file>msp432p4xx_driverlib.lib</file>
         <name>cs.o</name>
      </input_file>
      <input_file id="fl-10b">
         <path>D:\Software_installation\CCSIDE\ti\msp\MSP432Ware_3_40_00_25\driverlib\driverlib\MSP432P4xx\ccs\</path>
         <kind>archive</kind>
         <file>msp432p4xx_driverlib.lib</file>
         <name>flash.o</name>
      </input_file>
      <input_file id="fl-10c">
         <path>D:\Software_installation\CCSIDE\ti\msp\MSP432Ware_3_40_00_25\driverlib\driverlib\MSP432P4xx\ccs\</path>
         <kind>archive</kind>
         <file>msp432p4xx_driverlib.lib</file>
         <name>gpio.o</name>
      </input_file>
      <input_file id="fl-10d">
         <path>D:\Software_installation\CCSIDE\ti\msp\MSP432Ware_3_40_00_25\driverlib\driverlib\MSP432P4xx\ccs\</path>
         <kind>archive</kind>
         <file>msp432p4xx_driverlib.lib</file>
         <name>interrupt.o</name>
      </input_file>
      <input_file id="fl-10e">
         <path>D:\Software_installation\CCSIDE\ti\msp\MSP432Ware_3_40_00_25\driverlib\driverlib\MSP432P4xx\ccs\</path>
         <kind>archive</kind>
         <file>msp432p4xx_driverlib.lib</file>
         <name>pcm.o</name>
      </input_file>
      <input_file id="fl-10f">
         <path>D:\Software_installation\CCSIDE\ti\msp\MSP432Ware_3_40_00_25\driverlib\driverlib\MSP432P4xx\ccs\</path>
         <kind>archive</kind>
         <file>msp432p4xx_driverlib.lib</file>
         <name>rtc_c.o</name>
      </input_file>
      <input_file id="fl-110">
         <path>D:\Software_installation\CCSIDE\ti\msp\MSP432Ware_3_40_00_25\driverlib\driverlib\MSP432P4xx\ccs\</path>
         <kind>archive</kind>
         <file>msp432p4xx_driverlib.lib</file>
         <name>sysctl.o</name>
      </input_file>
      <input_file id="fl-111">
         <path>D:\Software_installation\CCSIDE\ti\msp\MSP432Ware_3_40_00_25\driverlib\driverlib\MSP432P4xx\ccs\</path>
         <kind>archive</kind>
         <file>msp432p4xx_driverlib.lib</file>
         <name>uart.o</name>
      </input_file>
      <input_file id="fl-112">
         <path>D:\Software_installation\CCSIDE\ti\msp\MSP432Ware_3_40_00_25\driverlib\driverlib\MSP432P4xx\ccs\</path>
         <kind>archive</kind>
         <file>msp432p4xx_driverlib.lib</file>
         <name>wdt_a.o</name>
      </input_file>
      <input_file id="fl-113">
         <path>D:\Software_installation\CCSIDE\ti\msp\MSP432Ware_3_40_00_25\driverlib\driverlib\MSP432P4xx\ccs\</path>
         <kind>archive</kind>
         <file>msp432p4xx_driverlib.lib</file>
         <name>cpu.o</name>
      </input_file>
   </input_file_list>
   <object_component_list>
      <object_component id="oc-26">
         <name>.intvecs:retain</name>
         <load_address>0x0</load_address>
         <run_address>0x0</run_address>
         <size>0xe4</size>
         <input_file_ref idref="fl-3"/>
      </object_component>
      <object_component id="oc-33d">
         <name>.text</name>
         <load_address>0xe4</load_address>
         <run_address>0xe4</run_address>
         <size>0x1c20</size>
         <input_file_ref idref="fl-23"/>
      </object_component>
      <object_component id="oc-eb">
         <name>.text</name>
         <load_address>0x1d04</load_address>
         <run_address>0x1d04</run_address>
         <size>0xa9c</size>
         <input_file_ref idref="fl-1f"/>
      </object_component>
      <object_component id="oc-3b0">
         <name>.text:__TI_printfi</name>
         <load_address>0x27a0</load_address>
         <run_address>0x27a0</run_address>
         <size>0xa4e</size>
         <input_file_ref idref="fl-f7"/>
      </object_component>
      <object_component id="oc-372">
         <name>.text:_nop</name>
         <load_address>0x31ee</load_address>
         <run_address>0x31ee</run_address>
         <size>0x2</size>
         <input_file_ref idref="fl-fd"/>
      </object_component>
      <object_component id="oc-82">
         <name>.text</name>
         <load_address>0x31f0</load_address>
         <run_address>0x31f0</run_address>
         <size>0x8f0</size>
         <input_file_ref idref="fl-14"/>
      </object_component>
      <object_component id="oc-7c">
         <name>.text</name>
         <load_address>0x3ae0</load_address>
         <run_address>0x3ae0</run_address>
         <size>0x864</size>
         <input_file_ref idref="fl-27"/>
      </object_component>
      <object_component id="oc-76">
         <name>.text</name>
         <load_address>0x4344</load_address>
         <run_address>0x4344</run_address>
         <size>0x740</size>
         <input_file_ref idref="fl-20"/>
      </object_component>
      <object_component id="oc-10b">
         <name>.text</name>
         <load_address>0x4a84</load_address>
         <run_address>0x4a84</run_address>
         <size>0x600</size>
         <input_file_ref idref="fl-19"/>
      </object_component>
      <object_component id="oc-70">
         <name>.text</name>
         <load_address>0x5084</load_address>
         <run_address>0x5084</run_address>
         <size>0x4fc</size>
         <input_file_ref idref="fl-26"/>
      </object_component>
      <object_component id="oc-253">
         <name>.text</name>
         <load_address>0x5580</load_address>
         <run_address>0x5580</run_address>
         <size>0x3b4</size>
         <input_file_ref idref="fl-1e"/>
      </object_component>
      <object_component id="oc-25c">
         <name>.text</name>
         <load_address>0x5934</load_address>
         <run_address>0x5934</run_address>
         <size>0x340</size>
         <input_file_ref idref="fl-24"/>
      </object_component>
      <object_component id="oc-c4">
         <name>.text</name>
         <load_address>0x5c74</load_address>
         <run_address>0x5c74</run_address>
         <size>0x334</size>
         <input_file_ref idref="fl-4"/>
      </object_component>
      <object_component id="oc-fd">
         <name>.text</name>
         <load_address>0x5fa8</load_address>
         <run_address>0x5fa8</run_address>
         <size>0x2a8</size>
         <input_file_ref idref="fl-c"/>
      </object_component>
      <object_component id="oc-428">
         <name>.text:_pconv_a</name>
         <load_address>0x6250</load_address>
         <run_address>0x6250</run_address>
         <size>0x270</size>
         <input_file_ref idref="fl-f7"/>
      </object_component>
      <object_component id="oc-103">
         <name>.text</name>
         <load_address>0x64c0</load_address>
         <run_address>0x64c0</run_address>
         <size>0x238</size>
         <input_file_ref idref="fl-b"/>
      </object_component>
      <object_component id="oc-416">
         <name>.text:_pconv_g</name>
         <load_address>0x66f8</load_address>
         <run_address>0x66f8</run_address>
         <size>0x1d0</size>
         <input_file_ref idref="fl-f7"/>
      </object_component>
      <object_component id="oc-12a">
         <name>.text</name>
         <load_address>0x68c8</load_address>
         <run_address>0x68c8</run_address>
         <size>0x1b6</size>
         <input_file_ref idref="fl-e6"/>
      </object_component>
      <object_component id="oc-4c4">
         <name>.text</name>
         <load_address>0x6a7e</load_address>
         <run_address>0x6a7e</run_address>
         <size>0x2</size>
         <input_file_ref idref="fl-108"/>
      </object_component>
      <object_component id="oc-13e">
         <name>.text</name>
         <load_address>0x6a80</load_address>
         <run_address>0x6a80</run_address>
         <size>0x1b0</size>
         <input_file_ref idref="fl-6"/>
      </object_component>
      <object_component id="oc-1ba">
         <name>.text</name>
         <load_address>0x6c30</load_address>
         <run_address>0x6c30</run_address>
         <size>0x19a</size>
         <input_file_ref idref="fl-e"/>
      </object_component>
      <object_component id="oc-1cc">
         <name>.text</name>
         <load_address>0x6dcc</load_address>
         <run_address>0x6dcc</run_address>
         <size>0x170</size>
         <input_file_ref idref="fl-1a"/>
      </object_component>
      <object_component id="oc-1c6">
         <name>.text</name>
         <load_address>0x6f3c</load_address>
         <run_address>0x6f3c</run_address>
         <size>0x164</size>
         <input_file_ref idref="fl-d"/>
      </object_component>
      <object_component id="oc-422">
         <name>.text:_pconv_e</name>
         <load_address>0x70a0</load_address>
         <run_address>0x70a0</run_address>
         <size>0x13c</size>
         <input_file_ref idref="fl-f7"/>
      </object_component>
      <object_component id="oc-d0">
         <name>.text</name>
         <load_address>0x71dc</load_address>
         <run_address>0x71dc</run_address>
         <size>0x136</size>
         <input_file_ref idref="fl-e8"/>
      </object_component>
      <object_component id="oc-476">
         <name>.text:fcvt</name>
         <load_address>0x7314</load_address>
         <run_address>0x7314</run_address>
         <size>0x124</size>
         <input_file_ref idref="fl-f7"/>
      </object_component>
      <object_component id="oc-48a">
         <name>.text:scalbn</name>
         <load_address>0x7438</load_address>
         <run_address>0x7438</run_address>
         <size>0x110</size>
         <input_file_ref idref="fl-107"/>
      </object_component>
      <object_component id="oc-356">
         <name>.text:aligned_alloc</name>
         <load_address>0x7548</load_address>
         <run_address>0x7548</run_address>
         <size>0x100</size>
         <input_file_ref idref="fl-f4"/>
      </object_component>
      <object_component id="oc-267">
         <name>.text</name>
         <load_address>0x7648</load_address>
         <run_address>0x7648</run_address>
         <size>0xfc</size>
         <input_file_ref idref="fl-e9"/>
      </object_component>
      <object_component id="oc-138">
         <name>.text</name>
         <load_address>0x7744</load_address>
         <run_address>0x7744</run_address>
         <size>0xf8</size>
         <input_file_ref idref="fl-7"/>
      </object_component>
      <object_component id="oc-1c0">
         <name>.text</name>
         <load_address>0x783c</load_address>
         <run_address>0x783c</run_address>
         <size>0xe8</size>
         <input_file_ref idref="fl-5"/>
      </object_component>
      <object_component id="oc-2fd">
         <name>.text:free</name>
         <load_address>0x7924</load_address>
         <run_address>0x7924</run_address>
         <size>0xe4</size>
         <input_file_ref idref="fl-f4"/>
      </object_component>
      <object_component id="oc-2f7">
         <name>.text</name>
         <load_address>0x7a08</load_address>
         <run_address>0x7a08</run_address>
         <size>0xe0</size>
         <input_file_ref idref="fl-16"/>
      </object_component>
      <object_component id="oc-308">
         <name>.text</name>
         <load_address>0x7ae8</load_address>
         <run_address>0x7ae8</run_address>
         <size>0xc8</size>
         <input_file_ref idref="fl-25"/>
      </object_component>
      <object_component id="oc-40b">
         <name>.text:_ltostr</name>
         <load_address>0x7bb0</load_address>
         <run_address>0x7bb0</run_address>
         <size>0xb1</size>
         <input_file_ref idref="fl-f7"/>
      </object_component>
      <object_component id="oc-3a">
         <name>.text</name>
         <load_address>0x7c62</load_address>
         <run_address>0x7c62</run_address>
         <size>0x9c</size>
         <input_file_ref idref="fl-ee"/>
      </object_component>
      <object_component id="oc-b2">
         <name>.text</name>
         <load_address>0x7cfe</load_address>
         <run_address>0x7cfe</run_address>
         <size>0x9a</size>
         <input_file_ref idref="fl-2"/>
      </object_component>
      <object_component id="oc-45c">
         <name>.text</name>
         <load_address>0x7d98</load_address>
         <run_address>0x7d98</run_address>
         <size>0x96</size>
         <input_file_ref idref="fl-f8"/>
      </object_component>
      <object_component id="oc-f7">
         <name>.text</name>
         <load_address>0x7e30</load_address>
         <run_address>0x7e30</run_address>
         <size>0x8c</size>
         <input_file_ref idref="fl-8"/>
      </object_component>
      <object_component id="oc-411">
         <name>.text:__aeabi_cdcmple</name>
         <load_address>0x7ebc</load_address>
         <run_address>0x7ebc</run_address>
         <size>0x86</size>
         <input_file_ref idref="fl-e7"/>
      </object_component>
      <object_component id="oc-39b">
         <name>.text:__aeabi_cdrcmple</name>
         <load_address>0x7f42</load_address>
         <run_address>0x7f42</run_address>
         <size>0x86</size>
         <input_file_ref idref="fl-e7"/>
      </object_component>
      <object_component id="oc-a6">
         <name>.text</name>
         <load_address>0x7fc8</load_address>
         <run_address>0x7fc8</run_address>
         <size>0x7a</size>
         <input_file_ref idref="fl-f0"/>
      </object_component>
      <object_component id="oc-3cb">
         <name>.text:split</name>
         <load_address>0x8044</load_address>
         <run_address>0x8044</run_address>
         <size>0x70</size>
         <input_file_ref idref="fl-f4"/>
      </object_component>
      <object_component id="oc-46f">
         <name>.text:_mcpy</name>
         <load_address>0x80b4</load_address>
         <run_address>0x80b4</run_address>
         <size>0x6e</size>
         <input_file_ref idref="fl-f7"/>
      </object_component>
      <object_component id="oc-262">
         <name>.text</name>
         <load_address>0x8122</load_address>
         <run_address>0x8122</run_address>
         <size>0x6e</size>
         <input_file_ref idref="fl-eb"/>
      </object_component>
      <object_component id="oc-17">
         <name>.text:decompress:lzss:__TI_decompress_lzss</name>
         <load_address>0x8190</load_address>
         <run_address>0x8190</run_address>
         <size>0x68</size>
         <input_file_ref idref="fl-f3"/>
      </object_component>
      <object_component id="oc-484">
         <name>.text:frexp</name>
         <load_address>0x81f8</load_address>
         <run_address>0x81f8</run_address>
         <size>0x64</size>
         <input_file_ref idref="fl-106"/>
      </object_component>
      <object_component id="oc-1b4">
         <name>.text</name>
         <load_address>0x825c</load_address>
         <run_address>0x825c</run_address>
         <size>0x58</size>
         <input_file_ref idref="fl-a"/>
      </object_component>
      <object_component id="oc-41c">
         <name>.text:_pconv_f</name>
         <load_address>0x82b4</load_address>
         <run_address>0x82b4</run_address>
         <size>0x56</size>
         <input_file_ref idref="fl-f7"/>
      </object_component>
      <object_component id="oc-463">
         <name>.text:__TI_ltoa</name>
         <load_address>0x830a</load_address>
         <run_address>0x830a</run_address>
         <size>0x54</size>
         <input_file_ref idref="fl-fe"/>
      </object_component>
      <object_component id="oc-469">
         <name>.text:_ecpy</name>
         <load_address>0x835e</load_address>
         <run_address>0x835e</run_address>
         <size>0x52</size>
         <input_file_ref idref="fl-f7"/>
      </object_component>
      <object_component id="oc-405">
         <name>.text:atoi</name>
         <load_address>0x83b0</load_address>
         <run_address>0x83b0</run_address>
         <size>0x4c</size>
         <input_file_ref idref="fl-100"/>
      </object_component>
      <object_component id="oc-d5">
         <name>.text</name>
         <load_address>0x83fc</load_address>
         <run_address>0x83fc</run_address>
         <size>0x48</size>
         <input_file_ref idref="fl-ea"/>
      </object_component>
      <object_component id="oc-1df">
         <name>.text:__TI_auto_init_nobinit_nopinit:__TI_auto_init_nobinit_nopinit</name>
         <load_address>0x8444</load_address>
         <run_address>0x8444</run_address>
         <size>0x44</size>
         <input_file_ref idref="fl-f9"/>
      </object_component>
      <object_component id="oc-343">
         <name>.text:sprintf</name>
         <load_address>0x8488</load_address>
         <run_address>0x8488</run_address>
         <size>0x40</size>
         <input_file_ref idref="fl-e5"/>
      </object_component>
      <object_component id="oc-47c">
         <name>.text:_fcpy</name>
         <load_address>0x84c8</load_address>
         <run_address>0x84c8</run_address>
         <size>0x3e</size>
         <input_file_ref idref="fl-f7"/>
      </object_component>
      <object_component id="oc-125">
         <name>.text</name>
         <load_address>0x8506</load_address>
         <run_address>0x8506</run_address>
         <size>0x38</size>
         <input_file_ref idref="fl-ec"/>
      </object_component>
      <object_component id="oc-58">
         <name>.text:_c_int00_noargs:_c_int00_noargs</name>
         <load_address>0x8540</load_address>
         <run_address>0x8540</run_address>
         <size>0x34</size>
         <input_file_ref idref="fl-f5"/>
      </object_component>
      <object_component id="oc-30f">
         <name>.text</name>
         <load_address>0x8574</load_address>
         <run_address>0x8574</run_address>
         <size>0x2e</size>
         <input_file_ref idref="fl-ed"/>
      </object_component>
      <object_component id="oc-365">
         <name>.text:free_list_insert</name>
         <load_address>0x85a4</load_address>
         <run_address>0x85a4</run_address>
         <size>0x28</size>
         <input_file_ref idref="fl-f4"/>
      </object_component>
      <object_component id="oc-337">
         <name>.text:Interrupt_setPriority</name>
         <load_address>0x85cc</load_address>
         <run_address>0x85cc</run_address>
         <size>0x24</size>
         <input_file_ref idref="fl-10d"/>
      </object_component>
      <object_component id="oc-cb">
         <name>.text</name>
         <load_address>0x85f0</load_address>
         <run_address>0x85f0</run_address>
         <size>0x20</size>
         <input_file_ref idref="fl-ef"/>
      </object_component>
      <object_component id="oc-46">
         <name>.text:decompress:ZI:__TI_zero_init_nomemset:__TI_zero_init_nomemset</name>
         <load_address>0x8610</load_address>
         <run_address>0x8610</run_address>
         <size>0x1c</size>
         <input_file_ref idref="fl-f1"/>
      </object_component>
      <object_component id="oc-35f">
         <name>.text:free_list_remove</name>
         <load_address>0x862c</load_address>
         <run_address>0x862c</run_address>
         <size>0x1c</size>
         <input_file_ref idref="fl-f4"/>
      </object_component>
      <object_component id="oc-42e">
         <name>.text:memccpy</name>
         <load_address>0x8648</load_address>
         <run_address>0x8648</run_address>
         <size>0x1c</size>
         <input_file_ref idref="fl-102"/>
      </object_component>
      <object_component id="oc-4d7">
         <name>.text:copysign</name>
         <load_address>0x8664</load_address>
         <run_address>0x8664</run_address>
         <size>0x1a</size>
         <input_file_ref idref="fl-109"/>
      </object_component>
      <object_component id="oc-3b6">
         <name>.text:_outs</name>
         <load_address>0x867e</load_address>
         <run_address>0x867e</run_address>
         <size>0x18</size>
         <input_file_ref idref="fl-e5"/>
      </object_component>
      <object_component id="oc-490">
         <name>.text:strchr</name>
         <load_address>0x8696</load_address>
         <run_address>0x8696</run_address>
         <size>0x16</size>
         <input_file_ref idref="fl-103"/>
      </object_component>
      <object_component id="oc-3ff">
         <name>.text:strlen</name>
         <load_address>0x86ac</load_address>
         <run_address>0x86ac</run_address>
         <size>0x14</size>
         <input_file_ref idref="fl-104"/>
      </object_component>
      <object_component id="oc-434">
         <name>.text:wcslen</name>
         <load_address>0x86c0</load_address>
         <run_address>0x86c0</run_address>
         <size>0x12</size>
         <input_file_ref idref="fl-105"/>
      </object_component>
      <object_component id="oc-1d">
         <name>.text:decompress:none:__TI_decompress_none</name>
         <load_address>0x86d2</load_address>
         <run_address>0x86d2</run_address>
         <size>0xe</size>
         <input_file_ref idref="fl-f2"/>
      </object_component>
      <object_component id="oc-6a">
         <name>.text</name>
         <load_address>0x86e0</load_address>
         <run_address>0x86e0</run_address>
         <size>0xe</size>
         <input_file_ref idref="fl-3"/>
      </object_component>
      <object_component id="oc-3bc">
         <name>.text:_outc</name>
         <load_address>0x86ee</load_address>
         <run_address>0x86ee</run_address>
         <size>0xa</size>
         <input_file_ref idref="fl-e5"/>
      </object_component>
      <object_component id="oc-43a">
         <name>.text:__aeabi_errno_addr</name>
         <load_address>0x86f8</load_address>
         <run_address>0x86f8</run_address>
         <size>0x8</size>
         <input_file_ref idref="fl-f6"/>
      </object_component>
      <object_component id="oc-2f1">
         <name>.text:malloc</name>
         <load_address>0x8700</load_address>
         <run_address>0x8700</run_address>
         <size>0x8</size>
         <input_file_ref idref="fl-f4"/>
      </object_component>
      <object_component id="oc-ac">
         <name>.text:_system_pre_init</name>
         <load_address>0x8708</load_address>
         <run_address>0x8708</run_address>
         <size>0x4</size>
         <input_file_ref idref="fl-fa"/>
      </object_component>
      <object_component id="oc-1d3">
         <name>.text:abort:abort</name>
         <load_address>0x870c</load_address>
         <run_address>0x870c</run_address>
         <size>0x4</size>
         <input_file_ref idref="fl-fc"/>
      </object_component>
      <object_component id="oc-3a6">
         <name>.const:.string:F8x16</name>
         <load_address>0x8710</load_address>
         <run_address>0x8710</run_address>
         <size>0x5f0</size>
         <input_file_ref idref="fl-23"/>
      </object_component>
      <object_component id="oc-3a3">
         <name>.const:F6x8</name>
         <load_address>0x8d00</load_address>
         <run_address>0x8d00</run_address>
         <size>0x228</size>
         <input_file_ref idref="fl-23"/>
      </object_component>
      <object_component id="oc-3a9">
         <name>.const:Chiness</name>
         <load_address>0x8f28</load_address>
         <run_address>0x8f28</run_address>
         <size>0x180</size>
         <input_file_ref idref="fl-23"/>
      </object_component>
      <object_component id="oc-457">
         <name>.const:.string:_ctypes_</name>
         <load_address>0x90a8</load_address>
         <run_address>0x90a8</run_address>
         <size>0x101</size>
         <input_file_ref idref="fl-101"/>
      </object_component>
      <object_component id="oc-132">
         <name>.const:FP_N</name>
         <load_address>0x91ac</load_address>
         <run_address>0x91ac</run_address>
         <size>0xa0</size>
         <input_file_ref idref="fl-27"/>
      </object_component>
      <object_component id="oc-391">
         <name>.const:g_pulRegs</name>
         <load_address>0x924c</load_address>
         <run_address>0x924c</run_address>
         <size>0x50</size>
         <input_file_ref idref="fl-10d"/>
      </object_component>
      <object_component id="oc-135">
         <name>.const:.string:BRS</name>
         <load_address>0x929c</load_address>
         <run_address>0x929c</run_address>
         <size>0x28</size>
         <input_file_ref idref="fl-27"/>
      </object_component>
      <object_component id="oc-535">
         <name>.cinit..data.load</name>
         <load_address>0x92c8</load_address>
         <run_address>0x92c8</run_address>
         <size>0x367</size>
      </object_component>
      <object_component id="oc-533">
         <name>__TI_handler_table</name>
         <load_address>0x9630</load_address>
         <run_address>0x9630</run_address>
         <size>0xc</size>
      </object_component>
      <object_component id="oc-536">
         <name>.cinit..bss.load</name>
         <load_address>0x9640</load_address>
         <run_address>0x9640</run_address>
         <size>0x8</size>
      </object_component>
      <object_component id="oc-534">
         <name>__TI_cinit_table</name>
         <load_address>0x9648</load_address>
         <run_address>0x9648</run_address>
         <size>0x10</size>
      </object_component>
      <object_component id="oc-507">
         <name>.binit</name>
         <load_address>0x0</load_address>
         <run_address>0x0</run_address>
         <size>0x0</size>
      </object_component>
      <object_component id="oc-211">
         <name>.data</name>
         <load_address>0x200024cc</load_address>
         <run_address>0x200024cc</run_address>
         <size>0x4</size>
         <input_file_ref idref="fl-4"/>
      </object_component>
      <object_component id="oc-304">
         <name>.data:trail</name>
         <load_address>0x2000247c</load_address>
         <run_address>0x2000247c</run_address>
         <size>0x9</size>
         <input_file_ref idref="fl-5"/>
      </object_component>
      <object_component id="oc-28e">
         <name>.data:RxBluetooth</name>
         <load_address>0x200024ba</load_address>
         <run_address>0x200024ba</run_address>
         <size>0x4</size>
         <input_file_ref idref="fl-6"/>
      </object_component>
      <object_component id="oc-289">
         <name>.data:TxBluetooth</name>
         <load_address>0x200024b4</load_address>
         <run_address>0x200024b4</run_address>
         <size>0x6</size>
         <input_file_ref idref="fl-6"/>
      </object_component>
      <object_component id="oc-28c">
         <name>.data</name>
         <load_address>0x20002485</load_address>
         <run_address>0x20002485</run_address>
         <size>0x3</size>
         <input_file_ref idref="fl-6"/>
      </object_component>
      <object_component id="oc-28d">
         <name>.data:RxBuffer2$2</name>
         <load_address>0x200024ae</load_address>
         <run_address>0x200024ae</run_address>
         <size>0x6</size>
         <input_file_ref idref="fl-6"/>
      </object_component>
      <object_component id="oc-285">
         <name>.data:RxCamera</name>
         <load_address>0x200024be</load_address>
         <run_address>0x200024be</run_address>
         <size>0x4</size>
         <input_file_ref idref="fl-7"/>
      </object_component>
      <object_component id="oc-283">
         <name>.data</name>
         <load_address>0x200024d0</load_address>
         <run_address>0x200024d0</run_address>
         <size>0x3</size>
         <input_file_ref idref="fl-7"/>
      </object_component>
      <object_component id="oc-284">
         <name>.data:RxBuffer1$2</name>
         <load_address>0x200024a8</load_address>
         <run_address>0x200024a8</run_address>
         <size>0x6</size>
         <input_file_ref idref="fl-7"/>
      </object_component>
      <object_component id="oc-115">
         <name>.data</name>
         <load_address>0x20002438</load_address>
         <run_address>0x20002438</run_address>
         <size>0x28</size>
         <input_file_ref idref="fl-8"/>
      </object_component>
      <object_component id="oc-112">
         <name>.data</name>
         <load_address>0x200024d3</load_address>
         <run_address>0x200024d3</run_address>
         <size>0x3</size>
         <input_file_ref idref="fl-c"/>
      </object_component>
      <object_component id="oc-11c">
         <name>.data:CCRn_period_val</name>
         <load_address>0x20002400</load_address>
         <run_address>0x20002400</run_address>
         <size>0x38</size>
         <input_file_ref idref="fl-1a"/>
      </object_component>
      <object_component id="oc-f4">
         <name>.data</name>
         <load_address>0x20002460</load_address>
         <run_address>0x20002460</run_address>
         <size>0x1c</size>
         <input_file_ref idref="fl-1c"/>
      </object_component>
      <object_component id="oc-3ac">
         <name>.data:bmp_pixel1</name>
         <load_address>0x20000000</load_address>
         <run_address>0x20000000</run_address>
         <size>0x2000</size>
         <input_file_ref idref="fl-23"/>
      </object_component>
      <object_component id="oc-3a0">
         <name>.data:GDDRAM</name>
         <load_address>0x20002000</load_address>
         <run_address>0x20002000</run_address>
         <size>0x400</size>
         <input_file_ref idref="fl-23"/>
      </object_component>
      <object_component id="oc-34a">
         <name>.data</name>
         <load_address>0x200024c4</load_address>
         <run_address>0x200024c4</run_address>
         <size>0x4</size>
         <input_file_ref idref="fl-24"/>
      </object_component>
      <object_component id="oc-db">
         <name>.data</name>
         <load_address>0x20002498</load_address>
         <run_address>0x20002498</run_address>
         <size>0x8</size>
         <input_file_ref idref="fl-26"/>
      </object_component>
      <object_component id="oc-12f">
         <name>.data</name>
         <load_address>0x200024a0</load_address>
         <run_address>0x200024a0</run_address>
         <size>0x8</size>
         <input_file_ref idref="fl-27"/>
      </object_component>
      <object_component id="oc-3d1">
         <name>.data:$O1$$</name>
         <load_address>0x20002490</load_address>
         <run_address>0x20002490</run_address>
         <size>0x8</size>
         <input_file_ref idref="fl-f4"/>
      </object_component>
      <object_component id="oc-4a0">
         <name>.data</name>
         <load_address>0x200024c8</load_address>
         <run_address>0x200024c8</run_address>
         <size>0x4</size>
         <input_file_ref idref="fl-f6"/>
      </object_component>
      <object_component id="oc-319">
         <name>.data:$O1$$</name>
         <load_address>0x20002488</load_address>
         <run_address>0x20002488</run_address>
         <size>0x8</size>
         <input_file_ref idref="fl-fd"/>
      </object_component>
      <object_component id="oc-35d">
         <name>.bss</name>
         <uninitialized>true</uninitialized>
         <run_address>0x200029a0</run_address>
         <size>0x4</size>
         <input_file_ref idref="fl-16"/>
      </object_component>
      <object_component id="oc-da">
         <name>.bss</name>
         <uninitialized>true</uninitialized>
         <run_address>0x200029a4</run_address>
         <size>0x4</size>
         <input_file_ref idref="fl-26"/>
      </object_component>
      <object_component id="oc-14c">
         <name>.common:ADC14_STRUCT</name>
         <uninitialized>true</uninitialized>
         <run_address>0x200028d8</run_address>
         <size>0x30</size>
      </object_component>
      <object_component id="oc-11b">
         <name>.common:pidSpeed</name>
         <uninitialized>true</uninitialized>
         <run_address>0x20002930</run_address>
         <size>0x28</size>
      </object_component>
      <object_component id="oc-118">
         <name>.common:pidPosition</name>
         <uninitialized>true</uninitialized>
         <run_address>0x20002908</run_address>
         <size>0x28</size>
      </object_component>
      <object_component id="oc-25a">
         <name>.common:pidangle</name>
         <uninitialized>true</uninitialized>
         <run_address>0x20002958</run_address>
         <size>0x28</size>
      </object_component>
      <object_component id="oc-109">
         <name>.common:encoder_A</name>
         <uninitialized>true</uninitialized>
         <run_address>0x20002980</run_address>
         <size>0x8</size>
      </object_component>
      <object_component id="oc-f1">
         <name>.common:encoder_B</name>
         <uninitialized>true</uninitialized>
         <run_address>0x20002988</run_address>
         <size>0x8</size>
      </object_component>
      <object_component id="oc-111">
         <name>.common:encoder_C</name>
         <uninitialized>true</uninitialized>
         <run_address>0x20002990</run_address>
         <size>0x8</size>
      </object_component>
      <object_component id="oc-10a">
         <name>.common:encoder_D</name>
         <uninitialized>true</uninitialized>
         <run_address>0x20002998</run_address>
         <size>0x8</size>
      </object_component>
      <object_component id="oc-29">
         <name>.sysmem</name>
         <uninitialized>true</uninitialized>
         <run_address>0x200024d8</run_address>
         <size>0x10</size>
         <input_file_ref idref="fl-f4"/>
      </object_component>
      <object_component id="oc-539">
         <name>.sysmem</name>
         <uninitialized>true</uninitialized>
         <run_address>0x200024d8</run_address>
         <size>0x0</size>
      </object_component>
      <object_component id="oc-2c">
         <name>.stack</name>
         <uninitialized>true</uninitialized>
         <run_address>0x2000fe00</run_address>
         <size>0x4</size>
         <input_file_ref idref="fl-f5"/>
      </object_component>
      <object_component id="oc-538">
         <name>.stack</name>
         <uninitialized>true</uninitialized>
         <run_address>0x2000fe00</run_address>
         <size>0x0</size>
      </object_component>
      <object_component id="oc-14d">
         <name>.debug_info</name>
         <load_address>0x0</load_address>
         <run_address>0x0</run_address>
         <size>0x9ff</size>
         <input_file_ref idref="fl-2"/>
      </object_component>
      <object_component id="oc-b3">
         <name>.debug_info</name>
         <load_address>0x9ff</load_address>
         <run_address>0x9ff</run_address>
         <size>0x2da</size>
         <input_file_ref idref="fl-2"/>
      </object_component>
      <object_component id="oc-24c">
         <name>.debug_info</name>
         <load_address>0xcd9</load_address>
         <run_address>0xcd9</run_address>
         <size>0x21f</size>
         <input_file_ref idref="fl-2"/>
      </object_component>
      <object_component id="oc-145">
         <name>.debug_info</name>
         <load_address>0xef8</load_address>
         <run_address>0xef8</run_address>
         <size>0x8c</size>
         <input_file_ref idref="fl-2"/>
      </object_component>
      <object_component id="oc-22b">
         <name>.debug_info</name>
         <load_address>0xf84</load_address>
         <run_address>0xf84</run_address>
         <size>0x120</size>
         <input_file_ref idref="fl-2"/>
      </object_component>
      <object_component id="oc-240">
         <name>.debug_info</name>
         <load_address>0x10a4</load_address>
         <run_address>0x10a4</run_address>
         <size>0x71</size>
         <input_file_ref idref="fl-2"/>
      </object_component>
      <object_component id="oc-2a4">
         <name>.debug_info</name>
         <load_address>0x1115</load_address>
         <run_address>0x1115</run_address>
         <size>0x6c</size>
         <input_file_ref idref="fl-2"/>
      </object_component>
      <object_component id="oc-18c">
         <name>.debug_info</name>
         <load_address>0x1181</load_address>
         <run_address>0x1181</run_address>
         <size>0x218</size>
         <input_file_ref idref="fl-2"/>
      </object_component>
      <object_component id="oc-2de">
         <name>.debug_info</name>
         <load_address>0x1399</load_address>
         <run_address>0x1399</run_address>
         <size>0xfd</size>
         <input_file_ref idref="fl-2"/>
      </object_component>
      <object_component id="oc-247">
         <name>.debug_info</name>
         <load_address>0x1496</load_address>
         <run_address>0x1496</run_address>
         <size>0x99</size>
         <input_file_ref idref="fl-2"/>
      </object_component>
      <object_component id="oc-e1">
         <name>.debug_info</name>
         <load_address>0x152f</load_address>
         <run_address>0x152f</run_address>
         <size>0x12a</size>
         <input_file_ref idref="fl-2"/>
      </object_component>
      <object_component id="oc-2ab">
         <name>.debug_info</name>
         <load_address>0x1659</load_address>
         <run_address>0x1659</run_address>
         <size>0x48</size>
         <input_file_ref idref="fl-2"/>
      </object_component>
      <object_component id="oc-193">
         <name>.debug_info</name>
         <load_address>0x16a1</load_address>
         <run_address>0x16a1</run_address>
         <size>0x26b</size>
         <input_file_ref idref="fl-2"/>
      </object_component>
      <object_component id="oc-221">
         <name>.debug_info</name>
         <load_address>0x190c</load_address>
         <run_address>0x190c</run_address>
         <size>0x1055</size>
         <input_file_ref idref="fl-2"/>
      </object_component>
      <object_component id="oc-21c">
         <name>.debug_info</name>
         <load_address>0x2961</load_address>
         <run_address>0x2961</run_address>
         <size>0x37e2</size>
         <input_file_ref idref="fl-2"/>
      </object_component>
      <object_component id="oc-2b2">
         <name>.debug_info</name>
         <load_address>0x6143</load_address>
         <run_address>0x6143</run_address>
         <size>0x110</size>
         <input_file_ref idref="fl-2"/>
      </object_component>
      <object_component id="oc-2bf">
         <name>.debug_info</name>
         <load_address>0x6253</load_address>
         <run_address>0x6253</run_address>
         <size>0xae</size>
         <input_file_ref idref="fl-2"/>
      </object_component>
      <object_component id="oc-274">
         <name>.debug_info</name>
         <load_address>0x6301</load_address>
         <run_address>0x6301</run_address>
         <size>0xfe</size>
         <input_file_ref idref="fl-2"/>
      </object_component>
      <object_component id="oc-35">
         <name>.debug_info</name>
         <load_address>0x63ff</load_address>
         <run_address>0x63ff</run_address>
         <size>0x84</size>
         <input_file_ref idref="fl-2"/>
      </object_component>
      <object_component id="oc-235">
         <name>.debug_info</name>
         <load_address>0x6483</load_address>
         <run_address>0x6483</run_address>
         <size>0x2a4</size>
         <input_file_ref idref="fl-2"/>
      </object_component>
      <object_component id="oc-23b">
         <name>.debug_info</name>
         <load_address>0x6727</load_address>
         <run_address>0x6727</run_address>
         <size>0xef</size>
         <input_file_ref idref="fl-2"/>
      </object_component>
      <object_component id="oc-e6">
         <name>.debug_info</name>
         <load_address>0x6816</load_address>
         <run_address>0x6816</run_address>
         <size>0xbb</size>
         <input_file_ref idref="fl-2"/>
      </object_component>
      <object_component id="oc-120">
         <name>.debug_info</name>
         <load_address>0x68d1</load_address>
         <run_address>0x68d1</run_address>
         <size>0x87</size>
         <input_file_ref idref="fl-2"/>
      </object_component>
      <object_component id="oc-3c4">
         <name>.debug_info</name>
         <load_address>0x6958</load_address>
         <run_address>0x6958</run_address>
         <size>0x2c</size>
         <input_file_ref idref="fl-2"/>
      </object_component>
      <object_component id="oc-226">
         <name>.debug_info</name>
         <load_address>0x6984</load_address>
         <run_address>0x6984</run_address>
         <size>0x35</size>
         <input_file_ref idref="fl-2"/>
      </object_component>
      <object_component id="oc-230">
         <name>.debug_info</name>
         <load_address>0x69b9</load_address>
         <run_address>0x69b9</run_address>
         <size>0xf7</size>
         <input_file_ref idref="fl-2"/>
      </object_component>
      <object_component id="oc-8a">
         <name>.debug_info</name>
         <load_address>0x6ab0</load_address>
         <run_address>0x6ab0</run_address>
         <size>0x2d2</size>
         <input_file_ref idref="fl-3"/>
      </object_component>
      <object_component id="oc-27">
         <name>.debug_info</name>
         <load_address>0x6d82</load_address>
         <run_address>0x6d82</run_address>
         <size>0xfe</size>
         <input_file_ref idref="fl-3"/>
      </object_component>
      <object_component id="oc-6b">
         <name>.debug_info</name>
         <load_address>0x6e80</load_address>
         <run_address>0x6e80</run_address>
         <size>0x1c5</size>
         <input_file_ref idref="fl-3"/>
      </object_component>
      <object_component id="oc-212">
         <name>.debug_info</name>
         <load_address>0x7045</load_address>
         <run_address>0x7045</run_address>
         <size>0xf7</size>
         <input_file_ref idref="fl-4"/>
      </object_component>
      <object_component id="oc-c7">
         <name>.debug_info</name>
         <load_address>0x713c</load_address>
         <run_address>0x713c</run_address>
         <size>0x269</size>
         <input_file_ref idref="fl-4"/>
      </object_component>
      <object_component id="oc-14f">
         <name>.debug_info</name>
         <load_address>0x73a5</load_address>
         <run_address>0x73a5</run_address>
         <size>0x74e</size>
         <input_file_ref idref="fl-5"/>
      </object_component>
      <object_component id="oc-305">
         <name>.debug_info</name>
         <load_address>0x7af3</load_address>
         <run_address>0x7af3</run_address>
         <size>0xe5</size>
         <input_file_ref idref="fl-5"/>
      </object_component>
      <object_component id="oc-1c2">
         <name>.debug_info</name>
         <load_address>0x7bd8</load_address>
         <run_address>0x7bd8</run_address>
         <size>0x268</size>
         <input_file_ref idref="fl-5"/>
      </object_component>
      <object_component id="oc-151">
         <name>.debug_info</name>
         <load_address>0x7e40</load_address>
         <run_address>0x7e40</run_address>
         <size>0x73b</size>
         <input_file_ref idref="fl-6"/>
      </object_component>
      <object_component id="oc-28f">
         <name>.debug_info</name>
         <load_address>0x857b</load_address>
         <run_address>0x857b</run_address>
         <size>0xf1</size>
         <input_file_ref idref="fl-6"/>
      </object_component>
      <object_component id="oc-28a">
         <name>.debug_info</name>
         <load_address>0x866c</load_address>
         <run_address>0x866c</run_address>
         <size>0xf1</size>
         <input_file_ref idref="fl-6"/>
      </object_component>
      <object_component id="oc-140">
         <name>.debug_info</name>
         <load_address>0x875d</load_address>
         <run_address>0x875d</run_address>
         <size>0x640</size>
         <input_file_ref idref="fl-6"/>
      </object_component>
      <object_component id="oc-153">
         <name>.debug_info</name>
         <load_address>0x8d9d</load_address>
         <run_address>0x8d9d</run_address>
         <size>0x6fb</size>
         <input_file_ref idref="fl-7"/>
      </object_component>
      <object_component id="oc-286">
         <name>.debug_info</name>
         <load_address>0x9498</load_address>
         <run_address>0x9498</run_address>
         <size>0xe8</size>
         <input_file_ref idref="fl-7"/>
      </object_component>
      <object_component id="oc-13a">
         <name>.debug_info</name>
         <load_address>0x9580</load_address>
         <run_address>0x9580</run_address>
         <size>0x215</size>
         <input_file_ref idref="fl-7"/>
      </object_component>
      <object_component id="oc-155">
         <name>.debug_info</name>
         <load_address>0x9795</load_address>
         <run_address>0x9795</run_address>
         <size>0x781</size>
         <input_file_ref idref="fl-8"/>
      </object_component>
      <object_component id="oc-116">
         <name>.debug_info</name>
         <load_address>0x9f16</load_address>
         <run_address>0x9f16</run_address>
         <size>0x2d8</size>
         <input_file_ref idref="fl-8"/>
      </object_component>
      <object_component id="oc-f8">
         <name>.debug_info</name>
         <load_address>0xa1ee</load_address>
         <run_address>0xa1ee</run_address>
         <size>0x27d</size>
         <input_file_ref idref="fl-8"/>
      </object_component>
      <object_component id="oc-157">
         <name>.debug_info</name>
         <load_address>0xa46b</load_address>
         <run_address>0xa46b</run_address>
         <size>0x7cf</size>
         <input_file_ref idref="fl-9"/>
      </object_component>
      <object_component id="oc-159">
         <name>.debug_info</name>
         <load_address>0xac3a</load_address>
         <run_address>0xac3a</run_address>
         <size>0x71d</size>
         <input_file_ref idref="fl-a"/>
      </object_component>
      <object_component id="oc-1b6">
         <name>.debug_info</name>
         <load_address>0xb357</load_address>
         <run_address>0xb357</run_address>
         <size>0x19a</size>
         <input_file_ref idref="fl-a"/>
      </object_component>
      <object_component id="oc-15b">
         <name>.debug_info</name>
         <load_address>0xb4f1</load_address>
         <run_address>0xb4f1</run_address>
         <size>0x79e</size>
         <input_file_ref idref="fl-b"/>
      </object_component>
      <object_component id="oc-104">
         <name>.debug_info</name>
         <load_address>0xbc8f</load_address>
         <run_address>0xbc8f</run_address>
         <size>0x6fe</size>
         <input_file_ref idref="fl-b"/>
      </object_component>
      <object_component id="oc-119">
         <name>.debug_info</name>
         <load_address>0xc38d</load_address>
         <run_address>0xc38d</run_address>
         <size>0x759</size>
         <input_file_ref idref="fl-c"/>
      </object_component>
      <object_component id="oc-113">
         <name>.debug_info</name>
         <load_address>0xcae6</load_address>
         <run_address>0xcae6</run_address>
         <size>0x163</size>
         <input_file_ref idref="fl-c"/>
      </object_component>
      <object_component id="oc-fe">
         <name>.debug_info</name>
         <load_address>0xcc49</load_address>
         <run_address>0xcc49</run_address>
         <size>0x393</size>
         <input_file_ref idref="fl-c"/>
      </object_component>
      <object_component id="oc-15d">
         <name>.debug_info</name>
         <load_address>0xcfdc</load_address>
         <run_address>0xcfdc</run_address>
         <size>0x74b</size>
         <input_file_ref idref="fl-d"/>
      </object_component>
      <object_component id="oc-1c7">
         <name>.debug_info</name>
         <load_address>0xd727</load_address>
         <run_address>0xd727</run_address>
         <size>0x491</size>
         <input_file_ref idref="fl-d"/>
      </object_component>
      <object_component id="oc-15f">
         <name>.debug_info</name>
         <load_address>0xdbb8</load_address>
         <run_address>0xdbb8</run_address>
         <size>0x7b8</size>
         <input_file_ref idref="fl-e"/>
      </object_component>
      <object_component id="oc-1bc">
         <name>.debug_info</name>
         <load_address>0xe370</load_address>
         <run_address>0xe370</run_address>
         <size>0x560</size>
         <input_file_ref idref="fl-e"/>
      </object_component>
      <object_component id="oc-161">
         <name>.debug_info</name>
         <load_address>0xe8d0</load_address>
         <run_address>0xe8d0</run_address>
         <size>0x6fa</size>
         <input_file_ref idref="fl-f"/>
      </object_component>
      <object_component id="oc-3e8">
         <name>.debug_info</name>
         <load_address>0xefca</load_address>
         <run_address>0xefca</run_address>
         <size>0x8b</size>
         <input_file_ref idref="fl-10"/>
      </object_component>
      <object_component id="oc-163">
         <name>.debug_info</name>
         <load_address>0xf055</load_address>
         <run_address>0xf055</run_address>
         <size>0x763</size>
         <input_file_ref idref="fl-11"/>
      </object_component>
      <object_component id="oc-165">
         <name>.debug_info</name>
         <load_address>0xf7b8</load_address>
         <run_address>0xf7b8</run_address>
         <size>0x7e5</size>
         <input_file_ref idref="fl-12"/>
      </object_component>
      <object_component id="oc-167">
         <name>.debug_info</name>
         <load_address>0xff9d</load_address>
         <run_address>0xff9d</run_address>
         <size>0x80b</size>
         <input_file_ref idref="fl-13"/>
      </object_component>
      <object_component id="oc-169">
         <name>.debug_info</name>
         <load_address>0x107a8</load_address>
         <run_address>0x107a8</run_address>
         <size>0x6f2</size>
         <input_file_ref idref="fl-14"/>
      </object_component>
      <object_component id="oc-83">
         <name>.debug_info</name>
         <load_address>0x10e9a</load_address>
         <run_address>0x10e9a</run_address>
         <size>0xd53</size>
         <input_file_ref idref="fl-14"/>
      </object_component>
      <object_component id="oc-16b">
         <name>.debug_info</name>
         <load_address>0x11bed</load_address>
         <run_address>0x11bed</run_address>
         <size>0x7a8</size>
         <input_file_ref idref="fl-15"/>
      </object_component>
      <object_component id="oc-16d">
         <name>.debug_info</name>
         <load_address>0x12395</load_address>
         <run_address>0x12395</run_address>
         <size>0x806</size>
         <input_file_ref idref="fl-16"/>
      </object_component>
      <object_component id="oc-2f9">
         <name>.debug_info</name>
         <load_address>0x12b9b</load_address>
         <run_address>0x12b9b</run_address>
         <size>0x302</size>
         <input_file_ref idref="fl-16"/>
      </object_component>
      <object_component id="oc-16f">
         <name>.debug_info</name>
         <load_address>0x12e9d</load_address>
         <run_address>0x12e9d</run_address>
         <size>0x7a4</size>
         <input_file_ref idref="fl-17"/>
      </object_component>
      <object_component id="oc-171">
         <name>.debug_info</name>
         <load_address>0x13641</load_address>
         <run_address>0x13641</run_address>
         <size>0x8a2</size>
         <input_file_ref idref="fl-18"/>
      </object_component>
      <object_component id="oc-173">
         <name>.debug_info</name>
         <load_address>0x13ee3</load_address>
         <run_address>0x13ee3</run_address>
         <size>0x6ef</size>
         <input_file_ref idref="fl-19"/>
      </object_component>
      <object_component id="oc-10c">
         <name>.debug_info</name>
         <load_address>0x145d2</load_address>
         <run_address>0x145d2</run_address>
         <size>0x7de</size>
         <input_file_ref idref="fl-19"/>
      </object_component>
      <object_component id="oc-175">
         <name>.debug_info</name>
         <load_address>0x14db0</load_address>
         <run_address>0x14db0</run_address>
         <size>0x83c</size>
         <input_file_ref idref="fl-1a"/>
      </object_component>
      <object_component id="oc-11d">
         <name>.debug_info</name>
         <load_address>0x155ec</load_address>
         <run_address>0x155ec</run_address>
         <size>0xfb</size>
         <input_file_ref idref="fl-1a"/>
      </object_component>
      <object_component id="oc-1cd">
         <name>.debug_info</name>
         <load_address>0x156e7</load_address>
         <run_address>0x156e7</run_address>
         <size>0x5cc</size>
         <input_file_ref idref="fl-1a"/>
      </object_component>
      <object_component id="oc-177">
         <name>.debug_info</name>
         <load_address>0x15cb3</load_address>
         <run_address>0x15cb3</run_address>
         <size>0x8b0</size>
         <input_file_ref idref="fl-1c"/>
      </object_component>
      <object_component id="oc-f5">
         <name>.debug_info</name>
         <load_address>0x16563</load_address>
         <run_address>0x16563</run_address>
         <size>0x201</size>
         <input_file_ref idref="fl-1c"/>
      </object_component>
      <object_component id="oc-179">
         <name>.debug_info</name>
         <load_address>0x16764</load_address>
         <run_address>0x16764</run_address>
         <size>0x7ed</size>
         <input_file_ref idref="fl-1d"/>
      </object_component>
      <object_component id="oc-f2">
         <name>.debug_info</name>
         <load_address>0x16f51</load_address>
         <run_address>0x16f51</run_address>
         <size>0x9c1</size>
         <input_file_ref idref="fl-1e"/>
      </object_component>
      <object_component id="oc-254">
         <name>.debug_info</name>
         <load_address>0x17912</load_address>
         <run_address>0x17912</run_address>
         <size>0x8c3</size>
         <input_file_ref idref="fl-1e"/>
      </object_component>
      <object_component id="oc-17b">
         <name>.debug_info</name>
         <load_address>0x181d5</load_address>
         <run_address>0x181d5</run_address>
         <size>0x6ed</size>
         <input_file_ref idref="fl-1f"/>
      </object_component>
      <object_component id="oc-ec">
         <name>.debug_info</name>
         <load_address>0x188c2</load_address>
         <run_address>0x188c2</run_address>
         <size>0x10c3</size>
         <input_file_ref idref="fl-1f"/>
      </object_component>
      <object_component id="oc-17d">
         <name>.debug_info</name>
         <load_address>0x19985</load_address>
         <run_address>0x19985</run_address>
         <size>0xbee</size>
         <input_file_ref idref="fl-20"/>
      </object_component>
      <object_component id="oc-78">
         <name>.debug_info</name>
         <load_address>0x1a573</load_address>
         <run_address>0x1a573</run_address>
         <size>0x8d0</size>
         <input_file_ref idref="fl-20"/>
      </object_component>
      <object_component id="oc-17f">
         <name>.debug_info</name>
         <load_address>0x1ae43</load_address>
         <run_address>0x1ae43</run_address>
         <size>0x7d1</size>
         <input_file_ref idref="fl-21"/>
      </object_component>
      <object_component id="oc-181">
         <name>.debug_info</name>
         <load_address>0x1b614</load_address>
         <run_address>0x1b614</run_address>
         <size>0x7ce</size>
         <input_file_ref idref="fl-22"/>
      </object_component>
      <object_component id="oc-183">
         <name>.debug_info</name>
         <load_address>0x1bde2</load_address>
         <run_address>0x1bde2</run_address>
         <size>0x859</size>
         <input_file_ref idref="fl-23"/>
      </object_component>
      <object_component id="oc-3a4">
         <name>.debug_info</name>
         <load_address>0x1c63b</load_address>
         <run_address>0x1c63b</run_address>
         <size>0xe0</size>
         <input_file_ref idref="fl-23"/>
      </object_component>
      <object_component id="oc-3a7">
         <name>.debug_info</name>
         <load_address>0x1c71b</load_address>
         <run_address>0x1c71b</run_address>
         <size>0xe2</size>
         <input_file_ref idref="fl-23"/>
      </object_component>
      <object_component id="oc-3aa">
         <name>.debug_info</name>
         <load_address>0x1c7fd</load_address>
         <run_address>0x1c7fd</run_address>
         <size>0xe6</size>
         <input_file_ref idref="fl-23"/>
      </object_component>
      <object_component id="oc-3ad">
         <name>.debug_info</name>
         <load_address>0x1c8e3</load_address>
         <run_address>0x1c8e3</run_address>
         <size>0xec</size>
         <input_file_ref idref="fl-23"/>
      </object_component>
      <object_component id="oc-3a1">
         <name>.debug_info</name>
         <load_address>0x1c9cf</load_address>
         <run_address>0x1c9cf</run_address>
         <size>0xe4</size>
         <input_file_ref idref="fl-23"/>
      </object_component>
      <object_component id="oc-33e">
         <name>.debug_info</name>
         <load_address>0x1cab3</load_address>
         <run_address>0x1cab3</run_address>
         <size>0x2834</size>
         <input_file_ref idref="fl-23"/>
      </object_component>
      <object_component id="oc-185">
         <name>.debug_info</name>
         <load_address>0x1f2e7</load_address>
         <run_address>0x1f2e7</run_address>
         <size>0x824</size>
         <input_file_ref idref="fl-24"/>
      </object_component>
      <object_component id="oc-34b">
         <name>.debug_info</name>
         <load_address>0x1fb0b</load_address>
         <run_address>0x1fb0b</run_address>
         <size>0xdf</size>
         <input_file_ref idref="fl-24"/>
      </object_component>
      <object_component id="oc-25d">
         <name>.debug_info</name>
         <load_address>0x1fbea</load_address>
         <run_address>0x1fbea</run_address>
         <size>0x617</size>
         <input_file_ref idref="fl-24"/>
      </object_component>
      <object_component id="oc-187">
         <name>.debug_info</name>
         <load_address>0x20201</load_address>
         <run_address>0x20201</run_address>
         <size>0x741</size>
         <input_file_ref idref="fl-25"/>
      </object_component>
      <object_component id="oc-309">
         <name>.debug_info</name>
         <load_address>0x20942</load_address>
         <run_address>0x20942</run_address>
         <size>0x33c</size>
         <input_file_ref idref="fl-25"/>
      </object_component>
      <object_component id="oc-df">
         <name>.debug_info</name>
         <load_address>0x20c7e</load_address>
         <run_address>0x20c7e</run_address>
         <size>0x705</size>
         <input_file_ref idref="fl-26"/>
      </object_component>
      <object_component id="oc-dc">
         <name>.debug_info</name>
         <load_address>0x21383</load_address>
         <run_address>0x21383</run_address>
         <size>0xff</size>
         <input_file_ref idref="fl-26"/>
      </object_component>
      <object_component id="oc-71">
         <name>.debug_info</name>
         <load_address>0x21482</load_address>
         <run_address>0x21482</run_address>
         <size>0xae5</size>
         <input_file_ref idref="fl-26"/>
      </object_component>
      <object_component id="oc-14a">
         <name>.debug_info</name>
         <load_address>0x21f67</load_address>
         <run_address>0x21f67</run_address>
         <size>0x7a4</size>
         <input_file_ref idref="fl-27"/>
      </object_component>
      <object_component id="oc-130">
         <name>.debug_info</name>
         <load_address>0x2270b</load_address>
         <run_address>0x2270b</run_address>
         <size>0x157</size>
         <input_file_ref idref="fl-27"/>
      </object_component>
      <object_component id="oc-133">
         <name>.debug_info</name>
         <load_address>0x22862</load_address>
         <run_address>0x22862</run_address>
         <size>0xe0</size>
         <input_file_ref idref="fl-27"/>
      </object_component>
      <object_component id="oc-136">
         <name>.debug_info</name>
         <load_address>0x22942</load_address>
         <run_address>0x22942</run_address>
         <size>0xde</size>
         <input_file_ref idref="fl-27"/>
      </object_component>
      <object_component id="oc-7d">
         <name>.debug_info</name>
         <load_address>0x22a20</load_address>
         <run_address>0x22a20</run_address>
         <size>0xdff</size>
         <input_file_ref idref="fl-27"/>
      </object_component>
      <object_component id="oc-189">
         <name>.debug_info</name>
         <load_address>0x2381f</load_address>
         <run_address>0x2381f</run_address>
         <size>0x80f</size>
         <input_file_ref idref="fl-28"/>
      </object_component>
      <object_component id="oc-2eb">
         <name>.debug_info</name>
         <load_address>0x2402e</load_address>
         <run_address>0x2402e</run_address>
         <size>0x1b4</size>
         <input_file_ref idref="fl-28"/>
      </object_component>
      <object_component id="oc-3c3">
         <name>.debug_info</name>
         <load_address>0x241e2</load_address>
         <run_address>0x241e2</run_address>
         <size>0x333</size>
         <input_file_ref idref="fl-e5"/>
      </object_component>
      <object_component id="oc-346">
         <name>.debug_info</name>
         <load_address>0x24515</load_address>
         <run_address>0x24515</run_address>
[...]
      <symbol id="sm-8e8">
         <name>CS_locked</name>
         <value>0x50b7</value>
         <object_component_ref idref="oc-70"/>
      </symbol>
      <symbol id="sm-8e9">
         <name>systic_read</name>
         <value>0x546d</value>
         <object_component_ref idref="oc-70"/>
      </symbol>
      <symbol id="sm-8ea">
         <name>systim</name>
         <value>0x2000249c</value>
         <object_component_ref idref="oc-db"/>
      </symbol>
      <symbol id="sm-9a6">
         <name>EUSCIA3_IRQHandler</name>
         <value>0x42f5</value>
         <object_component_ref idref="oc-7c"/>
      </symbol>
      <symbol id="sm-9a7">
         <name>BRS</name>
         <value>0x929c</value>
         <object_component_ref idref="oc-135"/>
      </symbol>
      <symbol id="sm-9a8">
         <name>UART_send_short</name>
         <value>0x4215</value>
         <object_component_ref idref="oc-7c"/>
      </symbol>
      <symbol id="sm-9a9">
         <name>UART_CLK_sel</name>
         <value>0x3c59</value>
         <object_component_ref idref="oc-7c"/>
      </symbol>
      <symbol id="sm-9aa">
         <name>UART_send_string</name>
         <value>0x41d9</value>
         <object_component_ref idref="oc-7c"/>
      </symbol>
      <symbol id="sm-9ab">
         <name>UART_send_int</name>
         <value>0x4271</value>
         <object_component_ref idref="oc-7c"/>
      </symbol>
      <symbol id="sm-9ac">
         <name>EUSCIA1_IRQHandler</name>
         <value>0x42c5</value>
         <object_component_ref idref="oc-7c"/>
      </symbol>
      <symbol id="sm-9ad">
         <name>UART_recv_Byte</name>
         <value>0x4185</value>
         <object_component_ref idref="oc-7c"/>
      </symbol>
      <symbol id="sm-9ae">
         <name>UART_Baunds_set</name>
         <value>0x3e71</value>
         <object_component_ref idref="oc-7c"/>
      </symbol>
      <symbol id="sm-9af">
         <name>UART2_RXDat</name>
         <value>0x200024a1</value>
         <object_component_ref idref="oc-12f"/>
      </symbol>
      <symbol id="sm-9b0">
         <name>FP_N</name>
         <value>0x91ac</value>
         <object_component_ref idref="oc-132"/>
      </symbol>
      <symbol id="sm-9b1">
         <name>EUSCIA2_IRQHandler</name>
         <value>0x42d9</value>
         <object_component_ref idref="oc-7c"/>
      </symbol>
      <symbol id="sm-9b2">
         <name>BRCLK</name>
         <value>0x200024a4</value>
         <object_component_ref idref="oc-12f"/>
      </symbol>
      <symbol id="sm-9b3">
         <name>UART_send_Byte</name>
         <value>0x4111</value>
         <object_component_ref idref="oc-7c"/>
      </symbol>
      <symbol id="sm-9b4">
         <name>UART_IRQRX_set</name>
         <value>0x3b5d</value>
         <object_component_ref idref="oc-7c"/>
      </symbol>
      <symbol id="sm-9b5">
         <name>UART3_RXDat</name>
         <value>0x200024a0</value>
         <object_component_ref idref="oc-12f"/>
      </symbol>
      <symbol id="sm-9b6">
         <name>UART_init</name>
         <value>0x40a5</value>
         <object_component_ref idref="oc-7c"/>
      </symbol>
      <symbol id="sm-9b7">
         <name>EUSCIA0_IRQHandler</name>
         <value>0x42ad</value>
         <object_component_ref idref="oc-7c"/>
      </symbol>
      <symbol id="sm-9b8">
         <name>UART_PIN_sel</name>
         <value>0x3c05</value>
         <object_component_ref idref="oc-7c"/>
      </symbol>
      <symbol id="sm-9b9">
         <name>UART0_RXDat</name>
         <value>0x200024a2</value>
         <object_component_ref idref="oc-12f"/>
      </symbol>
      <symbol id="sm-9ba">
         <name>UART_BRS_val</name>
         <value>0x3d51</value>
         <object_component_ref idref="oc-7c"/>
      </symbol>
      <symbol id="sm-9bb">
         <name>UART_USIC_init</name>
         <value>0x3bb1</value>
         <object_component_ref idref="oc-7c"/>
      </symbol>
      <symbol id="sm-9bc">
         <name>UART_IRQ_set</name>
         <value>0x3ae1</value>
         <object_component_ref idref="oc-7c"/>
      </symbol>
      <symbol id="sm-9ef">
         <name>sprintf</name>
         <value>0x8489</value>
         <object_component_ref idref="oc-343"/>
      </symbol>
      <symbol id="sm-a06">
         <name>__aeabi_dsub</name>
         <value>0x68c9</value>
         <object_component_ref idref="oc-12a"/>
      </symbol>
      <symbol id="sm-a07">
         <name>__aeabi_dadd</name>
         <value>0x68d3</value>
         <object_component_ref idref="oc-12a"/>
      </symbol>
      <symbol id="sm-a29">
         <name>__aeabi_cdcmpeq</name>
         <value>0x7ebd</value>
         <object_component_ref idref="oc-411"/>
      </symbol>
      <symbol id="sm-a2a">
         <name>__aeabi_cdcmple</name>
         <value>0x7ebd</value>
         <object_component_ref idref="oc-411"/>
      </symbol>
      <symbol id="sm-a2b">
         <name>__aeabi_cdrcmple</name>
         <value>0x7f43</value>
         <object_component_ref idref="oc-39b"/>
      </symbol>
      <symbol id="sm-a3f">
         <name>__aeabi_ddiv</name>
         <value>0x71dd</value>
         <object_component_ref idref="oc-d0"/>
      </symbol>
      <symbol id="sm-a4a">
         <name>__aeabi_dmul</name>
         <value>0x7649</value>
         <object_component_ref idref="oc-267"/>
      </symbol>
      <symbol id="sm-a54">
         <name>__aeabi_d2iz</name>
         <value>0x83fd</value>
         <object_component_ref idref="oc-d5"/>
      </symbol>
      <symbol id="sm-a60">
         <name>__aeabi_d2f</name>
         <value>0x8123</value>
         <object_component_ref idref="oc-262"/>
      </symbol>
      <symbol id="sm-a6b">
         <name>__aeabi_f2d</name>
         <value>0x8507</value>
         <object_component_ref idref="oc-125"/>
      </symbol>
      <symbol id="sm-a75">
         <name>__aeabi_i2d</name>
         <value>0x8575</value>
         <object_component_ref idref="oc-30f"/>
      </symbol>
      <symbol id="sm-a90">
         <name>memcpy</name>
         <value>0x7c63</value>
         <object_component_ref idref="oc-3a"/>
      </symbol>
      <symbol id="sm-a91">
         <name>__aeabi_memcpy</name>
         <value>0x7c63</value>
         <object_component_ref idref="oc-3a"/>
      </symbol>
      <symbol id="sm-a92">
         <name>__aeabi_memcpy8</name>
         <value>0x7c63</value>
         <object_component_ref idref="oc-3a"/>
      </symbol>
      <symbol id="sm-a93">
         <name>__aeabi_memcpy4</name>
         <value>0x7c63</value>
         <object_component_ref idref="oc-3a"/>
      </symbol>
      <symbol id="sm-a9d">
         <name>__aeabi_ui2d</name>
         <value>0x85f1</value>
         <object_component_ref idref="oc-cb"/>
      </symbol>
      <symbol id="sm-aac">
         <name>__aeabi_memset</name>
         <value>0x7fcb</value>
         <object_component_ref idref="oc-a6"/>
      </symbol>
      <symbol id="sm-aad">
         <name>memset</name>
         <value>0x7fd1</value>
         <object_component_ref idref="oc-a6"/>
      </symbol>
      <symbol id="sm-aae">
         <name>__aeabi_memset8</name>
         <value>0x7fcb</value>
         <object_component_ref idref="oc-a6"/>
      </symbol>
      <symbol id="sm-aaf">
         <name>__aeabi_memset4</name>
         <value>0x7fcb</value>
         <object_component_ref idref="oc-a6"/>
      </symbol>
      <symbol id="sm-ab0">
         <name>__aeabi_memclr8</name>
         <value>0x7fc9</value>
         <object_component_ref idref="oc-a6"/>
      </symbol>
      <symbol id="sm-ab1">
         <name>__aeabi_memclr4</name>
         <value>0x7fc9</value>
         <object_component_ref idref="oc-a6"/>
      </symbol>
      <symbol id="sm-ab2">
         <name>__aeabi_memclr</name>
         <value>0x7fc9</value>
         <object_component_ref idref="oc-a6"/>
      </symbol>
      <symbol id="sm-acb">
         <name>__TI_zero_init_nomemset</name>
         <value>0x8611</value>
         <object_component_ref idref="oc-46"/>
      </symbol>
      <symbol id="sm-ae2">
         <name>__TI_decompress_none</name>
         <value>0x86d3</value>
         <object_component_ref idref="oc-1d"/>
      </symbol>
      <symbol id="sm-b05">
         <name>__TI_decompress_lzss</name>
         <value>0x8191</value>
         <object_component_ref idref="oc-17"/>
      </symbol>
      <symbol id="sm-b8e">
         <name>_sys_memory</name>
         <value>0x200024d8</value>
         <object_component_ref idref="oc-29"/>
      </symbol>
      <symbol id="sm-b8f">
         <name>free</name>
         <value>0x7925</value>
         <object_component_ref idref="oc-2fd"/>
      </symbol>
      <symbol id="sm-b90">
         <name>memalign</name>
         <value>0x7549</value>
         <object_component_ref idref="oc-356"/>
      </symbol>
      <symbol id="sm-b91">
         <name>malloc</name>
         <value>0x8701</value>
         <object_component_ref idref="oc-2f1"/>
      </symbol>
      <symbol id="sm-b92">
         <name>aligned_alloc</name>
         <value>0x7549</value>
         <object_component_ref idref="oc-356"/>
      </symbol>
      <symbol id="sm-ba5">
         <name>__stack</name>
         <value>0x2000fe00</value>
         <object_component_ref idref="oc-2c"/>
      </symbol>
      <symbol id="sm-ba6">
         <name>_c_int00_noargs</name>
         <value>0x8541</value>
         <object_component_ref idref="oc-58"/>
      </symbol>
      <symbol id="sm-bbc">
         <name>__aeabi_errno_addr</name>
         <value>0x86f9</value>
         <object_component_ref idref="oc-43a"/>
      </symbol>
      <symbol id="sm-bbd">
         <name>errno</name>
         <value>0x200024c8</value>
         <object_component_ref idref="oc-4a0"/>
      </symbol>
      <symbol id="sm-d22">
         <name>__TI_printfi</name>
         <value>0x27a1</value>
         <object_component_ref idref="oc-3b0"/>
      </symbol>
      <symbol id="sm-d2f">
         <name>__aeabi_uldivmod</name>
         <value>0x7d99</value>
         <object_component_ref idref="oc-45c"/>
      </symbol>
      <symbol id="sm-d57">
         <name>__TI_auto_init_nobinit_nopinit</name>
         <value>0x8445</value>
         <object_component_ref idref="oc-1df"/>
      </symbol>
      <symbol id="sm-d61">
         <name>_system_pre_init</name>
         <value>0x8709</value>
         <object_component_ref idref="oc-ac"/>
      </symbol>
      <symbol id="sm-d6d">
         <name>C$$EXIT</name>
         <value>0x870d</value>
         <object_component_ref idref="oc-1d3"/>
      </symbol>
      <symbol id="sm-d6e">
         <name>abort</name>
         <value>0x870d</value>
         <object_component_ref idref="oc-1d3"/>
      </symbol>
      <symbol id="sm-d83">
         <name>_nop</name>
         <value>0x31ef</value>
         <object_component_ref idref="oc-372"/>
      </symbol>
      <symbol id="sm-d84">
         <name>_lock</name>
         <value>0x20002488</value>
         <object_component_ref idref="oc-319"/>
      </symbol>
      <symbol id="sm-d85">
         <name>_unlock</name>
         <value>0x2000248c</value>
         <object_component_ref idref="oc-319"/>
      </symbol>
      <symbol id="sm-d94">
         <name>__TI_ltoa</name>
         <value>0x830b</value>
         <object_component_ref idref="oc-463"/>
      </symbol>
      <symbol id="sm-dab">
         <name>atoi</name>
         <value>0x83b1</value>
         <object_component_ref idref="oc-405"/>
      </symbol>
      <symbol id="sm-db6">
         <name>_ctypes_</name>
         <value>0x90a8</value>
         <object_component_ref idref="oc-457"/>
      </symbol>
      <symbol id="sm-dc6">
         <name>memccpy</name>
         <value>0x8649</value>
         <object_component_ref idref="oc-42e"/>
      </symbol>
      <symbol id="sm-dd6">
         <name>strchr</name>
         <value>0x8697</value>
         <object_component_ref idref="oc-490"/>
      </symbol>
      <symbol id="sm-de4">
         <name>strlen</name>
         <value>0x86ad</value>
         <object_component_ref idref="oc-3ff"/>
      </symbol>
      <symbol id="sm-dfd">
         <name>wcslen</name>
         <value>0x86c1</value>
         <object_component_ref idref="oc-434"/>
      </symbol>
      <symbol id="sm-e1d">
         <name>frexpl</name>
         <value>0x81f9</value>
         <object_component_ref idref="oc-484"/>
      </symbol>
      <symbol id="sm-e1e">
         <name>frexp</name>
         <value>0x81f9</value>
         <object_component_ref idref="oc-484"/>
      </symbol>
      <symbol id="sm-e3b">
         <name>scalbn</name>
         <value>0x7439</value>
         <object_component_ref idref="oc-48a"/>
      </symbol>
      <symbol id="sm-e3c">
         <name>scalbnl</name>
         <value>0x7439</value>
         <object_component_ref idref="oc-48a"/>
      </symbol>
      <symbol id="sm-e3d">
         <name>ldexpl</name>
         <value>0x7439</value>
         <object_component_ref idref="oc-48a"/>
      </symbol>
      <symbol id="sm-e3e">
         <name>ldexp</name>
         <value>0x7439</value>
         <object_component_ref idref="oc-48a"/>
      </symbol>
      <symbol id="sm-e48">
         <name>__aeabi_idiv0</name>
         <value>0x6a7f</value>
         <object_component_ref idref="oc-4c4"/>
      </symbol>
      <symbol id="sm-e49">
         <name>__aeabi_ldiv0</name>
         <value>0x6a7f</value>
         <object_component_ref idref="oc-4c4"/>
      </symbol>
      <symbol id="sm-e53">
         <name>copysign</name>
         <value>0x8665</value>
         <object_component_ref idref="oc-4d7"/>
      </symbol>
      <symbol id="sm-e54">
         <name>copysignl</name>
         <value>0x8665</value>
         <object_component_ref idref="oc-4d7"/>
      </symbol>
      <symbol id="sm-e80">
         <name>Interrupt_setPriority</name>
         <value>0x85cd</value>
         <object_component_ref idref="oc-337"/>
      </symbol>
      <symbol id="sm-e87">
         <name>__TI_static_base__</name>
         <value>0x0</value>
      </symbol>
      <symbol id="sm-e8a">
         <name>__mpu_init</name>
         <value>0x0</value>
      </symbol>
      <symbol id="sm-e8b">
         <name>_system_post_cinit</name>
         <value>0x0</value>
      </symbol>
      <symbol id="sm-e8c">
         <name>NMI_Handler</name>
         <value>0x86ed</value>
      </symbol>
      <symbol id="sm-e8d">
         <name>HardFault_Handler</name>
         <value>0x86ed</value>
      </symbol>
      <symbol id="sm-e8e">
         <name>MemManage_Handler</name>
         <value>0x86ed</value>
      </symbol>
      <symbol id="sm-e8f">
         <name>BusFault_Handler</name>
         <value>0x86ed</value>
      </symbol>
      <symbol id="sm-e90">
         <name>UsageFault_Handler</name>
         <value>0x86ed</value>
      </symbol>
      <symbol id="sm-e91">
         <name>SVC_Handler</name>
         <value>0x86ed</value>
      </symbol>
      <symbol id="sm-e92">
         <name>DebugMon_Handler</name>
         <value>0x86ed</value>
      </symbol>
      <symbol id="sm-e93">
         <name>PendSV_Handler</name>
         <value>0x86ed</value>
      </symbol>
      <symbol id="sm-e94">
         <name>SysTick_Handler</name>
         <value>0x54fb</value>
      </symbol>
      <symbol id="sm-e95">
         <name>PSS_IRQHandler</name>
         <value>0x86ed</value>
      </symbol>
      <symbol id="sm-e96">
         <name>CS_IRQHandler</name>
         <value>0x86ed</value>
      </symbol>
      <symbol id="sm-e97">
         <name>PCM_IRQHandler</name>
         <value>0x86ed</value>
      </symbol>
      <symbol id="sm-e98">
         <name>WDT_A_IRQHandler</name>
         <value>0x86ed</value>
      </symbol>
      <symbol id="sm-e99">
         <name>FPU_IRQHandler</name>
         <value>0x86ed</value>
      </symbol>
      <symbol id="sm-e9a">
         <name>FLCTL_IRQHandler</name>
         <value>0x86ed</value>
      </symbol>
      <symbol id="sm-e9b">
         <name>COMP_E0_IRQHandler</name>
         <value>0x86ed</value>
      </symbol>
      <symbol id="sm-e9c">
         <name>COMP_E1_IRQHandler</name>
         <value>0x86ed</value>
      </symbol>
      <symbol id="sm-e9d">
         <name>TA0_0_IRQHandler</name>
         <value>0x4801</value>
      </symbol>
      <symbol id="sm-e9e">
         <name>TA0_N_IRQHandler</name>
         <value>0x48f7</value>
      </symbol>
      <symbol id="sm-e9f">
         <name>TA1_0_IRQHandler</name>
         <value>0x4817</value>
      </symbol>
      <symbol id="sm-ea0">
         <name>TA1_N_IRQHandler</name>
         <value>0x48f9</value>
      </symbol>
      <symbol id="sm-ea1">
         <name>TA2_0_IRQHandler</name>
         <value>0x4823</value>
      </symbol>
      <symbol id="sm-ea2">
         <name>TA2_N_IRQHandler</name>
         <value>0x48fb</value>
      </symbol>
      <symbol id="sm-ea3">
         <name>TA3_0_IRQHandler</name>
         <value>0x4845</value>
      </symbol>
      <symbol id="sm-ea4">
         <name>TA3_N_IRQHandler</name>
         <value>0x4915</value>
      </symbol>
      <symbol id="sm-ea5">
         <name>EUSCIA0_IRQHandler</name>
         <value>0x42ad</value>
      </symbol>
      <symbol id="sm-ea6">
         <name>EUSCIA1_IRQHandler</name>
         <value>0x42c5</value>
      </symbol>
      <symbol id="sm-ea7">
         <name>EUSCIA2_IRQHandler</name>
         <value>0x42d9</value>
      </symbol>
      <symbol id="sm-ea8">
         <name>EUSCIA3_IRQHandler</name>
         <value>0x42f5</value>
      </symbol>
      <symbol id="sm-ea9">
         <name>EUSCIB0_IRQHandler</name>
         <value>0x86ed</value>
      </symbol>
      <symbol id="sm-eaa">
         <name>EUSCIB1_IRQHandler</name>
         <value>0x86ed</value>
      </symbol>
      <symbol id="sm-eab">
         <name>EUSCIB2_IRQHandler</name>
         <value>0x86ed</value>
      </symbol>
      <symbol id="sm-eac">
         <name>EUSCIB3_IRQHandler</name>
         <value>0x86ed</value>
      </symbol>
      <symbol id="sm-ead">
         <name>ADC14_IRQHandler</name>
         <value>0x3a55</value>
      </symbol>
      <symbol id="sm-eae">
         <name>T32_INT1_IRQHandler</name>
         <value>0x86ed</value>
      </symbol>
      <symbol id="sm-eaf">
         <name>T32_INT2_IRQHandler</name>
         <value>0x86ed</value>
      </symbol>
      <symbol id="sm-eb0">
         <name>T32_INTC_IRQHandler</name>
         <value>0x86ed</value>
      </symbol>
      <symbol id="sm-eb1">
         <name>AES256_IRQHandler</name>
         <value>0x86ed</value>
      </symbol>
      <symbol id="sm-eb2">
         <name>RTC_C_IRQHandler</name>
         <value>0x86ed</value>
      </symbol>
      <symbol id="sm-eb3">
         <name>DMA_ERR_IRQHandler</name>
         <value>0x86ed</value>
      </symbol>
      <symbol id="sm-eb4">
         <name>DMA_INT3_IRQHandler</name>
         <value>0x86ed</value>
      </symbol>
      <symbol id="sm-eb5">
         <name>DMA_INT2_IRQHandler</name>
         <value>0x86ed</value>
      </symbol>
      <symbol id="sm-eb6">
         <name>DMA_INT1_IRQHandler</name>
         <value>0x86ed</value>
      </symbol>
      <symbol id="sm-eb7">
         <name>DMA_INT0_IRQHandler</name>
         <value>0x86ed</value>
      </symbol>
      <symbol id="sm-eb8">
         <name>PORT1_IRQHandler</name>
         <value>0x4345</value>
      </symbol>
      <symbol id="sm-eb9">
         <name>PORT2_IRQHandler</name>
         <value>0x43ef</value>
      </symbol>
      <symbol id="sm-eba">
         <name>PORT3_IRQHandler</name>
         <value>0x44bb</value>
      </symbol>
      <symbol id="sm-ebb">
         <name>PORT4_IRQHandler</name>
         <value>0x4573</value>
      </symbol>
      <symbol id="sm-ebc">
         <name>PORT5_IRQHandler</name>
         <value>0x4651</value>
      </symbol>
      <symbol id="sm-ebd">
         <name>PORT6_IRQHandler</name>
         <value>0x4725</value>
      </symbol>
   </symbol_table>
   <title>Link successful</title>
</link_info>
