******************************************************************************
                  TI ARM Linker PC v20.2.7                     
******************************************************************************
>> Linked Tue Aug  1 00:12:11 2023

OUTPUT FILE NAME:   <03BoyLuc_key.out>
ENTRY POINT SYMBOL: "_c_int00_noargs"  address: 00008535


MEMORY CONFIGURATION

         name            origin    length      used     unused   attr    fill
----------------------  --------  ---------  --------  --------  ----  --------
  MAIN                  00000000   00040000  00009648  000369b8  R  X
  INFO                  00200000   00004000  00000000  00004000  R  X
  SRAM_CODE             01000000   00010000  00002ba6  0000d45a  RW X
  SRAM_DATA             20000000   00010000  00002ba6  0000d45a  RW  


SEGMENT ALLOCATION MAP

run origin  load origin   length   init length attrs members
----------  ----------- ---------- ----------- ----- -------
00000000    00000000    00009648   00009648    r-x
  00000000    00000000    000000e4   000000e4    r-- .intvecs
  000000e4    000000e4    00008620   00008620    r-x .text
  00008704    00008704    00000bb4   00000bb4    r-- .const
  000092b8    000092b8    00000390   00000390    r-- .cinit
20000000    20000000    000029a8   00000000    rw-
  20000000    20000000    000024d6   00000000    rw- .data
  200024d8    200024d8    00000400   00000000    rw- .sysmem
  200028d8    200028d8    000000d0   00000000    rw- .bss
2000fe00    2000fe00    00000200   00000000    rw-
  2000fe00    2000fe00    00000200   00000000    rw- .stack


SECTION ALLOCATION MAP

 output                                  attributes/
section   page    origin      length       input sections
--------  ----  ----------  ----------   ----------------
.intvecs   0    00000000    000000e4     
                  00000000    000000e4     startup_msp432p401r_ccs.obj (.intvecs:retain)

.text      0    000000e4    00008620     
                  000000e4    00001c20     exinoled.obj (.text)
                  00001d04    00000a9c     exingpio.obj (.text)
                  000027a0    00000a4e     rtsv7M4_T_le_v4SPD16_eabi.lib : _printfi.c.obj (.text:__TI_printfi)
                  000031ee    00000002                                   : _lock.c.obj (.text:_nop)
                  000031f0    000008f0     exinADC.obj (.text)
                  00003ae0    00000864     exinuart.obj (.text)
                  00004344    00000740     exinisr.obj (.text)
                  00004a84    00000600     exinTimerA.obj (.text)
                  00005084    000004fc     exinsystem.obj (.text)
                  00005580    000003b4     exinencoder.obj (.text)
                  00005934    00000340     exinpwm.obj (.text)
                  00005c74    00000334     system_msp432p401r.obj (.text)
                  00005fa8    000002a8     boypid.obj (.text)
                  00006250    00000270     rtsv7M4_T_le_v4SPD16_eabi.lib : _printfi.c.obj (.text:_pconv_a)
                  000064c0    00000238     boymotor.obj (.text)
                  000066f8    000001d0     rtsv7M4_T_le_v4SPD16_eabi.lib : _printfi.c.obj (.text:_pconv_g)
                  000068c8    000001b8     boybluetooth.obj (.text)
                  00006a80    000001b6     rtsv7M4_T_le_v4SPD16_eabi.lib : fd_add_t2.asm.obj (.text)
                  00006c36    0000019a     boyultrasonic.obj (.text)
                  00006dd0    00000170     exinTimerAINT.obj (.text)
                  00006f40    00000154     boysteer.obj (.text)
                  00007094    0000013c     rtsv7M4_T_le_v4SPD16_eabi.lib : _printfi.c.obj (.text:_pconv_e)
                  000071d0    00000136                                   : fd_div_t2.asm.obj (.text)
                  00007306    00000002                                   : div0.asm.obj (.text)
                  00007308    00000124                                   : _printfi.c.obj (.text:fcvt)
                  0000742c    00000110                                   : s_scalbn.c.obj (.text:scalbn)
                  0000753c    00000100                                   : memory.c.obj (.text:aligned_alloc)
                  0000763c    000000fc                                   : fd_mul_t2.asm.obj (.text)
                  00007738    000000f8     boycamera.obj (.text)
                  00007830    000000e8     boyGrayscale.obj (.text)
                  00007918    000000e4     rtsv7M4_T_le_v4SPD16_eabi.lib : memory.c.obj (.text:free)
                  000079fc    000000e0     exinHC_SR04.obj (.text)
                  00007adc    000000c8     exinsteer.obj (.text)
                  00007ba4    000000b1     rtsv7M4_T_le_v4SPD16_eabi.lib : _printfi.c.obj (.text:_ltostr)
                  00007c55    00000001     --HOLE-- [fill = 0]
                  00007c56    0000009c                                   : memcpy_t2.asm.obj (.text)
                  00007cf2    0000009a     main.obj (.text)
                  00007d8c    00000096     rtsv7M4_T_le_v4SPD16_eabi.lib : ull_div_t2.asm.obj (.text)
                  00007e22    00000002     --HOLE-- [fill = 0]
                  00007e24    0000008c     boyencoder.obj (.text)
                  00007eb0    00000086     rtsv7M4_T_le_v4SPD16_eabi.lib : fd_cmp_t2.asm.obj (.text:__aeabi_cdcmple)
                  00007f36    00000086                                   : fd_cmp_t2.asm.obj (.text:__aeabi_cdrcmple)
                  00007fbc    0000007a                                   : memset_t2.asm.obj (.text)
                  00008036    00000002     --HOLE-- [fill = 0]
                  00008038    00000070                                   : memory.c.obj (.text:split)
                  000080a8    0000006e                                   : _printfi.c.obj (.text:_mcpy)
                  00008116    0000006e                                   : fd_tos_t2.asm.obj (.text)
                  00008184    00000068                                   : copy_decompress_lzss.c.obj (.text:decompress:lzss:__TI_decompress_lzss)
                  000081ec    00000064                                   : s_frexp.c.obj (.text:frexp)
                  00008250    00000058     boyled.obj (.text)
                  000082a8    00000056     rtsv7M4_T_le_v4SPD16_eabi.lib : _printfi.c.obj (.text:_pconv_f)
                  000082fe    00000054                                   : _ltoa.c.obj (.text:__TI_ltoa)
                  00008352    00000052                                   : _printfi.c.obj (.text:_ecpy)
                  000083a4    0000004c                                   : atoi.c.obj (.text:atoi)
                  000083f0    00000048                                   : fd_toi_t2.asm.obj (.text)
                  00008438    00000044                                   : autoinit.c.obj (.text:__TI_auto_init_nobinit_nopinit:__TI_auto_init_nobinit_nopinit)
                  0000847c    00000040                                   : sprintf.c.obj (.text:sprintf)
                  000084bc    0000003e                                   : _printfi.c.obj (.text:_fcpy)
                  000084fa    00000038                                   : fs_tod_t2.asm.obj (.text)
                  00008532    00000002     --HOLE-- [fill = 0]
                  00008534    00000034                                   : boot_cortex_m.c.obj (.text:_c_int00_noargs:_c_int00_noargs)
                  00008568    0000002e                                   : i_tofd_t2.asm.obj (.text)
                  00008596    00000002     --HOLE-- [fill = 0]
                  00008598    00000028                                   : memory.c.obj (.text:free_list_insert)
                  000085c0    00000024     msp432p4xx_driverlib.lib : interrupt.o (.text:Interrupt_setPriority)
                  000085e4    00000020     rtsv7M4_T_le_v4SPD16_eabi.lib : u_tofd_t2.asm.obj (.text)
                  00008604    0000001c                                   : copy_zero_init.c.obj (.text:decompress:ZI:__TI_zero_init_nomemset:__TI_zero_init_nomemset)
                  00008620    0000001c                                   : memory.c.obj (.text:free_list_remove)
                  0000863c    0000001c                                   : memccpy.c.obj (.text:memccpy)
                  00008658    0000001a                                   : s_copysign.c.obj (.text:copysign)
                  00008672    00000018                                   : sprintf.c.obj (.text:_outs)
                  0000868a    00000016                                   : strchr.c.obj (.text:strchr)
                  000086a0    00000014                                   : strlen.c.obj (.text:strlen)
                  000086b4    00000012                                   : wcslen.c.obj (.text:wcslen)
                  000086c6    0000000e                                   : copy_decompress_none.c.obj (.text:decompress:none:__TI_decompress_none)
                  000086d4    0000000e     startup_msp432p401r_ccs.obj (.text)
                  000086e2    0000000a     rtsv7M4_T_le_v4SPD16_eabi.lib : sprintf.c.obj (.text:_outc)
                  000086ec    00000008                                   : errno.c.obj (.text:__aeabi_errno_addr)
                  000086f4    00000008                                   : memory.c.obj (.text:malloc)
                  000086fc    00000004                                   : pre_init.c.obj (.text:_system_pre_init)
                  00008700    00000004                                   : exit.c.obj (.text:abort:abort)

.const     0    00008704    00000bb4     
                  00008704    000005f0     exinoled.obj (.const:.string:F8x16)
                  00008cf4    00000228     exinoled.obj (.const:F6x8)
                  00008f1c    00000180     exinoled.obj (.const:Chiness)
                  0000909c    00000101     rtsv7M4_T_le_v4SPD16_eabi.lib : ctype.c.obj (.const:.string:_ctypes_)
                  0000919d    00000003     --HOLE-- [fill = 0]
                  000091a0    000000a0     exinuart.obj (.const:FP_N)
                  00009240    00000050     msp432p4xx_driverlib.lib : interrupt.o (.const:g_pulRegs)
                  00009290    00000028     exinuart.obj (.const:.string:BRS)

.cinit     0    000092b8    00000390     
                  000092b8    00000367     (.cinit..data.load) [load image, compression = lzss]
                  0000961f    00000001     --HOLE-- [fill = 0]
                  00009620    0000000c     (__TI_handler_table)
                  0000962c    00000004     --HOLE-- [fill = 0]
                  00009630    00000008     (.cinit..bss.load) [load image, compression = zero_init]
                  00009638    00000010     (__TI_cinit_table)

.init_array 
*          0    00000000    00000000     UNINITIALIZED

.binit     0    00000000    00000000     

.data      0    20000000    000024d6     UNINITIALIZED
                  20000000    00002000     exinoled.obj (.data:bmp_pixel1)
                  20002000    00000400     exinoled.obj (.data:GDDRAM)
                  20002400    00000038     exinTimerAINT.obj (.data:CCRn_period_val)
                  20002438    00000028     boyencoder.obj (.data)
                  20002460    0000001c     exinadjust.obj (.data)
                  2000247c    00000009     boyGrayscale.obj (.data:trail)
                  20002485    00000003     boybluetooth.obj (.data)
                  20002488    00000008     rtsv7M4_T_le_v4SPD16_eabi.lib : _lock.c.obj (.data:$O1$$)
                  20002490    00000008                                   : memory.c.obj (.data:$O1$$)
                  20002498    00000008     exinsystem.obj (.data)
                  200024a0    00000008     exinuart.obj (.data)
                  200024a8    00000006     boycamera.obj (.data:RxBuffer1$2)
                  200024ae    00000006     boybluetooth.obj (.data:RxBuffer2$2)
                  200024b4    00000006     boybluetooth.obj (.data:TxBluetooth)
                  200024ba    00000004     boybluetooth.obj (.data:RxBluetooth)
                  200024be    00000004     boycamera.obj (.data:RxCamera)
                  200024c2    00000002     --HOLE--
                  200024c4    00000004     exinpwm.obj (.data)
                  200024c8    00000004     rtsv7M4_T_le_v4SPD16_eabi.lib : errno.c.obj (.data)
                  200024cc    00000004     system_msp432p401r.obj (.data)
                  200024d0    00000003     boycamera.obj (.data)
                  200024d3    00000003     boypid.obj (.data)

.sysmem    0    200024d8    00000400     UNINITIALIZED
                  200024d8    00000010     rtsv7M4_T_le_v4SPD16_eabi.lib : memory.c.obj (.sysmem)
                  200024e8    000003f0     --HOLE--

.bss       0    200028d8    000000d0     UNINITIALIZED
                  200028d8    00000030     (.common:ADC14_STRUCT)
                  20002908    00000028     (.common:pidPosition)
                  20002930    00000028     (.common:pidSpeed)
                  20002958    00000028     (.common:pidangle)
                  20002980    00000008     (.common:encoder_A)
                  20002988    00000008     (.common:encoder_B)
                  20002990    00000008     (.common:encoder_C)
                  20002998    00000008     (.common:encoder_D)
                  200029a0    00000004     exinHC_SR04.obj (.bss)
                  200029a4    00000004     exinsystem.obj (.bss)

.stack     0    2000fe00    00000200     UNINITIALIZED
                  2000fe00    00000004     rtsv7M4_T_le_v4SPD16_eabi.lib : boot_cortex_m.c.obj (.stack)
                  2000fe04    000001fc     --HOLE--

__llvm_prf_cnts 
*          0    20000000    00000000     UNINITIALIZED

MODULE SUMMARY

       Module                        code    ro data   rw data
       ------                        ----    -------   -------
    .\
       system_msp432p401r.obj        820     0         8      
       main.obj                      154     0         96     
       startup_msp432p401r_ccs.obj   14      228       0      
    +--+-----------------------------+-------+---------+---------+
       Total:                        988     228       104    
                                                              
    .\boylibs\
       boypid.obj                    680     0         246    
       boymotor.obj                  568     0         0      
       boybluetooth.obj              440     0         38     
       boyultrasonic.obj             410     0         0      
       boysteer.obj                  340     0         0      
       boycamera.obj                 248     0         26     
       boyGrayscale.obj              232     0         18     
       boyencoder.obj                140     0         80     
       boyled.obj                    88      0         0      
    +--+-----------------------------+-------+---------+---------+
       Total:                        3146    0         408    
                                                              
    .\exinlibs\
       exinoled.obj                  7200    2456      18432  
       exingpio.obj                  2716    0         0      
       exinuart.obj                  2148    200       16     
       exinADC.obj                   2288    0         0      
       exinisr.obj                   1856    0         0      
       exinTimerA.obj                1536    0         0      
       exinsystem.obj                1276    0         24     
       exinencoder.obj               948     0         64     
       exinpwm.obj                   832     0         8      
       exinTimerAINT.obj             368     0         112    
       exinHC_SR04.obj               224     0         8      
       exinsteer.obj                 200     0         0      
       exinadjust.obj                0       0         56     
    +--+-----------------------------+-------+---------+---------+
       Total:                        21592   2656      18720  
                                                              
    D:/Software_installation/CCSIDE/ti/msp/MSP432Ware_3_40_00_25/driverlib/driverlib/MSP432P4xx/ccs/msp432p4xx_driverlib.lib
       interrupt.o                   36      80        0      
    +--+-----------------------------+-------+---------+---------+
       Total:                        36      80        0      
                                                              
    D:\Software_installation\CCSIDE\ti\ccs1230\ccs\tools\compiler\ti-cgt-arm_20.2.7.LTS\lib\rtsv7M4_T_le_v4SPD16_eabi.lib
       _printfi.c.obj                4851    0         0      
       memory.c.obj                  672     0         16     
       fd_add_t2.asm.obj             438     0         0      
       fd_div_t2.asm.obj             310     0         0      
       s_scalbn.c.obj                272     0         0      
       fd_cmp_t2.asm.obj             268     0         0      
       ctype.c.obj                   0       257       0      
       fd_mul_t2.asm.obj             252     0         0      
       memcpy_t2.asm.obj             156     0         0      
       ull_div_t2.asm.obj            150     0         0      
       memset_t2.asm.obj             122     0         0      
       fd_tos_t2.asm.obj             110     0         0      
       copy_decompress_lzss.c.obj    104     0         0      
       s_frexp.c.obj                 100     0         0      
       sprintf.c.obj                 98      0         0      
       _ltoa.c.obj                   84      0         0      
       atoi.c.obj                    76      0         0      
       fd_toi_t2.asm.obj             72      0         0      
       autoinit.c.obj                68      0         0      
       fs_tod_t2.asm.obj             56      0         0      
       boot_cortex_m.c.obj           52      0         0      
       i_tofd_t2.asm.obj             46      0         0      
       u_tofd_t2.asm.obj             32      0         0      
       copy_zero_init.c.obj          28      0         0      
       memccpy.c.obj                 28      0         0      
       s_copysign.c.obj              26      0         0      
       strchr.c.obj                  22      0         0      
       strlen.c.obj                  20      0         0      
       _lock.c.obj                   2       0         16     
       wcslen.c.obj                  18      0         0      
       errno.c.obj                   8       0         8      
       copy_decompress_none.c.obj    14      0         0      
       exit.c.obj                    4       0         0      
       pre_init.c.obj                4       0         0      
       div0.asm.obj                  2       0         0      
    +--+-----------------------------+-------+---------+---------+
       Total:                        8565    257       40     
                                                              
       Heap:                         0       0         2048   
       Stack:                        0       0         1024   
       Linker Generated:             0       907       0      
    +--+-----------------------------+-------+---------+---------+
       Grand Total:                  34327   4128      22344  


LINKER GENERATED COPY TABLES

__TI_cinit_table @ 00009638 records: 2, size/record: 8, table size: 16
	.data: load addr=000092b8, load size=00000367 bytes, run addr=20000000, run size=000024d6 bytes, compression=lzss
	.bss: load addr=00009630, load size=00000008 bytes, run addr=200028d8, run size=000000d0 bytes, compression=zero_init


LINKER GENERATED HANDLER TABLE

__TI_handler_table @ 00009620 records: 3, size/record: 4, table size: 12
	index: 0, handler: __TI_decompress_lzss
	index: 1, handler: __TI_decompress_none
	index: 2, handler: __TI_zero_init


GLOBAL SYMBOLS: SORTED ALPHABETICALLY BY Name 

address   name                           
-------   ----                           
00003701  ADC14_CHAEND_set               
00003435  ADC14_CHA_sel                  
00003549  ADC14_CLK_sel                  
000038fd  ADC14_IRQFG_set                
00003a55  ADC14_IRQHandler               
00003a55  ADC14_IRQHandler               
000037f9  ADC14_MEM_set                  
00003647  ADC14_PREC_sel                 
200028d8  ADC14_STRUCT                   
000031fd  ADC14_convert_disable          
000031f1  ADC14_convert_enable           
00003215  ADC14_convert_end              
00003209  ADC14_convert_start            
000036a1  ADC14_init                     
000032bf  ADC14_read_data                
00003989  ADC14_repeatmod_init           
00003a01  ADC14_repeatmod_rec            
00003221  ADC14_start                    
000086e1  AES256_IRQHandler              
2000247a  A_flag                         
200024a4  BRCLK                          
00009290  BRS                            
2000247b  B_flag                         
000086e1  BusFault_Handler               
00008701  C$$EXIT                        
00004f95  CCRn_MOD_sel                   
20002400  CCRn_period_val                
000086e1  COMP_E0_IRQHandler             
000086e1  COMP_E1_IRQHandler             
000086e1  CS_IRQHandler                  
000050b7  CS_locked                      
000050ad  CS_unlocked                    
00008f1c  Chiness                        
000050bf  DCO_set                        
000086e1  DMA_ERR_IRQHandler             
000086e1  DMA_INT0_IRQHandler            
000086e1  DMA_INT1_IRQHandler            
000086e1  DMA_INT2_IRQHandler            
000086e1  DMA_INT3_IRQHandler            
000086e1  DebugMon_Handler               
000086e1  Default_Handler                
000058bd  ENCODER_TEST                   
000042ad  EUSCIA0_IRQHandler             
000042ad  EUSCIA0_IRQHandler             
000042c5  EUSCIA1_IRQHandler             
000042c5  EUSCIA1_IRQHandler             
000042d9  EUSCIA2_IRQHandler             
000042d9  EUSCIA2_IRQHandler             
000042f5  EUSCIA3_IRQHandler             
000042f5  EUSCIA3_IRQHandler             
000086e1  EUSCIB0_IRQHandler             
000086e1  EUSCIB1_IRQHandler             
000086e1  EUSCIB2_IRQHandler             
000086e1  EUSCIB3_IRQHandler             
000057a5  Encoder_clr                    
00008cf4  F6x8                           
00008704  F8x16                          
000086e1  FLCTL_IRQHandler               
000086e1  FPU_IRQHandler                 
000091a0  FP_N                           
20002000  GDDRAM                         
00001535  GDDRAM_Map_clr                 
0000158f  GDDRAM_Map_set                 
00005769  GET_encoder_dir                
0000572d  GET_encoder_num                
00007a19  HC_SR04_dis                    
000079fd  HC_SR04_init                   
000086e1  HardFault_Handler              
20002478  IRQ3_5flag                     
20002479  IRQ4_6flag                     
000085c1  Interrupt_setPriority          
00005135  MCLK_set                       
000086e1  MemManage_Handler              
000086e1  NMI_Handler                    
0000126f  OLED_Draw_Bmp                  
0000132d  OLED_Draw_BmpPixel             
00000b73  OLED_Draw_Circle               
00000361  OLED_Draw_Pixel                
00000acd  OLED_Draw_Rectangle            
00000479  OLED_Draw_line                 
0000151b  OLED_OFF                       
00001505  OLED_ON                        
0000018d  OLED_SPI_configuration         
00000237  OLED_SPI_write_cmd             
0000026f  OLED_SPI_write_data            
000002a7  OLED_SetPos                    
00000c83  OLED_Show_Char                 
00001161  OLED_Show_Hanzi                
00000eb1  OLED_Show_Num                  
00000e55  OLED_Show_String               
00000fd9  OLED_Show_float                
00000357  OLED_clr                       
000002df  OLED_fill                      
00001429  OLED_init                      
000057f9  OLED_show                      
000015cd  OLED_test                      
000086e1  PCM_IRQHandler                 
00004345  PORT1_IRQHandler               
00004345  PORT1_IRQHandler               
000043ef  PORT2_IRQHandler               
000043ef  PORT2_IRQHandler               
000044bb  PORT3_IRQHandler               
000044bb  PORT3_IRQHandler               
00004573  PORT4_IRQHandler               
00004573  PORT4_IRQHandler               
00004651  PORT5_IRQHandler               
00004651  PORT5_IRQHandler               
00004725  PORT6_IRQHandler               
00004725  PORT6_IRQHandler               
000086e1  PSS_IRQHandler                 
00005c1b  PWM_TEST                       
000086e1  PendSV_Handler                 
000086e1  RTC_C_IRQHandler               
000086d5  Reset_Handler                  
200024ba  RxBluetooth                    
200024be  RxCamera                       
00005255  SMCLK_set                      
000001cd  SPI_write_byte                 
000086e1  SVC_Handler                    
000054fb  SysTick_Handler                
000054fb  SysTick_Handler                
200024cc  SystemCoreClock                
00005c75  SystemCoreClockUpdate          
00005eed  SystemInit                     
000086e1  T32_INT1_IRQHandler            
000086e1  T32_INT2_IRQHandler            
000086e1  T32_INTC_IRQHandler            
00004801  TA0_0_IRQHandler               
00004801  TA0_0_IRQHandler               
000048f7  TA0_N_IRQHandler               
000048f7  TA0_N_IRQHandler               
00004817  TA1_0_IRQHandler               
00004817  TA1_0_IRQHandler               
000048f9  TA1_N_IRQHandler               
000048f9  TA1_N_IRQHandler               
00004823  TA2_0_IRQHandler               
00004823  TA2_0_IRQHandler               
000048fb  TA2_N_IRQHandler               
000048fb  TA2_N_IRQHandler               
00004845  TA3_0_IRQHandler               
00004845  TA3_0_IRQHandler               
00004915  TA3_N_IRQHandler               
00004915  TA3_N_IRQHandler               
00006e67  TimerA_CCR0INT_init            
00004f15  TimerA_CCRVAL_set              
00006eb9  TimerA_CCRnINT_init            
00004b2b  TimerA_CLK_set                 
00004a85  TimerA_MOD_sel                 
00004ced  TimerA_NVIC_IRQ_set            
00004e65  TimerA_disable_CCRnIRQ         
00004db5  TimerA_enable_CCRnIRQ          
200024b4  TxBluetooth                    
200024a2  UART0_RXDat                    
200024a1  UART2_RXDat                    
200024a0  UART3_RXDat                    
00003d51  UART_BRS_val                   
00003e71  UART_Baunds_set                
00003c59  UART_CLK_sel                   
00003b5d  UART_IRQRX_set                 
00003ae1  UART_IRQ_set                   
00003c05  UART_PIN_sel                   
00003bb1  UART_USIC_init                 
000040a5  UART_init                      
00004185  UART_recv_Byte                 
00004111  UART_send_Byte                 
00004271  UART_send_int                  
00004215  UART_send_short                
000041d9  UART_send_string               
000086e1  UsageFault_Handler             
4000480c  WDTCTL_SYM                     
000086e1  WDT_A_IRQHandler               
20010000  __STACK_END                    
00000200  __STACK_SIZE                   
00000400  __SYSMEM_SIZE                  
00009638  __TI_CINIT_Base                
00009648  __TI_CINIT_Limit               
00009620  __TI_Handler_Table_Base        
0000962c  __TI_Handler_Table_Limit       
00008439  __TI_auto_init_nobinit_nopinit 
00008185  __TI_decompress_lzss           
000086c7  __TI_decompress_none           
000082ff  __TI_ltoa                      
ffffffff  __TI_pprof_out_hndl            
000027a1  __TI_printfi                   
ffffffff  __TI_prof_data_size            
ffffffff  __TI_prof_data_start           
00000000  __TI_static_base__             
00008605  __TI_zero_init_nomemset        
00007eb1  __aeabi_cdcmpeq                
00007eb1  __aeabi_cdcmple                
00007f37  __aeabi_cdrcmple               
00008117  __aeabi_d2f                    
000083f1  __aeabi_d2iz                   
00006a8b  __aeabi_dadd                   
000071d1  __aeabi_ddiv                   
0000763d  __aeabi_dmul                   
00006a81  __aeabi_dsub                   
000086ed  __aeabi_errno_addr             
000084fb  __aeabi_f2d                    
00008569  __aeabi_i2d                    
00007307  __aeabi_idiv0                  
00007307  __aeabi_ldiv0                  
00007fbd  __aeabi_memclr                 
00007fbd  __aeabi_memclr4                
00007fbd  __aeabi_memclr8                
00007c57  __aeabi_memcpy                 
00007c57  __aeabi_memcpy4                
00007c57  __aeabi_memcpy8                
00007fbf  __aeabi_memset                 
00007fbf  __aeabi_memset4                
00007fbf  __aeabi_memset8                
000085e5  __aeabi_ui2d                   
00007d8d  __aeabi_uldivmod               
ffffffff  __binit__                      
ffffffff  __c_args__                     
UNDEFED   __mpu_init                     
2000fe00  __stack                        
20000000  __start___llvm_prf_cnts        
20000000  __stop___llvm_prf_cnts         
00008535  _c_int00_noargs                
0000909c  _ctypes_                       
20002488  _lock                          
000031ef  _nop                           
200024d8  _sys_memory                    
UNDEFED   _system_post_cinit             
000086fd  _system_pre_init               
2000248c  _unlock                        
00008701  abort                          
0000753d  aligned_alloc                  
200024d5  angle_pid_control              
000083a5  atoi                           
ffffffff  binit                          
20000000  bmp_pixel1                     
00006f73  boy_angle_to_duty              
00006019  boy_anglepid_init              
00006905  boy_bluetooth_receive_data     
000068c9  boy_bluetooth_send_data        
00006a03  boy_bluetooth_task1            
00006a15  boy_bluetooth_task2            
00006a27  boy_bluetooth_task3            
00006a39  boy_bluetooth_task4            
00006c77  boy_bubbleSort                 
00007739  boy_camera_receive_data        
000065d5  boy_direction_and_speed_control
0000659d  boy_distance_to_position       
00006fe1  boy_duty_to_angle              
000064f5  boy_duty_to_speed              
00007e87  boy_encoder_clear              
00007e25  boy_encoder_init               
00007831  boy_grayscale_init             
00008251  boy_led_or_beep_init           
000064c1  boy_motor_init                 
00006565  boy_position_to_distance       
00005fe3  boy_positionpid_init           
00007859  boy_read_grayscale             
00007e39  boy_speed_and_position_get     
0000652d  boy_speed_to_duty              
00005fa9  boy_speedpid_init              
00006f41  boy_steer_init                 
00007041  boy_steer_set                  
00006c57  boy_swap                       
00006d7b  boy_ultrasonic_get_distance    
00006c37  boy_ultrasonic_init            
00006cef  boy_ultrasonic_median_filter   
00008659  copysign                       
00008659  copysignl                      
2000246c  count                          
20002460  dirf                           
200024c4  duty                           
20002980  encoder_A                      
20002988  encoder_B                      
20002990  encoder_C                      
20002998  encoder_D                      
00005581  encoder_IncTypeDef_init        
000055dd  encoder_dirpin_init            
00005685  encoder_init                   
00005635  encoder_interrupt_init         
200024c8  errno                          
00005085  error                          
00007919  free                           
000081ed  frexp                          
000081ed  frexpl                         
000022df  gpio_clr_GPIOIRQFLG            
0000226d  gpio_disable_IRQ               
000020ed  gpio_disable_Ren               
00002361  gpio_edg_sel                   
000021d5  gpio_enable_IRQ                
0000202d  gpio_enable_Ren                
00002571  gpio_get                       
000024e1  gpio_init                      
00002481  gpio_interrupt_INIT            
00002661  gpio_set                       
00001dc5  gpio_set_Asin                  
00001d05  gpio_set_Asout                 
00001e85  gpio_set_High                  
00001f45  gpio_set_Low                   
00002691  gpio_toggle                    
00000000  interruptVectors               
0000742d  ldexp                          
0000742d  ldexpl                         
20002450  left_real_position             
20002438  left_real_speed                
20002458  left_target_angle              
20002448  left_target_position           
20002440  left_target_speed              
00007cf3  main                           
000086f5  malloc                         
0000753d  memalign                       
0000863d  memccpy                        
00007c57  memcpy                         
00007fc5  memset                         
000000e5  num_pow                        
20002464  page_count                     
00006dd1  period_cvert                   
20002908  pidPosition                    
20002930  pidSpeed                       
0000605f  pid_get_PID                    
20002958  pidangle                       
200024d4  position_pid_control           
00005b87  pwm_duty                       
00005a71  pwm_init                       
000059e5  pwm_period_set                 
00005935  pwm_pin_init                   
20002454  right_real_position            
2000243c  right_real_speed               
2000245c  right_target_angle             
2000244c  right_target_position          
20002444  right_target_speed             
0000742d  scalbn                         
0000742d  scalbnl                        
0000537d  set_DCO_48MH                   
00005415  set_clock_period               
200024d3  speed_pid_control              
0000847d  sprintf                        
00000115  sqr                            
20002468  start_flag                     
00007b11  steer_limit                    
00007b77  steer_pwm_duty                 
00007add  steer_pwm_init                 
0000868b  strchr                         
000086a1  strlen                         
20002498  sysc                           
000054db  system_init                    
000054cd  systic_clr                     
00005523  systic_delayms                 
00005505  systic_delayus                 
00005459  systic_end                     
0000541f  systic_init                    
0000546d  systic_read                    
00005443  systic_start                   
2000249c  systim                         
20002470  testA                          
20002474  testB                          
2000247c  trail                          
000086b5  wcslen                         


GLOBAL SYMBOLS: SORTED BY Symbol Address 

address   name                           
-------   ----                           
00000000  __TI_static_base__             
00000000  interruptVectors               
000000e5  num_pow                        
00000115  sqr                            
0000018d  OLED_SPI_configuration         
000001cd  SPI_write_byte                 
00000200  __STACK_SIZE                   
00000237  OLED_SPI_write_cmd             
0000026f  OLED_SPI_write_data            
000002a7  OLED_SetPos                    
000002df  OLED_fill                      
00000357  OLED_clr                       
00000361  OLED_Draw_Pixel                
00000400  __SYSMEM_SIZE                  
00000479  OLED_Draw_line                 
00000acd  OLED_Draw_Rectangle            
00000b73  OLED_Draw_Circle               
00000c83  OLED_Show_Char                 
00000e55  OLED_Show_String               
00000eb1  OLED_Show_Num                  
00000fd9  OLED_Show_float                
00001161  OLED_Show_Hanzi                
0000126f  OLED_Draw_Bmp                  
0000132d  OLED_Draw_BmpPixel             
00001429  OLED_init                      
00001505  OLED_ON                        
0000151b  OLED_OFF                       
00001535  GDDRAM_Map_clr                 
0000158f  GDDRAM_Map_set                 
000015cd  OLED_test                      
00001d05  gpio_set_Asout                 
00001dc5  gpio_set_Asin                  
00001e85  gpio_set_High                  
00001f45  gpio_set_Low                   
0000202d  gpio_enable_Ren                
000020ed  gpio_disable_Ren               
000021d5  gpio_enable_IRQ                
0000226d  gpio_disable_IRQ               
000022df  gpio_clr_GPIOIRQFLG            
00002361  gpio_edg_sel                   
00002481  gpio_interrupt_INIT            
000024e1  gpio_init                      
00002571  gpio_get                       
00002661  gpio_set                       
00002691  gpio_toggle                    
000027a1  __TI_printfi                   
000031ef  _nop                           
000031f1  ADC14_convert_enable           
000031fd  ADC14_convert_disable          
00003209  ADC14_convert_start            
00003215  ADC14_convert_end              
00003221  ADC14_start                    
000032bf  ADC14_read_data                
00003435  ADC14_CHA_sel                  
00003549  ADC14_CLK_sel                  
00003647  ADC14_PREC_sel                 
000036a1  ADC14_init                     
00003701  ADC14_CHAEND_set               
000037f9  ADC14_MEM_set                  
000038fd  ADC14_IRQFG_set                
00003989  ADC14_repeatmod_init           
00003a01  ADC14_repeatmod_rec            
00003a55  ADC14_IRQHandler               
00003a55  ADC14_IRQHandler               
00003ae1  UART_IRQ_set                   
00003b5d  UART_IRQRX_set                 
00003bb1  UART_USIC_init                 
00003c05  UART_PIN_sel                   
00003c59  UART_CLK_sel                   
00003d51  UART_BRS_val                   
00003e71  UART_Baunds_set                
000040a5  UART_init                      
00004111  UART_send_Byte                 
00004185  UART_recv_Byte                 
000041d9  UART_send_string               
00004215  UART_send_short                
00004271  UART_send_int                  
000042ad  EUSCIA0_IRQHandler             
000042ad  EUSCIA0_IRQHandler             
000042c5  EUSCIA1_IRQHandler             
000042c5  EUSCIA1_IRQHandler             
000042d9  EUSCIA2_IRQHandler             
000042d9  EUSCIA2_IRQHandler             
000042f5  EUSCIA3_IRQHandler             
000042f5  EUSCIA3_IRQHandler             
00004345  PORT1_IRQHandler               
00004345  PORT1_IRQHandler               
000043ef  PORT2_IRQHandler               
000043ef  PORT2_IRQHandler               
000044bb  PORT3_IRQHandler               
000044bb  PORT3_IRQHandler               
00004573  PORT4_IRQHandler               
00004573  PORT4_IRQHandler               
00004651  PORT5_IRQHandler               
00004651  PORT5_IRQHandler               
00004725  PORT6_IRQHandler               
00004725  PORT6_IRQHandler               
00004801  TA0_0_IRQHandler               
00004801  TA0_0_IRQHandler               
00004817  TA1_0_IRQHandler               
00004817  TA1_0_IRQHandler               
00004823  TA2_0_IRQHandler               
00004823  TA2_0_IRQHandler               
00004845  TA3_0_IRQHandler               
00004845  TA3_0_IRQHandler               
000048f7  TA0_N_IRQHandler               
000048f7  TA0_N_IRQHandler               
000048f9  TA1_N_IRQHandler               
000048f9  TA1_N_IRQHandler               
000048fb  TA2_N_IRQHandler               
000048fb  TA2_N_IRQHandler               
00004915  TA3_N_IRQHandler               
00004915  TA3_N_IRQHandler               
00004a85  TimerA_MOD_sel                 
00004b2b  TimerA_CLK_set                 
00004ced  TimerA_NVIC_IRQ_set            
00004db5  TimerA_enable_CCRnIRQ          
00004e65  TimerA_disable_CCRnIRQ         
00004f15  TimerA_CCRVAL_set              
00004f95  CCRn_MOD_sel                   
00005085  error                          
000050ad  CS_unlocked                    
000050b7  CS_locked                      
000050bf  DCO_set                        
00005135  MCLK_set                       
00005255  SMCLK_set                      
0000537d  set_DCO_48MH                   
00005415  set_clock_period               
0000541f  systic_init                    
00005443  systic_start                   
00005459  systic_end                     
0000546d  systic_read                    
000054cd  systic_clr                     
000054db  system_init                    
000054fb  SysTick_Handler                
000054fb  SysTick_Handler                
00005505  systic_delayus                 
00005523  systic_delayms                 
00005581  encoder_IncTypeDef_init        
000055dd  encoder_dirpin_init            
00005635  encoder_interrupt_init         
00005685  encoder_init                   
0000572d  GET_encoder_num                
00005769  GET_encoder_dir                
000057a5  Encoder_clr                    
000057f9  OLED_show                      
000058bd  ENCODER_TEST                   
00005935  pwm_pin_init                   
000059e5  pwm_period_set                 
00005a71  pwm_init                       
00005b87  pwm_duty                       
00005c1b  PWM_TEST                       
00005c75  SystemCoreClockUpdate          
00005eed  SystemInit                     
00005fa9  boy_speedpid_init              
00005fe3  boy_positionpid_init           
00006019  boy_anglepid_init              
0000605f  pid_get_PID                    
000064c1  boy_motor_init                 
000064f5  boy_duty_to_speed              
0000652d  boy_speed_to_duty              
00006565  boy_position_to_distance       
0000659d  boy_distance_to_position       
000065d5  boy_direction_and_speed_control
000068c9  boy_bluetooth_send_data        
00006905  boy_bluetooth_receive_data     
00006a03  boy_bluetooth_task1            
00006a15  boy_bluetooth_task2            
00006a27  boy_bluetooth_task3            
00006a39  boy_bluetooth_task4            
00006a81  __aeabi_dsub                   
00006a8b  __aeabi_dadd                   
00006c37  boy_ultrasonic_init            
00006c57  boy_swap                       
00006c77  boy_bubbleSort                 
00006cef  boy_ultrasonic_median_filter   
00006d7b  boy_ultrasonic_get_distance    
00006dd1  period_cvert                   
00006e67  TimerA_CCR0INT_init            
00006eb9  TimerA_CCRnINT_init            
00006f41  boy_steer_init                 
00006f73  boy_angle_to_duty              
00006fe1  boy_duty_to_angle              
00007041  boy_steer_set                  
000071d1  __aeabi_ddiv                   
00007307  __aeabi_idiv0                  
00007307  __aeabi_ldiv0                  
0000742d  ldexp                          
0000742d  ldexpl                         
0000742d  scalbn                         
0000742d  scalbnl                        
0000753d  aligned_alloc                  
0000753d  memalign                       
0000763d  __aeabi_dmul                   
00007739  boy_camera_receive_data        
00007831  boy_grayscale_init             
00007859  boy_read_grayscale             
00007919  free                           
000079fd  HC_SR04_init                   
00007a19  HC_SR04_dis                    
00007add  steer_pwm_init                 
00007b11  steer_limit                    
00007b77  steer_pwm_duty                 
00007c57  __aeabi_memcpy                 
00007c57  __aeabi_memcpy4                
00007c57  __aeabi_memcpy8                
00007c57  memcpy                         
00007cf3  main                           
00007d8d  __aeabi_uldivmod               
00007e25  boy_encoder_init               
00007e39  boy_speed_and_position_get     
00007e87  boy_encoder_clear              
00007eb1  __aeabi_cdcmpeq                
00007eb1  __aeabi_cdcmple                
00007f37  __aeabi_cdrcmple               
00007fbd  __aeabi_memclr                 
00007fbd  __aeabi_memclr4                
00007fbd  __aeabi_memclr8                
00007fbf  __aeabi_memset                 
00007fbf  __aeabi_memset4                
00007fbf  __aeabi_memset8                
00007fc5  memset                         
00008117  __aeabi_d2f                    
00008185  __TI_decompress_lzss           
000081ed  frexp                          
000081ed  frexpl                         
00008251  boy_led_or_beep_init           
000082ff  __TI_ltoa                      
000083a5  atoi                           
000083f1  __aeabi_d2iz                   
00008439  __TI_auto_init_nobinit_nopinit 
0000847d  sprintf                        
000084fb  __aeabi_f2d                    
00008535  _c_int00_noargs                
00008569  __aeabi_i2d                    
000085c1  Interrupt_setPriority          
000085e5  __aeabi_ui2d                   
00008605  __TI_zero_init_nomemset        
0000863d  memccpy                        
00008659  copysign                       
00008659  copysignl                      
0000868b  strchr                         
000086a1  strlen                         
000086b5  wcslen                         
000086c7  __TI_decompress_none           
000086d5  Reset_Handler                  
000086e1  AES256_IRQHandler              
000086e1  BusFault_Handler               
000086e1  COMP_E0_IRQHandler             
000086e1  COMP_E1_IRQHandler             
000086e1  CS_IRQHandler                  
000086e1  DMA_ERR_IRQHandler             
000086e1  DMA_INT0_IRQHandler            
000086e1  DMA_INT1_IRQHandler            
000086e1  DMA_INT2_IRQHandler            
000086e1  DMA_INT3_IRQHandler            
000086e1  DebugMon_Handler               
000086e1  Default_Handler                
000086e1  EUSCIB0_IRQHandler             
000086e1  EUSCIB1_IRQHandler             
000086e1  EUSCIB2_IRQHandler             
000086e1  EUSCIB3_IRQHandler             
000086e1  FLCTL_IRQHandler               
000086e1  FPU_IRQHandler                 
000086e1  HardFault_Handler              
000086e1  MemManage_Handler              
000086e1  NMI_Handler                    
000086e1  PCM_IRQHandler                 
000086e1  PSS_IRQHandler                 
000086e1  PendSV_Handler                 
000086e1  RTC_C_IRQHandler               
000086e1  SVC_Handler                    
000086e1  T32_INT1_IRQHandler            
000086e1  T32_INT2_IRQHandler            
000086e1  T32_INTC_IRQHandler            
000086e1  UsageFault_Handler             
000086e1  WDT_A_IRQHandler               
000086ed  __aeabi_errno_addr             
000086f5  malloc                         
000086fd  _system_pre_init               
00008701  C$$EXIT                        
00008701  abort                          
00008704  F8x16                          
00008cf4  F6x8                           
00008f1c  Chiness                        
0000909c  _ctypes_                       
000091a0  FP_N                           
00009290  BRS                            
00009620  __TI_Handler_Table_Base        
0000962c  __TI_Handler_Table_Limit       
00009638  __TI_CINIT_Base                
00009648  __TI_CINIT_Limit               
20000000  __start___llvm_prf_cnts        
20000000  __stop___llvm_prf_cnts         
20000000  bmp_pixel1                     
20002000  GDDRAM                         
20002400  CCRn_period_val                
20002438  left_real_speed                
2000243c  right_real_speed               
20002440  left_target_speed              
20002444  right_target_speed             
20002448  left_target_position           
2000244c  right_target_position          
20002450  left_real_position             
20002454  right_real_position            
20002458  left_target_angle              
2000245c  right_target_angle             
20002460  dirf                           
20002464  page_count                     
20002468  start_flag                     
2000246c  count                          
20002470  testA                          
20002474  testB                          
20002478  IRQ3_5flag                     
20002479  IRQ4_6flag                     
2000247a  A_flag                         
2000247b  B_flag                         
2000247c  trail                          
20002488  _lock                          
2000248c  _unlock                        
20002498  sysc                           
2000249c  systim                         
200024a0  UART3_RXDat                    
200024a1  UART2_RXDat                    
200024a2  UART0_RXDat                    
200024a4  BRCLK                          
200024b4  TxBluetooth                    
200024ba  RxBluetooth                    
200024be  RxCamera                       
200024c4  duty                           
200024c8  errno                          
200024cc  SystemCoreClock                
200024d3  speed_pid_control              
200024d4  position_pid_control           
200024d5  angle_pid_control              
200024d8  _sys_memory                    
200028d8  ADC14_STRUCT                   
20002908  pidPosition                    
20002930  pidSpeed                       
20002958  pidangle                       
20002980  encoder_A                      
20002988  encoder_B                      
20002990  encoder_C                      
20002998  encoder_D                      
2000fe00  __stack                        
20010000  __STACK_END                    
4000480c  WDTCTL_SYM                     
ffffffff  __TI_pprof_out_hndl            
ffffffff  __TI_prof_data_size            
ffffffff  __TI_prof_data_start           
ffffffff  __binit__                      
ffffffff  __c_args__                     
ffffffff  binit                          
UNDEFED   __mpu_init                     
UNDEFED   _system_post_cinit             

[355 symbols]
