<?xml version="1.0" encoding="ISO-8859-1" ?>
<link_info>
   <banner>TI ARM Linker PC v20.2.7.LTS</banner>
   <copyright>Copyright (c) 1996-2018 Texas Instruments Incorporated</copyright>
   <link_time>0x64c7f57e</link_time>
   <link_errors>0x0</link_errors>
   <output_file>02BoyLuc_led.out</output_file>
   <entry_point>
      <name>_c_int00_noargs</name>
      <address>0x7d05</address>
   </entry_point>
   <input_file_list>
      <input_file id="fl-2">
         <path>.\</path>
         <kind>object</kind>
         <file>main.obj</file>
         <name>main.obj</name>
      </input_file>
      <input_file id="fl-3">
         <path>.\</path>
         <kind>object</kind>
         <file>startup_msp432p401r_ccs.obj</file>
         <name>startup_msp432p401r_ccs.obj</name>
      </input_file>
      <input_file id="fl-4">
         <path>.\</path>
         <kind>object</kind>
         <file>system_msp432p401r.obj</file>
         <name>system_msp432p401r.obj</name>
      </input_file>
      <input_file id="fl-5">
         <path>.\boylibs\</path>
         <kind>object</kind>
         <file>boyGrayscale.obj</file>
         <name>boyGrayscale.obj</name>
      </input_file>
      <input_file id="fl-6">
         <path>.\boylibs\</path>
         <kind>object</kind>
         <file>boybluetooth.obj</file>
         <name>boybluetooth.obj</name>
      </input_file>
      <input_file id="fl-7">
         <path>.\boylibs\</path>
         <kind>object</kind>
         <file>boycamera.obj</file>
         <name>boycamera.obj</name>
      </input_file>
      <input_file id="fl-8">
         <path>.\boylibs\</path>
         <kind>object</kind>
         <file>boyencoder.obj</file>
         <name>boyencoder.obj</name>
      </input_file>
      <input_file id="fl-9">
         <path>.\boylibs\</path>
         <kind>object</kind>
         <file>boykey.obj</file>
         <name>boykey.obj</name>
      </input_file>
      <input_file id="fl-a">
         <path>.\boylibs\</path>
         <kind>object</kind>
         <file>boyled.obj</file>
         <name>boyled.obj</name>
      </input_file>
      <input_file id="fl-b">
         <path>.\boylibs\</path>
         <kind>object</kind>
         <file>boymotor.obj</file>
         <name>boymotor.obj</name>
      </input_file>
      <input_file id="fl-c">
         <path>.\boylibs\</path>
         <kind>object</kind>
         <file>boypid.obj</file>
         <name>boypid.obj</name>
      </input_file>
      <input_file id="fl-d">
         <path>.\boylibs\</path>
         <kind>object</kind>
         <file>boysteer.obj</file>
         <name>boysteer.obj</name>
      </input_file>
      <input_file id="fl-e">
         <path>.\boylibs\</path>
         <kind>object</kind>
         <file>boyultrasonic.obj</file>
         <name>boyultrasonic.obj</name>
      </input_file>
      <input_file id="fl-f">
         <path>.\exinlibs\</path>
         <kind>object</kind>
         <file>ADS1292.obj</file>
         <name>ADS1292.obj</name>
      </input_file>
      <input_file id="fl-10">
         <path>.\exinlibs\</path>
         <kind>object</kind>
         <file>ADS_RCV.obj</file>
         <name>ADS_RCV.obj</name>
      </input_file>
      <input_file id="fl-11">
         <path>.\exinlibs\</path>
         <kind>object</kind>
         <file>LMT70RD.obj</file>
         <name>LMT70RD.obj</name>
      </input_file>
      <input_file id="fl-12">
         <path>.\exinlibs\</path>
         <kind>object</kind>
         <file>OV_RCV.obj</file>
         <name>OV_RCV.obj</name>
      </input_file>
      <input_file id="fl-13">
         <path>.\exinlibs\</path>
         <kind>object</kind>
         <file>Oscill_OLED.obj</file>
         <name>Oscill_OLED.obj</name>
      </input_file>
      <input_file id="fl-14">
         <path>.\exinlibs\</path>
         <kind>object</kind>
         <file>exinADC.obj</file>
         <name>exinADC.obj</name>
      </input_file>
      <input_file id="fl-15">
         <path>.\exinlibs\</path>
         <kind>object</kind>
         <file>exinADC0832.obj</file>
         <name>exinADC0832.obj</name>
      </input_file>
      <input_file id="fl-16">
         <path>.\exinlibs\</path>
         <kind>object</kind>
         <file>exinHC_SR04.obj</file>
         <name>exinHC_SR04.obj</name>
      </input_file>
      <input_file id="fl-17">
         <path>.\exinlibs\</path>
         <kind>object</kind>
         <file>exinIIC.obj</file>
         <name>exinIIC.obj</name>
      </input_file>
      <input_file id="fl-18">
         <path>.\exinlibs\</path>
         <kind>object</kind>
         <file>exinMPU6050.obj</file>
         <name>exinMPU6050.obj</name>
      </input_file>
      <input_file id="fl-19">
         <path>.\exinlibs\</path>
         <kind>object</kind>
         <file>exinTimerA.obj</file>
         <name>exinTimerA.obj</name>
      </input_file>
      <input_file id="fl-1a">
         <path>.\exinlibs\</path>
         <kind>object</kind>
         <file>exinTimerAINT.obj</file>
         <name>exinTimerAINT.obj</name>
      </input_file>
      <input_file id="fl-1b">
         <path>.\exinlibs\</path>
         <kind>object</kind>
         <file>exin_library_map_guide.obj</file>
         <name>exin_library_map_guide.obj</name>
      </input_file>
      <input_file id="fl-1c">
         <path>.\exinlibs\</path>
         <kind>object</kind>
         <file>exinadjust.obj</file>
         <name>exinadjust.obj</name>
      </input_file>
      <input_file id="fl-1d">
         <path>.\exinlibs\</path>
         <kind>object</kind>
         <file>exineeprom.obj</file>
         <name>exineeprom.obj</name>
      </input_file>
      <input_file id="fl-1e">
         <path>.\exinlibs\</path>
         <kind>object</kind>
         <file>exinencoder.obj</file>
         <name>exinencoder.obj</name>
      </input_file>
      <input_file id="fl-1f">
         <path>.\exinlibs\</path>
         <kind>object</kind>
         <file>exingpio.obj</file>
         <name>exingpio.obj</name>
      </input_file>
      <input_file id="fl-20">
         <path>.\exinlibs\</path>
         <kind>object</kind>
         <file>exinisr.obj</file>
         <name>exinisr.obj</name>
      </input_file>
      <input_file id="fl-21">
         <path>.\exinlibs\</path>
         <kind>object</kind>
         <file>exinkey.obj</file>
         <name>exinkey.obj</name>
      </input_file>
      <input_file id="fl-22">
         <path>.\exinlibs\</path>
         <kind>object</kind>
         <file>exinmotor.obj</file>
         <name>exinmotor.obj</name>
      </input_file>
      <input_file id="fl-23">
         <path>.\exinlibs\</path>
         <kind>object</kind>
         <file>exinoled.obj</file>
         <name>exinoled.obj</name>
      </input_file>
      <input_file id="fl-24">
         <path>.\exinlibs\</path>
         <kind>object</kind>
         <file>exinpwm.obj</file>
         <name>exinpwm.obj</name>
      </input_file>
      <input_file id="fl-25">
         <path>.\exinlibs\</path>
         <kind>object</kind>
         <file>exinsteer.obj</file>
         <name>exinsteer.obj</name>
      </input_file>
      <input_file id="fl-26">
         <path>.\exinlibs\</path>
         <kind>object</kind>
         <file>exinsystem.obj</file>
         <name>exinsystem.obj</name>
      </input_file>
      <input_file id="fl-27">
         <path>.\exinlibs\</path>
         <kind>object</kind>
         <file>exinuart.obj</file>
         <name>exinuart.obj</name>
      </input_file>
      <input_file id="fl-28">
         <path>.\exinlibs\</path>
         <kind>object</kind>
         <file>serial.obj</file>
         <name>serial.obj</name>
      </input_file>
      <input_file id="fl-2d">
         <kind>object</kind>
         <file>&lt;internal&gt;</file>
         <name>&lt;internal&gt;</name>
      </input_file>
      <input_file id="fl-e3">
         <path>D:\Software_installation\CCSIDE\ti\ccs1230\ccs\tools\compiler\ti-cgt-arm_20.2.7.LTS\lib\</path>
         <kind>archive</kind>
         <file>rtsv7M4_T_le_v4SPD16_eabi.lib</file>
         <name>e_sqrt.c.obj</name>
      </input_file>
      <input_file id="fl-e4">
         <path>D:\Software_installation\CCSIDE\ti\ccs1230\ccs\tools\compiler\ti-cgt-arm_20.2.7.LTS\lib\</path>
         <kind>archive</kind>
         <file>rtsv7M4_T_le_v4SPD16_eabi.lib</file>
         <name>s_atan.c.obj</name>
      </input_file>
      <input_file id="fl-e5">
         <path>D:\Software_installation\CCSIDE\ti\ccs1230\ccs\tools\compiler\ti-cgt-arm_20.2.7.LTS\lib\</path>
         <kind>archive</kind>
         <file>rtsv7M4_T_le_v4SPD16_eabi.lib</file>
         <name>sprintf.c.obj</name>
      </input_file>
      <input_file id="fl-e6">
         <path>D:\Software_installation\CCSIDE\ti\ccs1230\ccs\tools\compiler\ti-cgt-arm_20.2.7.LTS\lib\</path>
         <kind>archive</kind>
         <file>rtsv7M4_T_le_v4SPD16_eabi.lib</file>
         <name>fd_add_t2.asm.obj</name>
      </input_file>
      <input_file id="fl-e7">
         <path>D:\Software_installation\CCSIDE\ti\ccs1230\ccs\tools\compiler\ti-cgt-arm_20.2.7.LTS\lib\</path>
         <kind>archive</kind>
         <file>rtsv7M4_T_le_v4SPD16_eabi.lib</file>
         <name>fd_cmp_t2.asm.obj</name>
      </input_file>
      <input_file id="fl-e8">
         <path>D:\Software_installation\CCSIDE\ti\ccs1230\ccs\tools\compiler\ti-cgt-arm_20.2.7.LTS\lib\</path>
         <kind>archive</kind>
         <file>rtsv7M4_T_le_v4SPD16_eabi.lib</file>
         <name>fd_div_t2.asm.obj</name>
      </input_file>
      <input_file id="fl-e9">
         <path>D:\Software_installation\CCSIDE\ti\ccs1230\ccs\tools\compiler\ti-cgt-arm_20.2.7.LTS\lib\</path>
         <kind>archive</kind>
         <file>rtsv7M4_T_le_v4SPD16_eabi.lib</file>
         <name>fd_mul_t2.asm.obj</name>
      </input_file>
      <input_file id="fl-ea">
         <path>D:\Software_installation\CCSIDE\ti\ccs1230\ccs\tools\compiler\ti-cgt-arm_20.2.7.LTS\lib\</path>
         <kind>archive</kind>
         <file>rtsv7M4_T_le_v4SPD16_eabi.lib</file>
         <name>fd_toi_t2.asm.obj</name>
      </input_file>
      <input_file id="fl-eb">
         <path>D:\Software_installation\CCSIDE\ti\ccs1230\ccs\tools\compiler\ti-cgt-arm_20.2.7.LTS\lib\</path>
         <kind>archive</kind>
         <file>rtsv7M4_T_le_v4SPD16_eabi.lib</file>
         <name>fd_tos_t2.asm.obj</name>
      </input_file>
      <input_file id="fl-ec">
         <path>D:\Software_installation\CCSIDE\ti\ccs1230\ccs\tools\compiler\ti-cgt-arm_20.2.7.LTS\lib\</path>
         <kind>archive</kind>
         <file>rtsv7M4_T_le_v4SPD16_eabi.lib</file>
         <name>fs_tod_t2.asm.obj</name>
      </input_file>
      <input_file id="fl-ed">
         <path>D:\Software_installation\CCSIDE\ti\ccs1230\ccs\tools\compiler\ti-cgt-arm_20.2.7.LTS\lib\</path>
         <kind>archive</kind>
         <file>rtsv7M4_T_le_v4SPD16_eabi.lib</file>
         <name>i_tofd_t2.asm.obj</name>
      </input_file>
      <input_file id="fl-ee">
         <path>D:\Software_installation\CCSIDE\ti\ccs1230\ccs\tools\compiler\ti-cgt-arm_20.2.7.LTS\lib\</path>
         <kind>archive</kind>
         <file>rtsv7M4_T_le_v4SPD16_eabi.lib</file>
         <name>memcpy_t2.asm.obj</name>
      </input_file>
      <input_file id="fl-ef">
         <path>D:\Software_installation\CCSIDE\ti\ccs1230\ccs\tools\compiler\ti-cgt-arm_20.2.7.LTS\lib\</path>
         <kind>archive</kind>
         <file>rtsv7M4_T_le_v4SPD16_eabi.lib</file>
         <name>u_tofd_t2.asm.obj</name>
      </input_file>
      <input_file id="fl-f0">
         <path>D:\Software_installation\CCSIDE\ti\ccs1230\ccs\tools\compiler\ti-cgt-arm_20.2.7.LTS\lib\</path>
         <kind>archive</kind>
         <file>rtsv7M4_T_le_v4SPD16_eabi.lib</file>
         <name>memset_t2.asm.obj</name>
      </input_file>
      <input_file id="fl-f1">
         <path>D:\Software_installation\CCSIDE\ti\ccs1230\ccs\tools\compiler\ti-cgt-arm_20.2.7.LTS\lib\</path>
         <kind>archive</kind>
         <file>rtsv7M4_T_le_v4SPD16_eabi.lib</file>
         <name>copy_zero_init.c.obj</name>
      </input_file>
      <input_file id="fl-f2">
         <path>D:\Software_installation\CCSIDE\ti\ccs1230\ccs\tools\compiler\ti-cgt-arm_20.2.7.LTS\lib\</path>
         <kind>archive</kind>
         <file>rtsv7M4_T_le_v4SPD16_eabi.lib</file>
         <name>copy_decompress_none.c.obj</name>
      </input_file>
      <input_file id="fl-f3">
         <path>D:\Software_installation\CCSIDE\ti\ccs1230\ccs\tools\compiler\ti-cgt-arm_20.2.7.LTS\lib\</path>
         <kind>archive</kind>
         <file>rtsv7M4_T_le_v4SPD16_eabi.lib</file>
         <name>copy_decompress_lzss.c.obj</name>
      </input_file>
      <input_file id="fl-f4">
         <path>D:\Software_installation\CCSIDE\ti\ccs1230\ccs\tools\compiler\ti-cgt-arm_20.2.7.LTS\lib\</path>
         <kind>archive</kind>
         <file>rtsv7M4_T_le_v4SPD16_eabi.lib</file>
         <name>memory.c.obj</name>
      </input_file>
      <input_file id="fl-f5">
         <path>D:\Software_installation\CCSIDE\ti\ccs1230\ccs\tools\compiler\ti-cgt-arm_20.2.7.LTS\lib\</path>
         <kind>archive</kind>
         <file>rtsv7M4_T_le_v4SPD16_eabi.lib</file>
         <name>boot_cortex_m.c.obj</name>
      </input_file>
      <input_file id="fl-f6">
         <path>D:\Software_installation\CCSIDE\ti\ccs1230\ccs\tools\compiler\ti-cgt-arm_20.2.7.LTS\lib\</path>
         <kind>archive</kind>
         <file>rtsv7M4_T_le_v4SPD16_eabi.lib</file>
         <name>errno.c.obj</name>
      </input_file>
      <input_file id="fl-f7">
         <path>D:\Software_installation\CCSIDE\ti\ccs1230\ccs\tools\compiler\ti-cgt-arm_20.2.7.LTS\lib\</path>
         <kind>archive</kind>
         <file>rtsv7M4_T_le_v4SPD16_eabi.lib</file>
         <name>_printfi.c.obj</name>
      </input_file>
      <input_file id="fl-f8">
         <path>D:\Software_installation\CCSIDE\ti\ccs1230\ccs\tools\compiler\ti-cgt-arm_20.2.7.LTS\lib\</path>
         <kind>archive</kind>
         <file>rtsv7M4_T_le_v4SPD16_eabi.lib</file>
         <name>ull_div_t2.asm.obj</name>
      </input_file>
      <input_file id="fl-f9">
         <path>D:\Software_installation\CCSIDE\ti\ccs1230\ccs\tools\compiler\ti-cgt-arm_20.2.7.LTS\lib\</path>
         <kind>archive</kind>
         <file>rtsv7M4_T_le_v4SPD16_eabi.lib</file>
         <name>autoinit.c.obj</name>
      </input_file>
      <input_file id="fl-fa">
         <path>D:\Software_installation\CCSIDE\ti\ccs1230\ccs\tools\compiler\ti-cgt-arm_20.2.7.LTS\lib\</path>
         <kind>archive</kind>
         <file>rtsv7M4_T_le_v4SPD16_eabi.lib</file>
         <name>pre_init.c.obj</name>
      </input_file>
      <input_file id="fl-fb">
         <path>D:\Software_installation\CCSIDE\ti\ccs1230\ccs\tools\compiler\ti-cgt-arm_20.2.7.LTS\lib\</path>
         <kind>archive</kind>
         <file>rtsv7M4_T_le_v4SPD16_eabi.lib</file>
         <name>cpy_tbl.c.obj</name>
      </input_file>
      <input_file id="fl-fc">
         <path>D:\Software_installation\CCSIDE\ti\ccs1230\ccs\tools\compiler\ti-cgt-arm_20.2.7.LTS\lib\</path>
         <kind>archive</kind>
         <file>rtsv7M4_T_le_v4SPD16_eabi.lib</file>
         <name>exit.c.obj</name>
      </input_file>
      <input_file id="fl-fd">
         <path>D:\Software_installation\CCSIDE\ti\ccs1230\ccs\tools\compiler\ti-cgt-arm_20.2.7.LTS\lib\</path>
         <kind>archive</kind>
         <file>rtsv7M4_T_le_v4SPD16_eabi.lib</file>
         <name>_lock.c.obj</name>
      </input_file>
      <input_file id="fl-fe">
         <path>D:\Software_installation\CCSIDE\ti\ccs1230\ccs\tools\compiler\ti-cgt-arm_20.2.7.LTS\lib\</path>
         <kind>archive</kind>
         <file>rtsv7M4_T_le_v4SPD16_eabi.lib</file>
         <name>_ltoa.c.obj</name>
      </input_file>
      <input_file id="fl-ff">
         <path>D:\Software_installation\CCSIDE\ti\ccs1230\ccs\tools\compiler\ti-cgt-arm_20.2.7.LTS\lib\</path>
         <kind>archive</kind>
         <file>rtsv7M4_T_le_v4SPD16_eabi.lib</file>
         <name>args_main.c.obj</name>
      </input_file>
      <input_file id="fl-100">
         <path>D:\Software_installation\CCSIDE\ti\ccs1230\ccs\tools\compiler\ti-cgt-arm_20.2.7.LTS\lib\</path>
         <kind>archive</kind>
         <file>rtsv7M4_T_le_v4SPD16_eabi.lib</file>
         <name>atoi.c.obj</name>
      </input_file>
      <input_file id="fl-101">
         <path>D:\Software_installation\CCSIDE\ti\ccs1230\ccs\tools\compiler\ti-cgt-arm_20.2.7.LTS\lib\</path>
         <kind>archive</kind>
         <file>rtsv7M4_T_le_v4SPD16_eabi.lib</file>
         <name>ctype.c.obj</name>
      </input_file>
      <input_file id="fl-102">
         <path>D:\Software_installation\CCSIDE\ti\ccs1230\ccs\tools\compiler\ti-cgt-arm_20.2.7.LTS\lib\</path>
         <kind>archive</kind>
         <file>rtsv7M4_T_le_v4SPD16_eabi.lib</file>
         <name>memccpy.c.obj</name>
      </input_file>
      <input_file id="fl-103">
         <path>D:\Software_installation\CCSIDE\ti\ccs1230\ccs\tools\compiler\ti-cgt-arm_20.2.7.LTS\lib\</path>
         <kind>archive</kind>
         <file>rtsv7M4_T_le_v4SPD16_eabi.lib</file>
         <name>strchr.c.obj</name>
      </input_file>
      <input_file id="fl-104">
         <path>D:\Software_installation\CCSIDE\ti\ccs1230\ccs\tools\compiler\ti-cgt-arm_20.2.7.LTS\lib\</path>
         <kind>archive</kind>
         <file>rtsv7M4_T_le_v4SPD16_eabi.lib</file>
         <name>strlen.c.obj</name>
      </input_file>
      <input_file id="fl-105">
         <path>D:\Software_installation\CCSIDE\ti\ccs1230\ccs\tools\compiler\ti-cgt-arm_20.2.7.LTS\lib\</path>
         <kind>archive</kind>
         <file>rtsv7M4_T_le_v4SPD16_eabi.lib</file>
         <name>wcslen.c.obj</name>
      </input_file>
      <input_file id="fl-106">
         <path>D:\Software_installation\CCSIDE\ti\ccs1230\ccs\tools\compiler\ti-cgt-arm_20.2.7.LTS\lib\</path>
         <kind>archive</kind>
         <file>rtsv7M4_T_le_v4SPD16_eabi.lib</file>
         <name>s_frexp.c.obj</name>
      </input_file>
      <input_file id="fl-107">
         <path>D:\Software_installation\CCSIDE\ti\ccs1230\ccs\tools\compiler\ti-cgt-arm_20.2.7.LTS\lib\</path>
         <kind>archive</kind>
         <file>rtsv7M4_T_le_v4SPD16_eabi.lib</file>
         <name>s_scalbn.c.obj</name>
      </input_file>
      <input_file id="fl-108">
         <path>D:\Software_installation\CCSIDE\ti\ccs1230\ccs\tools\compiler\ti-cgt-arm_20.2.7.LTS\lib\</path>
         <kind>archive</kind>
         <file>rtsv7M4_T_le_v4SPD16_eabi.lib</file>
         <name>div0.asm.obj</name>
      </input_file>
      <input_file id="fl-109">
         <path>D:\Software_installation\CCSIDE\ti\ccs1230\ccs\tools\compiler\ti-cgt-arm_20.2.7.LTS\lib\</path>
         <kind>archive</kind>
         <file>rtsv7M4_T_le_v4SPD16_eabi.lib</file>
         <name>s_copysign.c.obj</name>
      </input_file>
      <input_file id="fl-10a">
         <path>D:\Software_installation\CCSIDE\ti\msp\MSP432Ware_3_40_00_25\driverlib\driverlib\MSP432P4xx\ccs\</path>
         <kind>archive</kind>
         <file>msp432p4xx_driverlib.lib</file>
         <name>cs.o</name>
      </input_file>
      <input_file id="fl-10b">
         <path>D:\Software_installation\CCSIDE\ti\msp\MSP432Ware_3_40_00_25\driverlib\driverlib\MSP432P4xx\ccs\</path>
         <kind>archive</kind>
         <file>msp432p4xx_driverlib.lib</file>
         <name>flash.o</name>
      </input_file>
      <input_file id="fl-10c">
         <path>D:\Software_installation\CCSIDE\ti\msp\MSP432Ware_3_40_00_25\driverlib\driverlib\MSP432P4xx\ccs\</path>
         <kind>archive</kind>
         <file>msp432p4xx_driverlib.lib</file>
         <name>gpio.o</name>
      </input_file>
      <input_file id="fl-10d">
         <path>D:\Software_installation\CCSIDE\ti\msp\MSP432Ware_3_40_00_25\driverlib\driverlib\MSP432P4xx\ccs\</path>
         <kind>archive</kind>
         <file>msp432p4xx_driverlib.lib</file>
         <name>interrupt.o</name>
      </input_file>
      <input_file id="fl-10e">
         <path>D:\Software_installation\CCSIDE\ti\msp\MSP432Ware_3_40_00_25\driverlib\driverlib\MSP432P4xx\ccs\</path>
         <kind>archive</kind>
         <file>msp432p4xx_driverlib.lib</file>
         <name>pcm.o</name>
      </input_file>
      <input_file id="fl-10f">
         <path>D:\Software_installation\CCSIDE\ti\msp\MSP432Ware_3_40_00_25\driverlib\driverlib\MSP432P4xx\ccs\</path>
         <kind>archive</kind>
         <file>msp432p4xx_driverlib.lib</file>
         <name>rtc_c.o</name>
      </input_file>
      <input_file id="fl-110">
         <path>D:\Software_installation\CCSIDE\ti\msp\MSP432Ware_3_40_00_25\driverlib\driverlib\MSP432P4xx\ccs\</path>
         <kind>archive</kind>
         <file>msp432p4xx_driverlib.lib</file>
         <name>sysctl.o</name>
      </input_file>
      <input_file id="fl-111">
         <path>D:\Software_installation\CCSIDE\ti\msp\MSP432Ware_3_40_00_25\driverlib\driverlib\MSP432P4xx\ccs\</path>
         <kind>archive</kind>
         <file>msp432p4xx_driverlib.lib</file>
         <name>uart.o</name>
      </input_file>
      <input_file id="fl-112">
         <path>D:\Software_installation\CCSIDE\ti\msp\MSP432Ware_3_40_00_25\driverlib\driverlib\MSP432P4xx\ccs\</path>
         <kind>archive</kind>
         <file>msp432p4xx_driverlib.lib</file>
         <name>wdt_a.o</name>
      </input_file>
      <input_file id="fl-113">
         <path>D:\Software_installation\CCSIDE\ti\msp\MSP432Ware_3_40_00_25\driverlib\driverlib\MSP432P4xx\ccs\</path>
         <kind>archive</kind>
         <file>msp432p4xx_driverlib.lib</file>
         <name>cpu.o</name>
      </input_file>
   </input_file_list>
   <object_component_list>
      <object_component id="oc-26">
         <name>.intvecs:retain</name>
         <load_address>0x0</load_address>
         <run_address>0x0</run_address>
         <size>0xe4</size>
         <input_file_ref idref="fl-3"/>
      </object_component>
      <object_component id="oc-301">
         <name>.text</name>
         <load_address>0xe4</load_address>
         <run_address>0xe4</run_address>
         <size>0x1c20</size>
         <input_file_ref idref="fl-23"/>
      </object_component>
      <object_component id="oc-eb">
         <name>.text</name>
         <load_address>0x1d04</load_address>
         <run_address>0x1d04</run_address>
         <size>0xa9c</size>
         <input_file_ref idref="fl-1f"/>
      </object_component>
      <object_component id="oc-365">
         <name>.text:__TI_printfi</name>
         <load_address>0x27a0</load_address>
         <run_address>0x27a0</run_address>
         <size>0xa4e</size>
         <input_file_ref idref="fl-f7"/>
      </object_component>
      <object_component id="oc-46c">
         <name>.text</name>
         <load_address>0x31ee</load_address>
         <run_address>0x31ee</run_address>
         <size>0x2</size>
         <input_file_ref idref="fl-108"/>
      </object_component>
      <object_component id="oc-82">
         <name>.text</name>
         <load_address>0x31f0</load_address>
         <run_address>0x31f0</run_address>
         <size>0x8f0</size>
         <input_file_ref idref="fl-14"/>
      </object_component>
      <object_component id="oc-7c">
         <name>.text</name>
         <load_address>0x3ae0</load_address>
         <run_address>0x3ae0</run_address>
         <size>0x864</size>
         <input_file_ref idref="fl-27"/>
      </object_component>
      <object_component id="oc-76">
         <name>.text</name>
         <load_address>0x4344</load_address>
         <run_address>0x4344</run_address>
         <size>0x740</size>
         <input_file_ref idref="fl-20"/>
      </object_component>
      <object_component id="oc-10b">
         <name>.text</name>
         <load_address>0x4a84</load_address>
         <run_address>0x4a84</run_address>
         <size>0x600</size>
         <input_file_ref idref="fl-19"/>
      </object_component>
      <object_component id="oc-70">
         <name>.text</name>
         <load_address>0x5084</load_address>
         <run_address>0x5084</run_address>
         <size>0x4fc</size>
         <input_file_ref idref="fl-26"/>
      </object_component>
      <object_component id="oc-23b">
         <name>.text</name>
         <load_address>0x5580</load_address>
         <run_address>0x5580</run_address>
         <size>0x3b4</size>
         <input_file_ref idref="fl-1e"/>
      </object_component>
      <object_component id="oc-244">
         <name>.text</name>
         <load_address>0x5934</load_address>
         <run_address>0x5934</run_address>
         <size>0x340</size>
         <input_file_ref idref="fl-24"/>
      </object_component>
      <object_component id="oc-c4">
         <name>.text</name>
         <load_address>0x5c74</load_address>
         <run_address>0x5c74</run_address>
         <size>0x334</size>
         <input_file_ref idref="fl-4"/>
      </object_component>
      <object_component id="oc-fd">
         <name>.text</name>
         <load_address>0x5fa8</load_address>
         <run_address>0x5fa8</run_address>
         <size>0x2a8</size>
         <input_file_ref idref="fl-c"/>
      </object_component>
      <object_component id="oc-3d3">
         <name>.text:_pconv_a</name>
         <load_address>0x6250</load_address>
         <run_address>0x6250</run_address>
         <size>0x270</size>
         <input_file_ref idref="fl-f7"/>
      </object_component>
      <object_component id="oc-103">
         <name>.text</name>
         <load_address>0x64c0</load_address>
         <run_address>0x64c0</run_address>
         <size>0x238</size>
         <input_file_ref idref="fl-b"/>
      </object_component>
      <object_component id="oc-3c1">
         <name>.text:_pconv_g</name>
         <load_address>0x66f8</load_address>
         <run_address>0x66f8</run_address>
         <size>0x1d0</size>
         <input_file_ref idref="fl-f7"/>
      </object_component>
      <object_component id="oc-12a">
         <name>.text</name>
         <load_address>0x68c8</load_address>
         <run_address>0x68c8</run_address>
         <size>0x1b6</size>
         <input_file_ref idref="fl-e6"/>
      </object_component>
      <object_component id="oc-13e">
         <name>.text</name>
         <load_address>0x6a80</load_address>
         <run_address>0x6a80</run_address>
         <size>0x1b0</size>
         <input_file_ref idref="fl-6"/>
      </object_component>
      <object_component id="oc-30d">
         <name>.text</name>
         <load_address>0x6c30</load_address>
         <run_address>0x6c30</run_address>
         <size>0x170</size>
         <input_file_ref idref="fl-1a"/>
      </object_component>
      <object_component id="oc-3cd">
         <name>.text:_pconv_e</name>
         <load_address>0x6da0</load_address>
         <run_address>0x6da0</run_address>
         <size>0x13c</size>
         <input_file_ref idref="fl-f7"/>
      </object_component>
      <object_component id="oc-d0">
         <name>.text</name>
         <load_address>0x6edc</load_address>
         <run_address>0x6edc</run_address>
         <size>0x136</size>
         <input_file_ref idref="fl-e8"/>
      </object_component>
      <object_component id="oc-41e">
         <name>.text:fcvt</name>
         <load_address>0x7014</load_address>
         <run_address>0x7014</run_address>
         <size>0x124</size>
         <input_file_ref idref="fl-f7"/>
      </object_component>
      <object_component id="oc-432">
         <name>.text:scalbn</name>
         <load_address>0x7138</load_address>
         <run_address>0x7138</run_address>
         <size>0x110</size>
         <input_file_ref idref="fl-107"/>
      </object_component>
      <object_component id="oc-24f">
         <name>.text</name>
         <load_address>0x7248</load_address>
         <run_address>0x7248</run_address>
         <size>0xfc</size>
         <input_file_ref idref="fl-e9"/>
      </object_component>
      <object_component id="oc-138">
         <name>.text</name>
         <load_address>0x7344</load_address>
         <run_address>0x7344</run_address>
         <size>0xf8</size>
         <input_file_ref idref="fl-7"/>
      </object_component>
      <object_component id="oc-3b6">
         <name>.text:_ltostr</name>
         <load_address>0x743c</load_address>
         <run_address>0x743c</run_address>
         <size>0xb1</size>
         <input_file_ref idref="fl-f7"/>
      </object_component>
      <object_component id="oc-3a">
         <name>.text</name>
         <load_address>0x74ee</load_address>
         <run_address>0x74ee</run_address>
         <size>0x9c</size>
         <input_file_ref idref="fl-ee"/>
      </object_component>
      <object_component id="oc-404">
         <name>.text</name>
         <load_address>0x758a</load_address>
         <run_address>0x758a</run_address>
         <size>0x96</size>
         <input_file_ref idref="fl-f8"/>
      </object_component>
      <object_component id="oc-f7">
         <name>.text</name>
         <load_address>0x7620</load_address>
         <run_address>0x7620</run_address>
         <size>0x8c</size>
         <input_file_ref idref="fl-8"/>
      </object_component>
      <object_component id="oc-3bc">
         <name>.text:__aeabi_cdcmple</name>
         <load_address>0x76ac</load_address>
         <run_address>0x76ac</run_address>
         <size>0x86</size>
         <input_file_ref idref="fl-e7"/>
      </object_component>
      <object_component id="oc-350">
         <name>.text:__aeabi_cdrcmple</name>
         <load_address>0x7732</load_address>
         <run_address>0x7732</run_address>
         <size>0x86</size>
         <input_file_ref idref="fl-e7"/>
      </object_component>
      <object_component id="oc-a6">
         <name>.text</name>
         <load_address>0x77b8</load_address>
         <run_address>0x77b8</run_address>
         <size>0x7a</size>
         <input_file_ref idref="fl-f0"/>
      </object_component>
      <object_component id="oc-417">
         <name>.text:_mcpy</name>
         <load_address>0x7832</load_address>
         <run_address>0x7832</run_address>
         <size>0x6e</size>
         <input_file_ref idref="fl-f7"/>
      </object_component>
      <object_component id="oc-24a">
         <name>.text</name>
         <load_address>0x78a0</load_address>
         <run_address>0x78a0</run_address>
         <size>0x6e</size>
         <input_file_ref idref="fl-eb"/>
      </object_component>
      <object_component id="oc-17">
         <name>.text:decompress:lzss:__TI_decompress_lzss</name>
         <load_address>0x790e</load_address>
         <run_address>0x790e</run_address>
         <size>0x68</size>
         <input_file_ref idref="fl-f3"/>
      </object_component>
      <object_component id="oc-42c">
         <name>.text:frexp</name>
         <load_address>0x7978</load_address>
         <run_address>0x7978</run_address>
         <size>0x64</size>
         <input_file_ref idref="fl-106"/>
      </object_component>
      <object_component id="oc-1b4">
         <name>.text</name>
         <load_address>0x79dc</load_address>
         <run_address>0x79dc</run_address>
         <size>0x58</size>
         <input_file_ref idref="fl-a"/>
      </object_component>
      <object_component id="oc-3c7">
         <name>.text:_pconv_f</name>
         <load_address>0x7a34</load_address>
         <run_address>0x7a34</run_address>
         <size>0x56</size>
         <input_file_ref idref="fl-f7"/>
      </object_component>
      <object_component id="oc-40b">
         <name>.text:__TI_ltoa</name>
         <load_address>0x7a8a</load_address>
         <run_address>0x7a8a</run_address>
         <size>0x54</size>
         <input_file_ref idref="fl-fe"/>
      </object_component>
      <object_component id="oc-411">
         <name>.text:_ecpy</name>
         <load_address>0x7ade</load_address>
         <run_address>0x7ade</run_address>
         <size>0x52</size>
         <input_file_ref idref="fl-f7"/>
      </object_component>
      <object_component id="oc-3b0">
         <name>.text:atoi</name>
         <load_address>0x7b30</load_address>
         <run_address>0x7b30</run_address>
         <size>0x4c</size>
         <input_file_ref idref="fl-100"/>
      </object_component>
      <object_component id="oc-d5">
         <name>.text</name>
         <load_address>0x7b7c</load_address>
         <run_address>0x7b7c</run_address>
         <size>0x48</size>
         <input_file_ref idref="fl-ea"/>
      </object_component>
      <object_component id="oc-1c7">
         <name>.text:__TI_auto_init_nobinit_nopinit:__TI_auto_init_nobinit_nopinit</name>
         <load_address>0x7bc4</load_address>
         <run_address>0x7bc4</run_address>
         <size>0x44</size>
         <input_file_ref idref="fl-f9"/>
      </object_component>
      <object_component id="oc-b2">
         <name>.text</name>
         <load_address>0x7c08</load_address>
         <run_address>0x7c08</run_address>
         <size>0x42</size>
         <input_file_ref idref="fl-2"/>
      </object_component>
      <object_component id="oc-307">
         <name>.text:sprintf</name>
         <load_address>0x7c4c</load_address>
         <run_address>0x7c4c</run_address>
         <size>0x40</size>
         <input_file_ref idref="fl-e5"/>
      </object_component>
      <object_component id="oc-424">
         <name>.text:_fcpy</name>
         <load_address>0x7c8c</load_address>
         <run_address>0x7c8c</run_address>
         <size>0x3e</size>
         <input_file_ref idref="fl-f7"/>
      </object_component>
      <object_component id="oc-125">
         <name>.text</name>
         <load_address>0x7cca</load_address>
         <run_address>0x7cca</run_address>
         <size>0x38</size>
         <input_file_ref idref="fl-ec"/>
      </object_component>
      <object_component id="oc-58">
         <name>.text:_c_int00_noargs:_c_int00_noargs</name>
         <load_address>0x7d04</load_address>
         <run_address>0x7d04</run_address>
         <size>0x34</size>
         <input_file_ref idref="fl-f5"/>
      </object_component>
      <object_component id="oc-34b">
         <name>.text</name>
         <load_address>0x7d38</load_address>
         <run_address>0x7d38</run_address>
         <size>0x2e</size>
         <input_file_ref idref="fl-ed"/>
      </object_component>
      <object_component id="oc-2fb">
         <name>.text:Interrupt_setPriority</name>
         <load_address>0x7d68</load_address>
         <run_address>0x7d68</run_address>
         <size>0x24</size>
         <input_file_ref idref="fl-10d"/>
      </object_component>
      <object_component id="oc-cb">
         <name>.text</name>
         <load_address>0x7d8c</load_address>
         <run_address>0x7d8c</run_address>
         <size>0x20</size>
         <input_file_ref idref="fl-ef"/>
      </object_component>
      <object_component id="oc-46">
         <name>.text:decompress:ZI:__TI_zero_init_nomemset:__TI_zero_init_nomemset</name>
         <load_address>0x7dac</load_address>
         <run_address>0x7dac</run_address>
         <size>0x1c</size>
         <input_file_ref idref="fl-f1"/>
      </object_component>
      <object_component id="oc-3d9">
         <name>.text:memccpy</name>
         <load_address>0x7dc8</load_address>
         <run_address>0x7dc8</run_address>
         <size>0x1c</size>
         <input_file_ref idref="fl-102"/>
      </object_component>
      <object_component id="oc-47f">
         <name>.text:copysign</name>
         <load_address>0x7de4</load_address>
         <run_address>0x7de4</run_address>
         <size>0x1a</size>
         <input_file_ref idref="fl-109"/>
      </object_component>
      <object_component id="oc-36b">
         <name>.text:_outs</name>
         <load_address>0x7dfe</load_address>
         <run_address>0x7dfe</run_address>
         <size>0x18</size>
         <input_file_ref idref="fl-e5"/>
      </object_component>
      <object_component id="oc-438">
         <name>.text:strchr</name>
         <load_address>0x7e16</load_address>
         <run_address>0x7e16</run_address>
         <size>0x16</size>
         <input_file_ref idref="fl-103"/>
      </object_component>
      <object_component id="oc-3aa">
         <name>.text:strlen</name>
         <load_address>0x7e2c</load_address>
         <run_address>0x7e2c</run_address>
         <size>0x14</size>
         <input_file_ref idref="fl-104"/>
      </object_component>
      <object_component id="oc-3df">
         <name>.text:wcslen</name>
         <load_address>0x7e40</load_address>
         <run_address>0x7e40</run_address>
         <size>0x12</size>
         <input_file_ref idref="fl-105"/>
      </object_component>
      <object_component id="oc-1d">
         <name>.text:decompress:none:__TI_decompress_none</name>
         <load_address>0x7e52</load_address>
         <run_address>0x7e52</run_address>
         <size>0xe</size>
         <input_file_ref idref="fl-f2"/>
      </object_component>
      <object_component id="oc-6a">
         <name>.text</name>
         <load_address>0x7e60</load_address>
         <run_address>0x7e60</run_address>
         <size>0xe</size>
         <input_file_ref idref="fl-3"/>
      </object_component>
      <object_component id="oc-371">
         <name>.text:_outc</name>
         <load_address>0x7e6e</load_address>
         <run_address>0x7e6e</run_address>
         <size>0xa</size>
         <input_file_ref idref="fl-e5"/>
      </object_component>
      <object_component id="oc-3e5">
         <name>.text:__aeabi_errno_addr</name>
         <load_address>0x7e78</load_address>
         <run_address>0x7e78</run_address>
         <size>0x8</size>
         <input_file_ref idref="fl-f6"/>
      </object_component>
      <object_component id="oc-ac">
         <name>.text:_system_pre_init</name>
         <load_address>0x7e80</load_address>
         <run_address>0x7e80</run_address>
         <size>0x4</size>
         <input_file_ref idref="fl-fa"/>
      </object_component>
      <object_component id="oc-1bb">
         <name>.text:abort:abort</name>
         <load_address>0x7e84</load_address>
         <run_address>0x7e84</run_address>
         <size>0x4</size>
         <input_file_ref idref="fl-fc"/>
      </object_component>
      <object_component id="oc-35b">
         <name>.const:.string:F8x16</name>
         <load_address>0x7e88</load_address>
         <run_address>0x7e88</run_address>
         <size>0x5f0</size>
         <input_file_ref idref="fl-23"/>
      </object_component>
      <object_component id="oc-358">
         <name>.const:F6x8</name>
         <load_address>0x8478</load_address>
         <run_address>0x8478</run_address>
         <size>0x228</size>
         <input_file_ref idref="fl-23"/>
      </object_component>
      <object_component id="oc-35e">
         <name>.const:Chiness</name>
         <load_address>0x86a0</load_address>
         <run_address>0x86a0</run_address>
         <size>0x180</size>
         <input_file_ref idref="fl-23"/>
      </object_component>
      <object_component id="oc-3ff">
         <name>.const:.string:_ctypes_</name>
         <load_address>0x8820</load_address>
         <run_address>0x8820</run_address>
         <size>0x101</size>
         <input_file_ref idref="fl-101"/>
      </object_component>
      <object_component id="oc-132">
         <name>.const:FP_N</name>
         <load_address>0x8924</load_address>
         <run_address>0x8924</run_address>
         <size>0xa0</size>
         <input_file_ref idref="fl-27"/>
      </object_component>
      <object_component id="oc-341">
         <name>.const:g_pulRegs</name>
         <load_address>0x89c4</load_address>
         <run_address>0x89c4</run_address>
         <size>0x50</size>
         <input_file_ref idref="fl-10d"/>
      </object_component>
      <object_component id="oc-135">
         <name>.const:.string:BRS</name>
         <load_address>0x8a14</load_address>
         <run_address>0x8a14</run_address>
         <size>0x28</size>
         <input_file_ref idref="fl-27"/>
      </object_component>
      <object_component id="oc-4dd">
         <name>.cinit..data.load</name>
         <load_address>0x8a40</load_address>
         <run_address>0x8a40</run_address>
         <size>0x35f</size>
      </object_component>
      <object_component id="oc-4db">
         <name>__TI_handler_table</name>
         <load_address>0x8da0</load_address>
         <run_address>0x8da0</run_address>
         <size>0xc</size>
      </object_component>
      <object_component id="oc-4de">
         <name>.cinit..bss.load</name>
         <load_address>0x8db0</load_address>
         <run_address>0x8db0</run_address>
         <size>0x8</size>
      </object_component>
      <object_component id="oc-4dc">
         <name>__TI_cinit_table</name>
         <load_address>0x8db8</load_address>
         <run_address>0x8db8</run_address>
         <size>0x10</size>
      </object_component>
      <object_component id="oc-4af">
         <name>.binit</name>
         <load_address>0x0</load_address>
         <run_address>0x0</run_address>
         <size>0x0</size>
      </object_component>
      <object_component id="oc-1f9">
         <name>.data</name>
         <load_address>0x200024b0</load_address>
         <run_address>0x200024b0</run_address>
         <size>0x4</size>
         <input_file_ref idref="fl-4"/>
      </object_component>
      <object_component id="oc-276">
         <name>.data:RxBluetooth</name>
         <load_address>0x2000249e</load_address>
         <run_address>0x2000249e</run_address>
         <size>0x4</size>
         <input_file_ref idref="fl-6"/>
      </object_component>
      <object_component id="oc-271">
         <name>.data:TxBluetooth</name>
         <load_address>0x20002498</load_address>
         <run_address>0x20002498</run_address>
         <size>0x6</size>
         <input_file_ref idref="fl-6"/>
      </object_component>
      <object_component id="oc-274">
         <name>.data</name>
         <load_address>0x200024b4</load_address>
         <run_address>0x200024b4</run_address>
         <size>0x3</size>
         <input_file_ref idref="fl-6"/>
      </object_component>
      <object_component id="oc-275">
         <name>.data:RxBuffer2$2</name>
         <load_address>0x20002492</load_address>
         <run_address>0x20002492</run_address>
         <size>0x6</size>
         <input_file_ref idref="fl-6"/>
      </object_component>
      <object_component id="oc-26d">
         <name>.data:RxCamera</name>
         <load_address>0x200024a2</load_address>
         <run_address>0x200024a2</run_address>
         <size>0x4</size>
         <input_file_ref idref="fl-7"/>
      </object_component>
      <object_component id="oc-26b">
         <name>.data</name>
         <load_address>0x200024b7</load_address>
         <run_address>0x200024b7</run_address>
         <size>0x3</size>
         <input_file_ref idref="fl-7"/>
      </object_component>
      <object_component id="oc-26c">
         <name>.data:RxBuffer1$2</name>
         <load_address>0x2000248c</load_address>
         <run_address>0x2000248c</run_address>
         <size>0x6</size>
         <input_file_ref idref="fl-7"/>
      </object_component>
      <object_component id="oc-115">
         <name>.data</name>
         <load_address>0x20002438</load_address>
         <run_address>0x20002438</run_address>
         <size>0x28</size>
         <input_file_ref idref="fl-8"/>
      </object_component>
      <object_component id="oc-112">
         <name>.data</name>
         <load_address>0x200024ba</load_address>
         <run_address>0x200024ba</run_address>
         <size>0x3</size>
         <input_file_ref idref="fl-c"/>
      </object_component>
      <object_component id="oc-11c">
         <name>.data:CCRn_period_val</name>
         <load_address>0x20002400</load_address>
         <run_address>0x20002400</run_address>
         <size>0x38</size>
         <input_file_ref idref="fl-1a"/>
      </object_component>
      <object_component id="oc-f4">
         <name>.data</name>
         <load_address>0x20002460</load_address>
         <run_address>0x20002460</run_address>
         <size>0x1c</size>
         <input_file_ref idref="fl-1c"/>
      </object_component>
      <object_component id="oc-361">
         <name>.data:bmp_pixel1</name>
         <load_address>0x20000000</load_address>
         <run_address>0x20000000</run_address>
         <size>0x2000</size>
         <input_file_ref idref="fl-23"/>
      </object_component>
      <object_component id="oc-355">
         <name>.data:GDDRAM</name>
         <load_address>0x20002000</load_address>
         <run_address>0x20002000</run_address>
         <size>0x400</size>
         <input_file_ref idref="fl-23"/>
      </object_component>
      <object_component id="oc-314">
         <name>.data</name>
         <load_address>0x200024a8</load_address>
         <run_address>0x200024a8</run_address>
         <size>0x4</size>
         <input_file_ref idref="fl-24"/>
      </object_component>
      <object_component id="oc-db">
         <name>.data</name>
         <load_address>0x2000247c</load_address>
         <run_address>0x2000247c</run_address>
         <size>0x8</size>
         <input_file_ref idref="fl-26"/>
      </object_component>
      <object_component id="oc-12f">
         <name>.data</name>
         <load_address>0x20002484</load_address>
         <run_address>0x20002484</run_address>
         <size>0x8</size>
         <input_file_ref idref="fl-27"/>
      </object_component>
      <object_component id="oc-448">
         <name>.data</name>
         <load_address>0x200024ac</load_address>
         <run_address>0x200024ac</run_address>
         <size>0x4</size>
         <input_file_ref idref="fl-f6"/>
      </object_component>
      <object_component id="oc-da">
         <name>.bss</name>
         <uninitialized>true</uninitialized>
         <run_address>0x20002988</run_address>
         <size>0x4</size>
         <input_file_ref idref="fl-26"/>
      </object_component>
      <object_component id="oc-14c">
         <name>.common:ADC14_STRUCT</name>
         <uninitialized>true</uninitialized>
         <run_address>0x200028c0</run_address>
         <size>0x30</size>
      </object_component>
      <object_component id="oc-11b">
         <name>.common:pidSpeed</name>
         <uninitialized>true</uninitialized>
         <run_address>0x20002918</run_address>
         <size>0x28</size>
      </object_component>
      <object_component id="oc-118">
         <name>.common:pidPosition</name>
         <uninitialized>true</uninitialized>
         <run_address>0x200028f0</run_address>
         <size>0x28</size>
      </object_component>
      <object_component id="oc-242">
         <name>.common:pidangle</name>
         <uninitialized>true</uninitialized>
         <run_address>0x20002940</run_address>
         <size>0x28</size>
      </object_component>
      <object_component id="oc-109">
         <name>.common:encoder_A</name>
         <uninitialized>true</uninitialized>
         <run_address>0x20002968</run_address>
         <size>0x8</size>
      </object_component>
      <object_component id="oc-f1">
         <name>.common:encoder_B</name>
         <uninitialized>true</uninitialized>
         <run_address>0x20002970</run_address>
         <size>0x8</size>
      </object_component>
      <object_component id="oc-111">
         <name>.common:encoder_C</name>
         <uninitialized>true</uninitialized>
         <run_address>0x20002978</run_address>
         <size>0x8</size>
      </object_component>
      <object_component id="oc-10a">
         <name>.common:encoder_D</name>
         <uninitialized>true</uninitialized>
         <run_address>0x20002980</run_address>
         <size>0x8</size>
      </object_component>
      <object_component id="oc-29">
         <name>.sysmem</name>
         <uninitialized>true</uninitialized>
         <run_address>0x200024c0</run_address>
         <size>0x10</size>
         <input_file_ref idref="fl-f4"/>
      </object_component>
      <object_component id="oc-4e1">
         <name>.sysmem</name>
         <uninitialized>true</uninitialized>
         <run_address>0x200024c0</run_address>
         <size>0x0</size>
      </object_component>
      <object_component id="oc-2c">
         <name>.stack</name>
         <uninitialized>true</uninitialized>
         <run_address>0x2000fe00</run_address>
         <size>0x4</size>
         <input_file_ref idref="fl-f5"/>
      </object_component>
      <object_component id="oc-4e0">
         <name>.stack</name>
         <uninitialized>true</uninitialized>
         <run_address>0x2000fe00</run_address>
         <size>0x0</size>
      </object_component>
      <object_component id="oc-14d">
         <name>.debug_info</name>
         <load_address>0x0</load_address>
         <run_address>0x0</run_address>
         <size>0x7bd</size>
         <input_file_ref idref="fl-2"/>
      </object_component>
      <object_component id="oc-b3">
         <name>.debug_info</name>
         <load_address>0x7bd</load_address>
         <run_address>0x7bd</run_address>
         <size>0x1af</size>
         <input_file_ref idref="fl-2"/>
      </object_component>
      <object_component id="oc-213">
         <name>.debug_info</name>
         <load_address>0x96c</load_address>
         <run_address>0x96c</run_address>
         <size>0x120</size>
         <input_file_ref idref="fl-2"/>
      </object_component>
      <object_component id="oc-228">
         <name>.debug_info</name>
         <load_address>0xa8c</load_address>
         <run_address>0xa8c</run_address>
         <size>0x71</size>
         <input_file_ref idref="fl-2"/>
      </object_component>
      <object_component id="oc-28c">
         <name>.debug_info</name>
         <load_address>0xafd</load_address>
         <run_address>0xafd</run_address>
         <size>0x6c</size>
         <input_file_ref idref="fl-2"/>
      </object_component>
      <object_component id="oc-234">
         <name>.debug_info</name>
         <load_address>0xb69</load_address>
         <run_address>0xb69</run_address>
         <size>0x21f</size>
         <input_file_ref idref="fl-2"/>
      </object_component>
      <object_component id="oc-18c">
         <name>.debug_info</name>
         <load_address>0xd88</load_address>
         <run_address>0xd88</run_address>
         <size>0x218</size>
         <input_file_ref idref="fl-2"/>
      </object_component>
      <object_component id="oc-2c6">
         <name>.debug_info</name>
         <load_address>0xfa0</load_address>
         <run_address>0xfa0</run_address>
         <size>0xfd</size>
         <input_file_ref idref="fl-2"/>
      </object_component>
      <object_component id="oc-22f">
         <name>.debug_info</name>
         <load_address>0x109d</load_address>
         <run_address>0x109d</run_address>
         <size>0x99</size>
         <input_file_ref idref="fl-2"/>
      </object_component>
      <object_component id="oc-e1">
         <name>.debug_info</name>
         <load_address>0x1136</load_address>
         <run_address>0x1136</run_address>
         <size>0x12a</size>
         <input_file_ref idref="fl-2"/>
      </object_component>
      <object_component id="oc-145">
         <name>.debug_info</name>
         <load_address>0x1260</load_address>
         <run_address>0x1260</run_address>
         <size>0x8c</size>
         <input_file_ref idref="fl-2"/>
      </object_component>
      <object_component id="oc-293">
         <name>.debug_info</name>
         <load_address>0x12ec</load_address>
         <run_address>0x12ec</run_address>
         <size>0x48</size>
         <input_file_ref idref="fl-2"/>
      </object_component>
      <object_component id="oc-193">
         <name>.debug_info</name>
         <load_address>0x1334</load_address>
         <run_address>0x1334</run_address>
         <size>0x26b</size>
         <input_file_ref idref="fl-2"/>
      </object_component>
      <object_component id="oc-209">
         <name>.debug_info</name>
         <load_address>0x159f</load_address>
         <run_address>0x159f</run_address>
         <size>0x1055</size>
         <input_file_ref idref="fl-2"/>
      </object_component>
      <object_component id="oc-204">
         <name>.debug_info</name>
         <load_address>0x25f4</load_address>
         <run_address>0x25f4</run_address>
         <size>0x37e2</size>
         <input_file_ref idref="fl-2"/>
      </object_component>
      <object_component id="oc-29a">
         <name>.debug_info</name>
         <load_address>0x5dd6</load_address>
         <run_address>0x5dd6</run_address>
         <size>0x110</size>
         <input_file_ref idref="fl-2"/>
      </object_component>
      <object_component id="oc-2a7">
         <name>.debug_info</name>
         <load_address>0x5ee6</load_address>
         <run_address>0x5ee6</run_address>
         <size>0xae</size>
         <input_file_ref idref="fl-2"/>
      </object_component>
      <object_component id="oc-25c">
         <name>.debug_info</name>
         <load_address>0x5f94</load_address>
         <run_address>0x5f94</run_address>
         <size>0xfe</size>
         <input_file_ref idref="fl-2"/>
      </object_component>
      <object_component id="oc-35">
         <name>.debug_info</name>
         <load_address>0x6092</load_address>
         <run_address>0x6092</run_address>
         <size>0x84</size>
         <input_file_ref idref="fl-2"/>
      </object_component>
      <object_component id="oc-21d">
         <name>.debug_info</name>
         <load_address>0x6116</load_address>
         <run_address>0x6116</run_address>
         <size>0x2a4</size>
         <input_file_ref idref="fl-2"/>
      </object_component>
      <object_component id="oc-223">
         <name>.debug_info</name>
         <load_address>0x63ba</load_address>
         <run_address>0x63ba</run_address>
         <size>0xef</size>
         <input_file_ref idref="fl-2"/>
      </object_component>
      <object_component id="oc-e6">
         <name>.debug_info</name>
         <load_address>0x64a9</load_address>
         <run_address>0x64a9</run_address>
         <size>0xbb</size>
         <input_file_ref idref="fl-2"/>
      </object_component>
      <object_component id="oc-120">
         <name>.debug_info</name>
         <load_address>0x6564</load_address>
         <run_address>0x6564</run_address>
         <size>0x87</size>
         <input_file_ref idref="fl-2"/>
      </object_component>
      <object_component id="oc-379">
         <name>.debug_info</name>
         <load_address>0x65eb</load_address>
         <run_address>0x65eb</run_address>
         <size>0x2c</size>
         <input_file_ref idref="fl-2"/>
      </object_component>
      <object_component id="oc-20e">
         <name>.debug_info</name>
         <load_address>0x6617</load_address>
         <run_address>0x6617</run_address>
         <size>0x35</size>
         <input_file_ref idref="fl-2"/>
      </object_component>
      <object_component id="oc-218">
         <name>.debug_info</name>
         <load_address>0x664c</load_address>
         <run_address>0x664c</run_address>
         <size>0xf7</size>
         <input_file_ref idref="fl-2"/>
      </object_component>
      <object_component id="oc-8a">
         <name>.debug_info</name>
         <load_address>0x6743</load_address>
         <run_address>0x6743</run_address>
         <size>0x2d2</size>
         <input_file_ref idref="fl-3"/>
      </object_component>
      <object_component id="oc-27">
         <name>.debug_info</name>
         <load_address>0x6a15</load_address>
         <run_address>0x6a15</run_address>
         <size>0xfe</size>
         <input_file_ref idref="fl-3"/>
      </object_component>
      <object_component id="oc-6e">
         <name>.debug_info</name>
         <load_address>0x6b13</load_address>
         <run_address>0x6b13</run_address>
         <size>0x1c5</size>
         <input_file_ref idref="fl-3"/>
      </object_component>
      <object_component id="oc-1fa">
         <name>.debug_info</name>
         <load_address>0x6cd8</load_address>
         <run_address>0x6cd8</run_address>
         <size>0xf7</size>
         <input_file_ref idref="fl-4"/>
      </object_component>
      <object_component id="oc-c6">
         <name>.debug_info</name>
         <load_address>0x6dcf</load_address>
         <run_address>0x6dcf</run_address>
         <size>0x269</size>
         <input_file_ref idref="fl-4"/>
      </object_component>
      <object_component id="oc-14f">
         <name>.debug_info</name>
         <load_address>0x7038</load_address>
         <run_address>0x7038</run_address>
         <size>0x74e</size>
         <input_file_ref idref="fl-5"/>
      </object_component>
      <object_component id="oc-151">
         <name>.debug_info</name>
         <load_address>0x7786</load_address>
         <run_address>0x7786</run_address>
         <size>0x73b</size>
         <input_file_ref idref="fl-6"/>
      </object_component>
      <object_component id="oc-277">
         <name>.debug_info</name>
         <load_address>0x7ec1</load_address>
         <run_address>0x7ec1</run_address>
         <size>0xf1</size>
         <input_file_ref idref="fl-6"/>
      </object_component>
      <object_component id="oc-272">
         <name>.debug_info</name>
         <load_address>0x7fb2</load_address>
         <run_address>0x7fb2</run_address>
         <size>0xf1</size>
         <input_file_ref idref="fl-6"/>
      </object_component>
      <object_component id="oc-140">
         <name>.debug_info</name>
         <load_address>0x80a3</load_address>
         <run_address>0x80a3</run_address>
         <size>0x640</size>
         <input_file_ref idref="fl-6"/>
      </object_component>
      <object_component id="oc-153">
         <name>.debug_info</name>
         <load_address>0x86e3</load_address>
         <run_address>0x86e3</run_address>
         <size>0x6fb</size>
         <input_file_ref idref="fl-7"/>
      </object_component>
      <object_component id="oc-26e">
         <name>.debug_info</name>
         <load_address>0x8dde</load_address>
         <run_address>0x8dde</run_address>
         <size>0xe8</size>
         <input_file_ref idref="fl-7"/>
      </object_component>
      <object_component id="oc-13a">
         <name>.debug_info</name>
         <load_address>0x8ec6</load_address>
         <run_address>0x8ec6</run_address>
         <size>0x215</size>
         <input_file_ref idref="fl-7"/>
      </object_component>
      <object_component id="oc-155">
         <name>.debug_info</name>
         <load_address>0x90db</load_address>
         <run_address>0x90db</run_address>
         <size>0x781</size>
         <input_file_ref idref="fl-8"/>
      </object_component>
      <object_component id="oc-116">
         <name>.debug_info</name>
         <load_address>0x985c</load_address>
         <run_address>0x985c</run_address>
         <size>0x2d8</size>
         <input_file_ref idref="fl-8"/>
      </object_component>
      <object_component id="oc-f8">
         <name>.debug_info</name>
         <load_address>0x9b34</load_address>
         <run_address>0x9b34</run_address>
         <size>0x27d</size>
         <input_file_ref idref="fl-8"/>
      </object_component>
      <object_component id="oc-157">
         <name>.debug_info</name>
         <load_address>0x9db1</load_address>
         <run_address>0x9db1</run_address>
         <size>0x7cf</size>
         <input_file_ref idref="fl-9"/>
      </object_component>
      <object_component id="oc-159">
         <name>.debug_info</name>
         <load_address>0xa580</load_address>
         <run_address>0xa580</run_address>
         <size>0x71d</size>
         <input_file_ref idref="fl-a"/>
      </object_component>
      <object_component id="oc-1b6">
         <name>.debug_info</name>
         <load_address>0xac9d</load_address>
         <run_address>0xac9d</run_address>
         <size>0x19a</size>
         <input_file_ref idref="fl-a"/>
      </object_component>
      <object_component id="oc-15b">
         <name>.debug_info</name>
         <load_address>0xae37</load_address>
         <run_address>0xae37</run_address>
         <size>0x79e</size>
         <input_file_ref idref="fl-b"/>
      </object_component>
      <object_component id="oc-104">
         <name>.debug_info</name>
         <load_address>0xb5d5</load_address>
         <run_address>0xb5d5</run_address>
         <size>0x6fe</size>
         <input_file_ref idref="fl-b"/>
      </object_component>
      <object_component id="oc-119">
         <name>.debug_info</name>
         <load_address>0xbcd3</load_address>
         <run_address>0xbcd3</run_address>
         <size>0x759</size>
         <input_file_ref idref="fl-c"/>
      </object_component>
      <object_component id="oc-113">
         <name>.debug_info</name>
         <load_address>0xc42c</load_address>
         <run_address>0xc42c</run_address>
         <size>0x163</size>
         <input_file_ref idref="fl-c"/>
      </object_component>
      <object_component id="oc-fe">
         <name>.debug_info</name>
         <load_address>0xc58f</load_address>
         <run_address>0xc58f</run_address>
         <size>0x393</size>
         <input_file_ref idref="fl-c"/>
      </object_component>
      <object_component id="oc-15d">
         <name>.debug_info</name>
         <load_address>0xc922</load_address>
         <run_address>0xc922</run_address>
         <size>0x74b</size>
         <input_file_ref idref="fl-d"/>
      </object_component>
      <object_component id="oc-15f">
         <name>.debug_info</name>
         <load_address>0xd06d</load_address>
         <run_address>0xd06d</run_address>
         <size>0x7b8</size>
         <input_file_ref idref="fl-e"/>
      </object_component>
      <object_component id="oc-161">
         <name>.debug_info</name>
         <load_address>0xd825</load_address>
         <run_address>0xd825</run_address>
         <size>0x6fa</size>
         <input_file_ref idref="fl-f"/>
      </object_component>
      <object_component id="oc-392">
         <name>.debug_info</name>
         <load_address>0xdf1f</load_address>
         <run_address>0xdf1f</run_address>
         <size>0x8b</size>
         <input_file_ref idref="fl-10"/>
      </object_component>
      <object_component id="oc-163">
         <name>.debug_info</name>
         <load_address>0xdfaa</load_address>
         <run_address>0xdfaa</run_address>
         <size>0x763</size>
         <input_file_ref idref="fl-11"/>
      </object_component>
      <object_component id="oc-165">
         <name>.debug_info</name>
         <load_address>0xe70d</load_address>
         <run_address>0xe70d</run_address>
         <size>0x7e5</size>
         <input_file_ref idref="fl-12"/>
      </object_component>
      <object_component id="oc-167">
         <name>.debug_info</name>
         <load_address>0xeef2</load_address>
         <run_address>0xeef2</run_address>
         <size>0x80b</size>
         <input_file_ref idref="fl-13"/>
      </object_component>
      <object_component id="oc-169">
         <name>.debug_info</name>
         <load_address>0xf6fd</load_address>
         <run_address>0xf6fd</run_address>
         <size>0x6f2</size>
         <input_file_ref idref="fl-14"/>
      </object_component>
      <object_component id="oc-83">
         <name>.debug_info</name>
         <load_address>0xfdef</load_address>
         <run_address>0xfdef</run_address>
         <size>0xd53</size>
         <input_file_ref idref="fl-14"/>
      </object_component>
      <object_component id="oc-16b">
         <name>.debug_info</name>
         <load_address>0x10b42</load_address>
         <run_address>0x10b42</run_address>
         <size>0x7a8</size>
         <input_file_ref idref="fl-15"/>
      </object_component>
      <object_component id="oc-16d">
         <name>.debug_info</name>
         <load_address>0x112ea</load_address>
         <run_address>0x112ea</run_address>
         <size>0x806</size>
         <input_file_ref idref="fl-16"/>
      </object_component>
      <object_component id="oc-16f">
         <name>.debug_info</name>
         <load_address>0x11af0</load_address>
         <run_address>0x11af0</run_address>
         <size>0x7a4</size>
         <input_file_ref idref="fl-17"/>
      </object_component>
      <object_component id="oc-171">
         <name>.debug_info</name>
         <load_address>0x12294</load_address>
         <run_address>0x12294</run_address>
         <size>0x8a2</size>
         <input_file_ref idref="fl-18"/>
      </object_component>
      <object_component id="oc-173">
         <name>.debug_info</name>
         <load_address>0x12b36</load_address>
         <run_address>0x12b36</run_address>
         <size>0x6ef</size>
         <input_file_ref idref="fl-19"/>
      </object_component>
      <object_component id="oc-10c">
         <name>.debug_info</name>
         <load_address>0x13225</load_address>
         <run_address>0x13225</run_address>
         <size>0x7de</size>
         <input_file_ref idref="fl-19"/>
      </object_component>
      <object_component id="oc-175">
         <name>.debug_info</name>
         <load_address>0x13a03</load_address>
         <run_address>0x13a03</run_address>
         <size>0x83c</size>
         <input_file_ref idref="fl-1a"/>
      </object_component>
      <object_component id="oc-11d">
         <name>.debug_info</name>
         <load_address>0x1423f</load_address>
         <run_address>0x1423f</run_address>
         <size>0xfb</size>
         <input_file_ref idref="fl-1a"/>
      </object_component>
      <object_component id="oc-30e">
         <name>.debug_info</name>
         <load_address>0x1433a</load_address>
         <run_address>0x1433a</run_address>
         <size>0x5cc</size>
         <input_file_ref idref="fl-1a"/>
      </object_component>
      <object_component id="oc-177">
         <name>.debug_info</name>
         <load_address>0x14906</load_address>
         <run_address>0x14906</run_address>
         <size>0x8b0</size>
         <input_file_ref idref="fl-1c"/>
      </object_component>
      <object_component id="oc-f5">
         <name>.debug_info</name>
         <load_address>0x151b6</load_address>
         <run_address>0x151b6</run_address>
         <size>0x201</size>
         <input_file_ref idref="fl-1c"/>
      </object_component>
      <object_component id="oc-179">
         <name>.debug_info</name>
         <load_address>0x153b7</load_address>
         <run_address>0x153b7</run_address>
         <size>0x7ed</size>
         <input_file_ref idref="fl-1d"/>
      </object_component>
      <object_component id="oc-f2">
         <name>.debug_info</name>
         <load_address>0x15ba4</load_address>
         <run_address>0x15ba4</run_address>
         <size>0x9c1</size>
         <input_file_ref idref="fl-1e"/>
      </object_component>
      <object_component id="oc-23c">
         <name>.debug_info</name>
         <load_address>0x16565</load_address>
         <run_address>0x16565</run_address>
         <size>0x8c3</size>
         <input_file_ref idref="fl-1e"/>
      </object_component>
      <object_component id="oc-17b">
         <name>.debug_info</name>
         <load_address>0x16e28</load_address>
         <run_address>0x16e28</run_address>
         <size>0x6ed</size>
         <input_file_ref idref="fl-1f"/>
      </object_component>
      <object_component id="oc-ec">
         <name>.debug_info</name>
         <load_address>0x17515</load_address>
         <run_address>0x17515</run_address>
         <size>0x10c3</size>
         <input_file_ref idref="fl-1f"/>
      </object_component>
      <object_component id="oc-17d">
         <name>.debug_info</name>
         <load_address>0x185d8</load_address>
         <run_address>0x185d8</run_address>
         <size>0xbee</size>
         <input_file_ref idref="fl-20"/>
      </object_component>
      <object_component id="oc-78">
         <name>.debug_info</name>
         <load_address>0x191c6</load_address>
         <run_address>0x191c6</run_address>
         <size>0x8d0</size>
         <input_file_ref idref="fl-20"/>
      </object_component>
      <object_component id="oc-17f">
         <name>.debug_info</name>
         <load_address>0x19a96</load_address>
         <run_address>0x19a96</run_address>
         <size>0x7d1</size>
         <input_file_ref idref="fl-21"/>
      </object_component>
      <object_component id="oc-181">
         <name>.debug_info</name>
         <load_address>0x1a267</load_address>
         <run_address>0x1a267</run_address>
         <size>0x7ce</size>
         <input_file_ref idref="fl-22"/>
      </object_component>
      <object_component id="oc-183">
         <name>.debug_info</name>
         <load_address>0x1aa35</load_address>
         <run_address>0x1aa35</run_address>
         <size>0x859</size>
         <input_file_ref idref="fl-23"/>
      </object_component>
      <object_component id="oc-359">
         <name>.debug_info</name>
         <load_address>0x1b28e</load_address>
         <run_address>0x1b28e</run_address>
         <size>0xe0</size>
         <input_file_ref idref="fl-23"/>
      </object_component>
      <object_component id="oc-35c">
         <name>.debug_info</name>
         <load_address>0x1b36e</load_address>
         <run_address>0x1b36e</run_address>
         <size>0xe2</size>
         <input_file_ref idref="fl-23"/>
      </object_component>
      <object_component id="oc-35f">
         <name>.debug_info</name>
         <load_address>0x1b450</load_address>
         <run_address>0x1b450</run_address>
         <size>0xe6</size>
         <input_file_ref idref="fl-23"/>
      </object_component>
      <object_component id="oc-362">
         <name>.debug_info</name>
         <load_address>0x1b536</load_address>
         <run_address>0x1b536</run_address>
         <size>0xec</size>
         <input_file_ref idref="fl-23"/>
      </object_component>
      <object_component id="oc-356">
         <name>.debug_info</name>
         <load_address>0x1b622</load_address>
         <run_address>0x1b622</run_address>
         <size>0xe4</size>
         <input_file_ref idref="fl-23"/>
      </object_component>
      <object_component id="oc-302">
         <name>.debug_info</name>
         <load_address>0x1b706</load_address>
         <run_address>0x1b706</run_address>
         <size>0x2834</size>
         <input_file_ref idref="fl-23"/>
      </object_component>
      <object_component id="oc-185">
         <name>.debug_info</name>
         <load_address>0x1df3a</load_address>
         <run_address>0x1df3a</run_address>
         <size>0x824</size>
         <input_file_ref idref="fl-24"/>
      </object_component>
      <object_component id="oc-315">
         <name>.debug_info</name>
         <load_address>0x1e75e</load_address>
         <run_address>0x1e75e</run_address>
         <size>0xdf</size>
         <input_file_ref idref="fl-24"/>
      </object_component>
      <object_component id="oc-245">
         <name>.debug_info</name>
         <load_address>0x1e83d</load_address>
         <run_address>0x1e83d</run_address>
         <size>0x617</size>
         <input_file_ref idref="fl-24"/>
      </object_component>
      <object_component id="oc-187">
         <name>.debug_info</name>
         <load_address>0x1ee54</load_address>
         <run_address>0x1ee54</run_address>
         <size>0x741</size>
         <input_file_ref idref="fl-25"/>
      </object_component>
      <object_component id="oc-df">
         <name>.debug_info</name>
         <load_address>0x1f595</load_address>
         <run_address>0x1f595</run_address>
         <size>0x705</size>
         <input_file_ref idref="fl-26"/>
      </object_component>
      <object_component id="oc-dc">
         <name>.debug_info</name>
         <load_address>0x1fc9a</load_address>
         <run_address>0x1fc9a</run_address>
         <size>0xff</size>
         <input_file_ref idref="fl-26"/>
      </object_component>
      <object_component id="oc-71">
         <name>.debug_info</name>
         <load_address>0x1fd99</load_address>
         <run_address>0x1fd99</run_address>
         <size>0xae5</size>
         <input_file_ref idref="fl-26"/>
      </object_component>
      <object_component id="oc-14a">
         <name>.debug_info</name>
         <load_address>0x2087e</load_address>
         <run_address>0x2087e</run_address>
         <size>0x7a4</size>
         <input_file_ref idref="fl-27"/>
      </object_component>
      <object_component id="oc-130">
         <name>.debug_info</name>
         <load_address>0x21022</load_address>
         <run_address>0x21022</run_address>
         <size>0x157</size>
         <input_file_ref idref="fl-27"/>
      </object_component>
      <object_component id="oc-133">
         <name>.debug_info</name>
         <load_address>0x21179</load_address>
         <run_address>0x21179</run_address>
         <size>0xe0</size>
         <input_file_ref idref="fl-27"/>
      </object_component>
      <object_component id="oc-136">
         <name>.debug_info</name>
         <load_address>0x21259</load_address>
         <run_address>0x21259</run_address>
         <size>0xde</size>
         <input_file_ref idref="fl-27"/>
      </object_component>
      <object_component id="oc-7d">
         <name>.debug_info</name>
         <load_address>0x21337</load_address>
         <run_address>0x21337</run_address>
         <size>0xdff</size>
         <input_file_ref idref="fl-27"/>
      </object_component>
      <object_component id="oc-189">
         <name>.debug_info</name>
         <load_address>0x22136</load_address>
         <run_address>0x22136</run_address>
         <size>0x80f</size>
         <input_file_ref idref="fl-28"/>
      </object_component>
      <object_component id="oc-2d3">
         <name>.debug_info</name>
         <load_address>0x22945</load_address>
         <run_address>0x22945</run_address>
         <size>0x1b4</size>
         <input_file_ref idref="fl-28"/>
      </object_component>
      <object_component id="oc-378">
         <name>.debug_info</name>
         <load_address>0x22af9</load_address>
         <run_address>0x22af9</run_address>
         <size>0x333</size>
         <input_file_ref idref="fl-e5"/>
      </object_component>
      <object_component id="oc-308">
         <name>.debug_info</name>
         <load_address>0x22e2c</load_address>
         <run_address>0x22e2c</run_address>
         <size>0x1d1</size>
         <input_file_ref idref="fl-e5"/>
      </object_component>
      <object_component id="oc-36c">
         <name>.debug_info</name>
         <load_address>0x22ffd</load_address>
         <run_address>0x22ffd</run_address>
         <size>0x18d</size>
         <input_file_ref idref="fl-e5"/>
      </object_component>
      <object_component id="oc-373">
         <name>.debug_info</name>
         <load_address>0x2318a</load_address>
         <run_address>0x2318a</run_address>
         <size>0x16d</size>
         <input_file_ref idref="fl-e5"/>
      </object_component>
      <object_component id="oc-44f">
         <name>.debug_info</name>
         <load_address>0x232f7</load_address>
         <run_address>0x232f7</run_address>
         <size>0x2c</size>
         <input_file_ref idref="fl-e5"/>
      </object_component>
      <object_component id="oc-12b">
         <name>.debug_info</name>
         <load_address>0x23323</load_address>
         <run_address>0x23323</run_address>
         <size>0x14c</size>
         <input_file_ref idref="fl-e6"/>
      </object_component>
      <object_component id="oc-3bd">
         <name>.debug_info</name>
         <load_address>0x2346f</load_address>
         <run_address>0x2346f</run_address>
         <size>0x128</size>
         <input_file_ref idref="fl-e7"/>
      </object_component>
      <object_component id="oc-351">
         <name>.debug_info</name>
         <load_address>0x23597</load_address>
         <run_address>0x23597</run_address>
         <size>0x12a</size>
         <input_file_ref idref="fl-e7"/>
      </object_component>
      <object_component id="oc-d3">
         <name>.debug_info</name>
         <load_address>0x236c1</load_address>
         <run_address>0x236c1</run_address>
         <size>0x13a</size>
         <input_file_ref idref="fl-e8"/>
      </object_component>
      <object_component id="oc-252">
         <name>.debug_info</name>
         <load_address>0x237fb</load_address>
         <run_address>0x237fb</run_address>
         <size>0x13a</size>
         <input_file_ref idref="fl-e9"/>
      </object_component>
      <object_component id="oc-d6">
         <name>.debug_info</name>
         <load_address>0x23935</load_address>
         <run_address>0x23935</run_address>
         <size>0x12e</size>
         <input_file_ref idref="fl-ea"/>
      </object_component>
      <object_component id="oc-24c">
         <name>.debug_info</name>
         <load_address>0x23a63</load_address>
         <run_address>0x23a63</run_address>
         <size>0x13e</size>
         <input_file_ref idref="fl-eb"/>
      </object_component>
      <object_component id="oc-127">
         <name>.debug_info</name>
         <load_address>0x23ba1</load_address>
         <run_address>0x23ba1</run_address>
         <size>0x12c</size>
         <input_file_ref idref="fl-ec"/>
      </object_component>
      <object_component id="oc-34d">
         <name>.debug_info</name>
         <load_address>0x23ccd</load_address>
         <run_address>0x23ccd</run_address>
         <size>0x12c</size>
         <input_file_ref idref="fl-ed"/>
      </object_component>
      <object_component id="oc-3b">
         <name>.debug_info</name>
         <load_address>0x23df9</load_address>
         <run_address>0x23df9</run_address>
         <size>0x119</size>
         <input_file_ref idref="fl-ee"/>
      </object_component>
      <object_component id="oc-cc">
         <name>.debug_info</name>
         <load_address>0x23f12</load_address>
         <run_address>0x23f12</run_address>
         <size>0x12e</size>
         <input_file_ref idref="fl-ef"/>
      </object_component>
      <object_component id="oc-a7">
         <name>.debug_info</name>
         <load_address>0x24040</load_address>
         <run_address>0x24040</run_address>
         <size>0x147</size>
         <input_file_ref idref="fl-f0"/>
      </object_component>
      <object_component id="oc-a5">
         <name>.debug_info</name>
         <load_address>0x24187</load_address>
         <run_address>0x24187</run_address>
         <size>0x2d4</size>
         <input_file_ref idref="fl-f1"/>
      </object_component>
      <object_component id="oc-47">
         <name>.debug_info</name>
         <load_address>0x2445b</load_address>
         <run_address>0x2445b</run_address>
         <size>0x1d2</size>
         <input_file_ref idref="fl-f1"/>
      </object_component>
      <object_component id="oc-a0">
         <name>.debug_info</name>
         <load_address>0x2462d</load_address>
         <run_address>0x2462d</run_address>
         <size>0x46</size>
         <input_file_ref idref="fl-f1"/>
      </object_component>
      <object_component id="oc-1ab">
         <name>.debug_info</name>
         <load_address>0x24673</load_address>
         <run_address>0x24673</run_address>
         <size>0x2c</size>
         <input_file_ref idref="fl-f1"/>
      </object_component>
      <object_component id="oc-45">
         <name>.debug_info</name>
         <load_address>0x2469f</load_address>
         <run_address>0x2469f</run_address>
         <size>0x2a8</size>
         <input_file_ref idref="fl-f2"/>
      </object_component>
      <object_component id="oc-1f">
         <name>.debug_info</name>
         <load_address>0x24947</load_address>
         <run_address>0x24947</run_address>
         <size>0x1ea</size>
         <input_file_ref idref="fl-f2"/>
      </object_component>
      <object_component id="oc-40">
         <name>.debug_info</name>
         <load_address>0x24b31</load_address>
[...]
      <symbol id="sm-85b">
         <name>DCO_set</name>
         <value>0x50bf</value>
         <object_component_ref idref="oc-70"/>
      </symbol>
      <symbol id="sm-85c">
         <name>sysc</name>
         <value>0x2000247c</value>
         <object_component_ref idref="oc-db"/>
      </symbol>
      <symbol id="sm-85d">
         <name>systic_delayms</name>
         <value>0x5523</value>
         <object_component_ref idref="oc-70"/>
      </symbol>
      <symbol id="sm-85e">
         <name>MCLK_set</name>
         <value>0x5135</value>
         <object_component_ref idref="oc-70"/>
      </symbol>
      <symbol id="sm-85f">
         <name>systic_init</name>
         <value>0x541f</value>
         <object_component_ref idref="oc-70"/>
      </symbol>
      <symbol id="sm-860">
         <name>systic_clr</name>
         <value>0x54cd</value>
         <object_component_ref idref="oc-70"/>
      </symbol>
      <symbol id="sm-861">
         <name>systic_delayus</name>
         <value>0x5505</value>
         <object_component_ref idref="oc-70"/>
      </symbol>
      <symbol id="sm-862">
         <name>CS_locked</name>
         <value>0x50b7</value>
         <object_component_ref idref="oc-70"/>
      </symbol>
      <symbol id="sm-863">
         <name>systic_read</name>
         <value>0x546d</value>
         <object_component_ref idref="oc-70"/>
      </symbol>
      <symbol id="sm-864">
         <name>systim</name>
         <value>0x20002480</value>
         <object_component_ref idref="oc-db"/>
      </symbol>
      <symbol id="sm-920">
         <name>EUSCIA3_IRQHandler</name>
         <value>0x42f5</value>
         <object_component_ref idref="oc-7c"/>
      </symbol>
      <symbol id="sm-921">
         <name>BRS</name>
         <value>0x8a14</value>
         <object_component_ref idref="oc-135"/>
      </symbol>
      <symbol id="sm-922">
         <name>UART_send_short</name>
         <value>0x4215</value>
         <object_component_ref idref="oc-7c"/>
      </symbol>
      <symbol id="sm-923">
         <name>UART_CLK_sel</name>
         <value>0x3c59</value>
         <object_component_ref idref="oc-7c"/>
      </symbol>
      <symbol id="sm-924">
         <name>UART_send_string</name>
         <value>0x41d9</value>
         <object_component_ref idref="oc-7c"/>
      </symbol>
      <symbol id="sm-925">
         <name>UART_send_int</name>
         <value>0x4271</value>
         <object_component_ref idref="oc-7c"/>
      </symbol>
      <symbol id="sm-926">
         <name>EUSCIA1_IRQHandler</name>
         <value>0x42c5</value>
         <object_component_ref idref="oc-7c"/>
      </symbol>
      <symbol id="sm-927">
         <name>UART_recv_Byte</name>
         <value>0x4185</value>
         <object_component_ref idref="oc-7c"/>
      </symbol>
      <symbol id="sm-928">
         <name>UART_Baunds_set</name>
         <value>0x3e71</value>
         <object_component_ref idref="oc-7c"/>
      </symbol>
      <symbol id="sm-929">
         <name>UART2_RXDat</name>
         <value>0x20002485</value>
         <object_component_ref idref="oc-12f"/>
      </symbol>
      <symbol id="sm-92a">
         <name>FP_N</name>
         <value>0x8924</value>
         <object_component_ref idref="oc-132"/>
      </symbol>
      <symbol id="sm-92b">
         <name>EUSCIA2_IRQHandler</name>
         <value>0x42d9</value>
         <object_component_ref idref="oc-7c"/>
      </symbol>
      <symbol id="sm-92c">
         <name>BRCLK</name>
         <value>0x20002488</value>
         <object_component_ref idref="oc-12f"/>
      </symbol>
      <symbol id="sm-92d">
         <name>UART_send_Byte</name>
         <value>0x4111</value>
         <object_component_ref idref="oc-7c"/>
      </symbol>
      <symbol id="sm-92e">
         <name>UART_IRQRX_set</name>
         <value>0x3b5d</value>
         <object_component_ref idref="oc-7c"/>
      </symbol>
      <symbol id="sm-92f">
         <name>UART3_RXDat</name>
         <value>0x20002484</value>
         <object_component_ref idref="oc-12f"/>
      </symbol>
      <symbol id="sm-930">
         <name>UART_init</name>
         <value>0x40a5</value>
         <object_component_ref idref="oc-7c"/>
      </symbol>
      <symbol id="sm-931">
         <name>EUSCIA0_IRQHandler</name>
         <value>0x42ad</value>
         <object_component_ref idref="oc-7c"/>
      </symbol>
      <symbol id="sm-932">
         <name>UART_PIN_sel</name>
         <value>0x3c05</value>
         <object_component_ref idref="oc-7c"/>
      </symbol>
      <symbol id="sm-933">
         <name>UART0_RXDat</name>
         <value>0x20002486</value>
         <object_component_ref idref="oc-12f"/>
      </symbol>
      <symbol id="sm-934">
         <name>UART_BRS_val</name>
         <value>0x3d51</value>
         <object_component_ref idref="oc-7c"/>
      </symbol>
      <symbol id="sm-935">
         <name>UART_USIC_init</name>
         <value>0x3bb1</value>
         <object_component_ref idref="oc-7c"/>
      </symbol>
      <symbol id="sm-936">
         <name>UART_IRQ_set</name>
         <value>0x3ae1</value>
         <object_component_ref idref="oc-7c"/>
      </symbol>
      <symbol id="sm-969">
         <name>sprintf</name>
         <value>0x7c4d</value>
         <object_component_ref idref="oc-307"/>
      </symbol>
      <symbol id="sm-980">
         <name>__aeabi_dsub</name>
         <value>0x68c9</value>
         <object_component_ref idref="oc-12a"/>
      </symbol>
      <symbol id="sm-981">
         <name>__aeabi_dadd</name>
         <value>0x68d3</value>
         <object_component_ref idref="oc-12a"/>
      </symbol>
      <symbol id="sm-9a3">
         <name>__aeabi_cdcmpeq</name>
         <value>0x76ad</value>
         <object_component_ref idref="oc-3bc"/>
      </symbol>
      <symbol id="sm-9a4">
         <name>__aeabi_cdcmple</name>
         <value>0x76ad</value>
         <object_component_ref idref="oc-3bc"/>
      </symbol>
      <symbol id="sm-9a5">
         <name>__aeabi_cdrcmple</name>
         <value>0x7733</value>
         <object_component_ref idref="oc-350"/>
      </symbol>
      <symbol id="sm-9b9">
         <name>__aeabi_ddiv</name>
         <value>0x6edd</value>
         <object_component_ref idref="oc-d0"/>
      </symbol>
      <symbol id="sm-9c4">
         <name>__aeabi_dmul</name>
         <value>0x7249</value>
         <object_component_ref idref="oc-24f"/>
      </symbol>
      <symbol id="sm-9ce">
         <name>__aeabi_d2iz</name>
         <value>0x7b7d</value>
         <object_component_ref idref="oc-d5"/>
      </symbol>
      <symbol id="sm-9da">
         <name>__aeabi_d2f</name>
         <value>0x78a1</value>
         <object_component_ref idref="oc-24a"/>
      </symbol>
      <symbol id="sm-9e5">
         <name>__aeabi_f2d</name>
         <value>0x7ccb</value>
         <object_component_ref idref="oc-125"/>
      </symbol>
      <symbol id="sm-9ef">
         <name>__aeabi_i2d</name>
         <value>0x7d39</value>
         <object_component_ref idref="oc-34b"/>
      </symbol>
      <symbol id="sm-a0a">
         <name>memcpy</name>
         <value>0x74ef</value>
         <object_component_ref idref="oc-3a"/>
      </symbol>
      <symbol id="sm-a0b">
         <name>__aeabi_memcpy</name>
         <value>0x74ef</value>
         <object_component_ref idref="oc-3a"/>
      </symbol>
      <symbol id="sm-a0c">
         <name>__aeabi_memcpy8</name>
         <value>0x74ef</value>
         <object_component_ref idref="oc-3a"/>
      </symbol>
      <symbol id="sm-a0d">
         <name>__aeabi_memcpy4</name>
         <value>0x74ef</value>
         <object_component_ref idref="oc-3a"/>
      </symbol>
      <symbol id="sm-a17">
         <name>__aeabi_ui2d</name>
         <value>0x7d8d</value>
         <object_component_ref idref="oc-cb"/>
      </symbol>
      <symbol id="sm-a26">
         <name>__aeabi_memset</name>
         <value>0x77bb</value>
         <object_component_ref idref="oc-a6"/>
      </symbol>
      <symbol id="sm-a27">
         <name>memset</name>
         <value>0x77c1</value>
         <object_component_ref idref="oc-a6"/>
      </symbol>
      <symbol id="sm-a28">
         <name>__aeabi_memset8</name>
         <value>0x77bb</value>
         <object_component_ref idref="oc-a6"/>
      </symbol>
      <symbol id="sm-a29">
         <name>__aeabi_memset4</name>
         <value>0x77bb</value>
         <object_component_ref idref="oc-a6"/>
      </symbol>
      <symbol id="sm-a2a">
         <name>__aeabi_memclr8</name>
         <value>0x77b9</value>
         <object_component_ref idref="oc-a6"/>
      </symbol>
      <symbol id="sm-a2b">
         <name>__aeabi_memclr4</name>
         <value>0x77b9</value>
         <object_component_ref idref="oc-a6"/>
      </symbol>
      <symbol id="sm-a2c">
         <name>__aeabi_memclr</name>
         <value>0x77b9</value>
         <object_component_ref idref="oc-a6"/>
      </symbol>
      <symbol id="sm-a45">
         <name>__TI_zero_init_nomemset</name>
         <value>0x7dad</value>
         <object_component_ref idref="oc-46"/>
      </symbol>
      <symbol id="sm-a5c">
         <name>__TI_decompress_none</name>
         <value>0x7e53</value>
         <object_component_ref idref="oc-1d"/>
      </symbol>
      <symbol id="sm-a7f">
         <name>__TI_decompress_lzss</name>
         <value>0x790f</value>
         <object_component_ref idref="oc-17"/>
      </symbol>
      <symbol id="sm-a94">
         <name>_sys_memory</name>
         <value>0x200024c0</value>
         <object_component_ref idref="oc-29"/>
      </symbol>
      <symbol id="sm-aa7">
         <name>__stack</name>
         <value>0x2000fe00</value>
         <object_component_ref idref="oc-2c"/>
      </symbol>
      <symbol id="sm-aa8">
         <name>_c_int00_noargs</name>
         <value>0x7d05</value>
         <object_component_ref idref="oc-58"/>
      </symbol>
      <symbol id="sm-abe">
         <name>__aeabi_errno_addr</name>
         <value>0x7e79</value>
         <object_component_ref idref="oc-3e5"/>
      </symbol>
      <symbol id="sm-abf">
         <name>errno</name>
         <value>0x200024ac</value>
         <object_component_ref idref="oc-448"/>
      </symbol>
      <symbol id="sm-c24">
         <name>__TI_printfi</name>
         <value>0x27a1</value>
         <object_component_ref idref="oc-365"/>
      </symbol>
      <symbol id="sm-c31">
         <name>__aeabi_uldivmod</name>
         <value>0x758b</value>
         <object_component_ref idref="oc-404"/>
      </symbol>
      <symbol id="sm-c59">
         <name>__TI_auto_init_nobinit_nopinit</name>
         <value>0x7bc5</value>
         <object_component_ref idref="oc-1c7"/>
      </symbol>
      <symbol id="sm-c63">
         <name>_system_pre_init</name>
         <value>0x7e81</value>
         <object_component_ref idref="oc-ac"/>
      </symbol>
      <symbol id="sm-c6f">
         <name>C$$EXIT</name>
         <value>0x7e85</value>
         <object_component_ref idref="oc-1bb"/>
      </symbol>
      <symbol id="sm-c70">
         <name>abort</name>
         <value>0x7e85</value>
         <object_component_ref idref="oc-1bb"/>
      </symbol>
      <symbol id="sm-c80">
         <name>__TI_ltoa</name>
         <value>0x7a8b</value>
         <object_component_ref idref="oc-40b"/>
      </symbol>
      <symbol id="sm-c97">
         <name>atoi</name>
         <value>0x7b31</value>
         <object_component_ref idref="oc-3b0"/>
      </symbol>
      <symbol id="sm-ca2">
         <name>_ctypes_</name>
         <value>0x8820</value>
         <object_component_ref idref="oc-3ff"/>
      </symbol>
      <symbol id="sm-cb2">
         <name>memccpy</name>
         <value>0x7dc9</value>
         <object_component_ref idref="oc-3d9"/>
      </symbol>
      <symbol id="sm-cc2">
         <name>strchr</name>
         <value>0x7e17</value>
         <object_component_ref idref="oc-438"/>
      </symbol>
      <symbol id="sm-cd0">
         <name>strlen</name>
         <value>0x7e2d</value>
         <object_component_ref idref="oc-3aa"/>
      </symbol>
      <symbol id="sm-ce9">
         <name>wcslen</name>
         <value>0x7e41</value>
         <object_component_ref idref="oc-3df"/>
      </symbol>
      <symbol id="sm-d09">
         <name>frexpl</name>
         <value>0x7979</value>
         <object_component_ref idref="oc-42c"/>
      </symbol>
      <symbol id="sm-d0a">
         <name>frexp</name>
         <value>0x7979</value>
         <object_component_ref idref="oc-42c"/>
      </symbol>
      <symbol id="sm-d27">
         <name>scalbn</name>
         <value>0x7139</value>
         <object_component_ref idref="oc-432"/>
      </symbol>
      <symbol id="sm-d28">
         <name>scalbnl</name>
         <value>0x7139</value>
         <object_component_ref idref="oc-432"/>
      </symbol>
      <symbol id="sm-d29">
         <name>ldexpl</name>
         <value>0x7139</value>
         <object_component_ref idref="oc-432"/>
      </symbol>
      <symbol id="sm-d2a">
         <name>ldexp</name>
         <value>0x7139</value>
         <object_component_ref idref="oc-432"/>
      </symbol>
      <symbol id="sm-d34">
         <name>__aeabi_idiv0</name>
         <value>0x31ef</value>
         <object_component_ref idref="oc-46c"/>
      </symbol>
      <symbol id="sm-d35">
         <name>__aeabi_ldiv0</name>
         <value>0x31ef</value>
         <object_component_ref idref="oc-46c"/>
      </symbol>
      <symbol id="sm-d3f">
         <name>copysign</name>
         <value>0x7de5</value>
         <object_component_ref idref="oc-47f"/>
      </symbol>
      <symbol id="sm-d40">
         <name>copysignl</name>
         <value>0x7de5</value>
         <object_component_ref idref="oc-47f"/>
      </symbol>
      <symbol id="sm-d6c">
         <name>Interrupt_setPriority</name>
         <value>0x7d69</value>
         <object_component_ref idref="oc-2fb"/>
      </symbol>
      <symbol id="sm-d73">
         <name>__TI_static_base__</name>
         <value>0x0</value>
      </symbol>
      <symbol id="sm-d76">
         <name>__mpu_init</name>
         <value>0x0</value>
      </symbol>
      <symbol id="sm-d77">
         <name>_system_post_cinit</name>
         <value>0x0</value>
      </symbol>
      <symbol id="sm-d78">
         <name>NMI_Handler</name>
         <value>0x7e6d</value>
      </symbol>
      <symbol id="sm-d79">
         <name>HardFault_Handler</name>
         <value>0x7e6d</value>
      </symbol>
      <symbol id="sm-d7a">
         <name>MemManage_Handler</name>
         <value>0x7e6d</value>
      </symbol>
      <symbol id="sm-d7b">
         <name>BusFault_Handler</name>
         <value>0x7e6d</value>
      </symbol>
      <symbol id="sm-d7c">
         <name>UsageFault_Handler</name>
         <value>0x7e6d</value>
      </symbol>
      <symbol id="sm-d7d">
         <name>SVC_Handler</name>
         <value>0x7e6d</value>
      </symbol>
      <symbol id="sm-d7e">
         <name>DebugMon_Handler</name>
         <value>0x7e6d</value>
      </symbol>
      <symbol id="sm-d7f">
         <name>PendSV_Handler</name>
         <value>0x7e6d</value>
      </symbol>
      <symbol id="sm-d80">
         <name>SysTick_Handler</name>
         <value>0x54fb</value>
      </symbol>
      <symbol id="sm-d81">
         <name>PSS_IRQHandler</name>
         <value>0x7e6d</value>
      </symbol>
      <symbol id="sm-d82">
         <name>CS_IRQHandler</name>
         <value>0x7e6d</value>
      </symbol>
      <symbol id="sm-d83">
         <name>PCM_IRQHandler</name>
         <value>0x7e6d</value>
      </symbol>
      <symbol id="sm-d84">
         <name>WDT_A_IRQHandler</name>
         <value>0x7e6d</value>
      </symbol>
      <symbol id="sm-d85">
         <name>FPU_IRQHandler</name>
         <value>0x7e6d</value>
      </symbol>
      <symbol id="sm-d86">
         <name>FLCTL_IRQHandler</name>
         <value>0x7e6d</value>
      </symbol>
      <symbol id="sm-d87">
         <name>COMP_E0_IRQHandler</name>
         <value>0x7e6d</value>
      </symbol>
      <symbol id="sm-d88">
         <name>COMP_E1_IRQHandler</name>
         <value>0x7e6d</value>
      </symbol>
      <symbol id="sm-d89">
         <name>TA0_0_IRQHandler</name>
         <value>0x4801</value>
      </symbol>
      <symbol id="sm-d8a">
         <name>TA0_N_IRQHandler</name>
         <value>0x48f7</value>
      </symbol>
      <symbol id="sm-d8b">
         <name>TA1_0_IRQHandler</name>
         <value>0x4817</value>
      </symbol>
      <symbol id="sm-d8c">
         <name>TA1_N_IRQHandler</name>
         <value>0x48f9</value>
      </symbol>
      <symbol id="sm-d8d">
         <name>TA2_0_IRQHandler</name>
         <value>0x4823</value>
      </symbol>
      <symbol id="sm-d8e">
         <name>TA2_N_IRQHandler</name>
         <value>0x48fb</value>
      </symbol>
      <symbol id="sm-d8f">
         <name>TA3_0_IRQHandler</name>
         <value>0x4845</value>
      </symbol>
      <symbol id="sm-d90">
         <name>TA3_N_IRQHandler</name>
         <value>0x4915</value>
      </symbol>
      <symbol id="sm-d91">
         <name>EUSCIA0_IRQHandler</name>
         <value>0x42ad</value>
      </symbol>
      <symbol id="sm-d92">
         <name>EUSCIA1_IRQHandler</name>
         <value>0x42c5</value>
      </symbol>
      <symbol id="sm-d93">
         <name>EUSCIA2_IRQHandler</name>
         <value>0x42d9</value>
      </symbol>
      <symbol id="sm-d94">
         <name>EUSCIA3_IRQHandler</name>
         <value>0x42f5</value>
      </symbol>
      <symbol id="sm-d95">
         <name>EUSCIB0_IRQHandler</name>
         <value>0x7e6d</value>
      </symbol>
      <symbol id="sm-d96">
         <name>EUSCIB1_IRQHandler</name>
         <value>0x7e6d</value>
      </symbol>
      <symbol id="sm-d97">
         <name>EUSCIB2_IRQHandler</name>
         <value>0x7e6d</value>
      </symbol>
      <symbol id="sm-d98">
         <name>EUSCIB3_IRQHandler</name>
         <value>0x7e6d</value>
      </symbol>
      <symbol id="sm-d99">
         <name>ADC14_IRQHandler</name>
         <value>0x3a55</value>
      </symbol>
      <symbol id="sm-d9a">
         <name>T32_INT1_IRQHandler</name>
         <value>0x7e6d</value>
      </symbol>
      <symbol id="sm-d9b">
         <name>T32_INT2_IRQHandler</name>
         <value>0x7e6d</value>
      </symbol>
      <symbol id="sm-d9c">
         <name>T32_INTC_IRQHandler</name>
         <value>0x7e6d</value>
      </symbol>
      <symbol id="sm-d9d">
         <name>AES256_IRQHandler</name>
         <value>0x7e6d</value>
      </symbol>
      <symbol id="sm-d9e">
         <name>RTC_C_IRQHandler</name>
         <value>0x7e6d</value>
      </symbol>
      <symbol id="sm-d9f">
         <name>DMA_ERR_IRQHandler</name>
         <value>0x7e6d</value>
      </symbol>
      <symbol id="sm-da0">
         <name>DMA_INT3_IRQHandler</name>
         <value>0x7e6d</value>
      </symbol>
      <symbol id="sm-da1">
         <name>DMA_INT2_IRQHandler</name>
         <value>0x7e6d</value>
      </symbol>
      <symbol id="sm-da2">
         <name>DMA_INT1_IRQHandler</name>
         <value>0x7e6d</value>
      </symbol>
      <symbol id="sm-da3">
         <name>DMA_INT0_IRQHandler</name>
         <value>0x7e6d</value>
      </symbol>
      <symbol id="sm-da4">
         <name>PORT1_IRQHandler</name>
         <value>0x4345</value>
      </symbol>
      <symbol id="sm-da5">
         <name>PORT2_IRQHandler</name>
         <value>0x43ef</value>
      </symbol>
      <symbol id="sm-da6">
         <name>PORT3_IRQHandler</name>
         <value>0x44bb</value>
      </symbol>
      <symbol id="sm-da7">
         <name>PORT4_IRQHandler</name>
         <value>0x4573</value>
      </symbol>
      <symbol id="sm-da8">
         <name>PORT5_IRQHandler</name>
         <value>0x4651</value>
      </symbol>
      <symbol id="sm-da9">
         <name>PORT6_IRQHandler</name>
         <value>0x4725</value>
      </symbol>
   </symbol_table>
   <title>Link successful</title>
</link_info>
