******************************************************************************
                  TI ARM Linker PC v20.2.7                     
******************************************************************************
>> Linked Tue Aug  1 01:55:10 2023

OUTPUT FILE NAME:   <02BoyLuc_led.out>
ENTRY POINT SYMBOL: "_c_int00_noargs"  address: 00007d05


MEMORY CONFIGURATION

         name            origin    length      used     unused   attr    fill
----------------------  --------  ---------  --------  --------  ----  --------
  MAIN                  00000000   00040000  00008dc4  0003723c  R  X
  INFO                  00200000   00004000  00000000  00004000  R  X
  SRAM_CODE             01000000   00010000  00002b89  0000d477  RW X
  SRAM_DATA             20000000   00010000  00002b89  0000d477  RW  


SEGMENT ALLOCATION MAP

run origin  load origin   length   init length attrs members
----------  ----------- ---------- ----------- ----- -------
00000000    00000000    00008dc8   00008dc8    r-x
  00000000    00000000    000000e4   000000e4    r-- .intvecs
  000000e4    000000e4    00007da4   00007da4    r-x .text
  00007e88    00007e88    00000bb4   00000bb4    r-- .const
  00008a40    00008a40    00000388   00000388    r-- .cinit
20000000    20000000    0000298c   00000000    rw-
  20000000    20000000    000024bd   00000000    rw- .data
  200024c0    200024c0    00000400   00000000    rw- .sysmem
  200028c0    200028c0    000000cc   00000000    rw- .bss
2000fe00    2000fe00    00000200   00000000    rw-
  2000fe00    2000fe00    00000200   00000000    rw- .stack


SECTION ALLOCATION MAP

 output                                  attributes/
section   page    origin      length       input sections
--------  ----  ----------  ----------   ----------------
.intvecs   0    00000000    000000e4     
                  00000000    000000e4     startup_msp432p401r_ccs.obj (.intvecs:retain)

.text      0    000000e4    00007da4     
                  000000e4    00001c20     exinoled.obj (.text)
                  00001d04    00000a9c     exingpio.obj (.text)
                  000027a0    00000a4e     rtsv7M4_T_le_v4SPD16_eabi.lib : _printfi.c.obj (.text:__TI_printfi)
                  000031ee    00000002                                   : div0.asm.obj (.text)
                  000031f0    000008f0     exinADC.obj (.text)
                  00003ae0    00000864     exinuart.obj (.text)
                  00004344    00000740     exinisr.obj (.text)
                  00004a84    00000600     exinTimerA.obj (.text)
                  00005084    000004fc     exinsystem.obj (.text)
                  00005580    000003b4     exinencoder.obj (.text)
                  00005934    00000340     exinpwm.obj (.text)
                  00005c74    00000334     system_msp432p401r.obj (.text)
                  00005fa8    000002a8     boypid.obj (.text)
                  00006250    00000270     rtsv7M4_T_le_v4SPD16_eabi.lib : _printfi.c.obj (.text:_pconv_a)
                  000064c0    00000238     boymotor.obj (.text)
                  000066f8    000001d0     rtsv7M4_T_le_v4SPD16_eabi.lib : _printfi.c.obj (.text:_pconv_g)
                  000068c8    000001b6                                   : fd_add_t2.asm.obj (.text)
                  00006a7e    00000002     --HOLE-- [fill = 0]
                  00006a80    000001b0     boybluetooth.obj (.text)
                  00006c30    00000170     exinTimerAINT.obj (.text)
                  00006da0    0000013c     rtsv7M4_T_le_v4SPD16_eabi.lib : _printfi.c.obj (.text:_pconv_e)
                  00006edc    00000136                                   : fd_div_t2.asm.obj (.text)
                  00007012    00000002     --HOLE-- [fill = 0]
                  00007014    00000124                                   : _printfi.c.obj (.text:fcvt)
                  00007138    00000110                                   : s_scalbn.c.obj (.text:scalbn)
                  00007248    000000fc                                   : fd_mul_t2.asm.obj (.text)
                  00007344    000000f8     boycamera.obj (.text)
                  0000743c    000000b1     rtsv7M4_T_le_v4SPD16_eabi.lib : _printfi.c.obj (.text:_ltostr)
                  000074ed    00000001     --HOLE-- [fill = 0]
                  000074ee    0000009c                                   : memcpy_t2.asm.obj (.text)
                  0000758a    00000096                                   : ull_div_t2.asm.obj (.text)
                  00007620    0000008c     boyencoder.obj (.text)
                  000076ac    00000086     rtsv7M4_T_le_v4SPD16_eabi.lib : fd_cmp_t2.asm.obj (.text:__aeabi_cdcmple)
                  00007732    00000086                                   : fd_cmp_t2.asm.obj (.text:__aeabi_cdrcmple)
                  000077b8    0000007a                                   : memset_t2.asm.obj (.text)
                  00007832    0000006e                                   : _printfi.c.obj (.text:_mcpy)
                  000078a0    0000006e                                   : fd_tos_t2.asm.obj (.text)
                  0000790e    00000068                                   : copy_decompress_lzss.c.obj (.text:decompress:lzss:__TI_decompress_lzss)
                  00007976    00000002     --HOLE-- [fill = 0]
                  00007978    00000064                                   : s_frexp.c.obj (.text:frexp)
                  000079dc    00000058     boyled.obj (.text)
                  00007a34    00000056     rtsv7M4_T_le_v4SPD16_eabi.lib : _printfi.c.obj (.text:_pconv_f)
                  00007a8a    00000054                                   : _ltoa.c.obj (.text:__TI_ltoa)
                  00007ade    00000052                                   : _printfi.c.obj (.text:_ecpy)
                  00007b30    0000004c                                   : atoi.c.obj (.text:atoi)
                  00007b7c    00000048                                   : fd_toi_t2.asm.obj (.text)
                  00007bc4    00000044                                   : autoinit.c.obj (.text:__TI_auto_init_nobinit_nopinit:__TI_auto_init_nobinit_nopinit)
                  00007c08    00000042     main.obj (.text)
                  00007c4a    00000002     --HOLE-- [fill = 0]
                  00007c4c    00000040     rtsv7M4_T_le_v4SPD16_eabi.lib : sprintf.c.obj (.text:sprintf)
                  00007c8c    0000003e                                   : _printfi.c.obj (.text:_fcpy)
                  00007cca    00000038                                   : fs_tod_t2.asm.obj (.text)
                  00007d02    00000002     --HOLE-- [fill = 0]
                  00007d04    00000034                                   : boot_cortex_m.c.obj (.text:_c_int00_noargs:_c_int00_noargs)
                  00007d38    0000002e                                   : i_tofd_t2.asm.obj (.text)
                  00007d66    00000002     --HOLE-- [fill = 0]
                  00007d68    00000024     msp432p4xx_driverlib.lib : interrupt.o (.text:Interrupt_setPriority)
                  00007d8c    00000020     rtsv7M4_T_le_v4SPD16_eabi.lib : u_tofd_t2.asm.obj (.text)
                  00007dac    0000001c                                   : copy_zero_init.c.obj (.text:decompress:ZI:__TI_zero_init_nomemset:__TI_zero_init_nomemset)
                  00007dc8    0000001c                                   : memccpy.c.obj (.text:memccpy)
                  00007de4    0000001a                                   : s_copysign.c.obj (.text:copysign)
                  00007dfe    00000018                                   : sprintf.c.obj (.text:_outs)
                  00007e16    00000016                                   : strchr.c.obj (.text:strchr)
                  00007e2c    00000014                                   : strlen.c.obj (.text:strlen)
                  00007e40    00000012                                   : wcslen.c.obj (.text:wcslen)
                  00007e52    0000000e                                   : copy_decompress_none.c.obj (.text:decompress:none:__TI_decompress_none)
                  00007e60    0000000e     startup_msp432p401r_ccs.obj (.text)
                  00007e6e    0000000a     rtsv7M4_T_le_v4SPD16_eabi.lib : sprintf.c.obj (.text:_outc)
                  00007e78    00000008                                   : errno.c.obj (.text:__aeabi_errno_addr)
                  00007e80    00000004                                   : pre_init.c.obj (.text:_system_pre_init)
                  00007e84    00000004                                   : exit.c.obj (.text:abort:abort)

.const     0    00007e88    00000bb4     
                  00007e88    000005f0     exinoled.obj (.const:.string:F8x16)
                  00008478    00000228     exinoled.obj (.const:F6x8)
                  000086a0    00000180     exinoled.obj (.const:Chiness)
                  00008820    00000101     rtsv7M4_T_le_v4SPD16_eabi.lib : ctype.c.obj (.const:.string:_ctypes_)
                  00008921    00000003     --HOLE-- [fill = 0]
                  00008924    000000a0     exinuart.obj (.const:FP_N)
                  000089c4    00000050     msp432p4xx_driverlib.lib : interrupt.o (.const:g_pulRegs)
                  00008a14    00000028     exinuart.obj (.const:.string:BRS)

.cinit     0    00008a40    00000388     
                  00008a40    0000035f     (.cinit..data.load) [load image, compression = lzss]
                  00008d9f    00000001     --HOLE-- [fill = 0]
                  00008da0    0000000c     (__TI_handler_table)
                  00008dac    00000004     --HOLE-- [fill = 0]
                  00008db0    00000008     (.cinit..bss.load) [load image, compression = zero_init]
                  00008db8    00000010     (__TI_cinit_table)

.init_array 
*          0    00000000    00000000     UNINITIALIZED

.binit     0    00000000    00000000     

.data      0    20000000    000024bd     UNINITIALIZED
                  20000000    00002000     exinoled.obj (.data:bmp_pixel1)
                  20002000    00000400     exinoled.obj (.data:GDDRAM)
                  20002400    00000038     exinTimerAINT.obj (.data:CCRn_period_val)
                  20002438    00000028     boyencoder.obj (.data)
                  20002460    0000001c     exinadjust.obj (.data)
                  2000247c    00000008     exinsystem.obj (.data)
                  20002484    00000008     exinuart.obj (.data)
                  2000248c    00000006     boycamera.obj (.data:RxBuffer1$2)
                  20002492    00000006     boybluetooth.obj (.data:RxBuffer2$2)
                  20002498    00000006     boybluetooth.obj (.data:TxBluetooth)
                  2000249e    00000004     boybluetooth.obj (.data:RxBluetooth)
                  200024a2    00000004     boycamera.obj (.data:RxCamera)
                  200024a6    00000002     --HOLE--
                  200024a8    00000004     exinpwm.obj (.data)
                  200024ac    00000004     rtsv7M4_T_le_v4SPD16_eabi.lib : errno.c.obj (.data)
                  200024b0    00000004     system_msp432p401r.obj (.data)
                  200024b4    00000003     boybluetooth.obj (.data)
                  200024b7    00000003     boycamera.obj (.data)
                  200024ba    00000003     boypid.obj (.data)

.sysmem    0    200024c0    00000400     UNINITIALIZED
                  200024c0    00000010     rtsv7M4_T_le_v4SPD16_eabi.lib : memory.c.obj (.sysmem)
                  200024d0    000003f0     --HOLE--

.bss       0    200028c0    000000cc     UNINITIALIZED
                  200028c0    00000030     (.common:ADC14_STRUCT)
                  200028f0    00000028     (.common:pidPosition)
                  20002918    00000028     (.common:pidSpeed)
                  20002940    00000028     (.common:pidangle)
                  20002968    00000008     (.common:encoder_A)
                  20002970    00000008     (.common:encoder_B)
                  20002978    00000008     (.common:encoder_C)
                  20002980    00000008     (.common:encoder_D)
                  20002988    00000004     exinsystem.obj (.bss)

.stack     0    2000fe00    00000200     UNINITIALIZED
                  2000fe00    00000004     rtsv7M4_T_le_v4SPD16_eabi.lib : boot_cortex_m.c.obj (.stack)
                  2000fe04    000001fc     --HOLE--

__llvm_prf_cnts 
*          0    20000000    00000000     UNINITIALIZED

MODULE SUMMARY

       Module                        code    ro data   rw data
       ------                        ----    -------   -------
    .\
       system_msp432p401r.obj        820     0         8      
       startup_msp432p401r_ccs.obj   14      228       0      
       main.obj                      66      0         96     
    +--+-----------------------------+-------+---------+---------+
       Total:                        900     228       104    
                                                              
    .\boylibs\
       boypid.obj                    680     0         246    
       boymotor.obj                  568     0         0      
       boybluetooth.obj              432     0         38     
       boycamera.obj                 248     0         26     
       boyencoder.obj                140     0         80     
       boyled.obj                    88      0         0      
    +--+-----------------------------+-------+---------+---------+
       Total:                        2156    0         390    
                                                              
    .\exinlibs\
       exinoled.obj                  7200    2456      18432  
       exingpio.obj                  2716    0         0      
       exinuart.obj                  2148    200       16     
       exinADC.obj                   2288    0         0      
       exinisr.obj                   1856    0         0      
       exinTimerA.obj                1536    0         0      
       exinsystem.obj                1276    0         24     
       exinencoder.obj               948     0         64     
       exinpwm.obj                   832     0         8      
       exinTimerAINT.obj             368     0         112    
       exinadjust.obj                0       0         56     
    +--+-----------------------------+-------+---------+---------+
       Total:                        21168   2656      18712  
                                                              
    D:/Software_installation/CCSIDE/ti/msp/MSP432Ware_3_40_00_25/driverlib/driverlib/MSP432P4xx/ccs/msp432p4xx_driverlib.lib
       interrupt.o                   36      80        0      
    +--+-----------------------------+-------+---------+---------+
       Total:                        36      80        0      
                                                              
    D:\Software_installation\CCSIDE\ti\ccs1230\ccs\tools\compiler\ti-cgt-arm_20.2.7.LTS\lib\rtsv7M4_T_le_v4SPD16_eabi.lib
       _printfi.c.obj                4851    0         0      
       fd_add_t2.asm.obj             438     0         0      
       fd_div_t2.asm.obj             310     0         0      
       s_scalbn.c.obj                272     0         0      
       fd_cmp_t2.asm.obj             268     0         0      
       ctype.c.obj                   0       257       0      
       fd_mul_t2.asm.obj             252     0         0      
       memcpy_t2.asm.obj             156     0         0      
       ull_div_t2.asm.obj            150     0         0      
       memset_t2.asm.obj             122     0         0      
       fd_tos_t2.asm.obj             110     0         0      
       copy_decompress_lzss.c.obj    104     0         0      
       s_frexp.c.obj                 100     0         0      
       sprintf.c.obj                 98      0         0      
       _ltoa.c.obj                   84      0         0      
       atoi.c.obj                    76      0         0      
       fd_toi_t2.asm.obj             72      0         0      
       autoinit.c.obj                68      0         0      
       fs_tod_t2.asm.obj             56      0         0      
       boot_cortex_m.c.obj           52      0         0      
       i_tofd_t2.asm.obj             46      0         0      
       u_tofd_t2.asm.obj             32      0         0      
       copy_zero_init.c.obj          28      0         0      
       memccpy.c.obj                 28      0         0      
       s_copysign.c.obj              26      0         0      
       strchr.c.obj                  22      0         0      
       strlen.c.obj                  20      0         0      
       wcslen.c.obj                  18      0         0      
       errno.c.obj                   8       0         8      
       copy_decompress_none.c.obj    14      0         0      
       exit.c.obj                    4       0         0      
       pre_init.c.obj                4       0         0      
       div0.asm.obj                  2       0         0      
    +--+-----------------------------+-------+---------+---------+
       Total:                        7891    257       8      
                                                              
       Heap:                         0       0         2048   
       Stack:                        0       0         1024   
       Linker Generated:             0       899       0      
    +--+-----------------------------+-------+---------+---------+
       Grand Total:                  32151   4120      22286  


LINKER GENERATED COPY TABLES

__TI_cinit_table @ 00008db8 records: 2, size/record: 8, table size: 16
	.data: load addr=00008a40, load size=0000035f bytes, run addr=20000000, run size=000024bd bytes, compression=lzss
	.bss: load addr=00008db0, load size=00000008 bytes, run addr=200028c0, run size=000000cc bytes, compression=zero_init


LINKER GENERATED HANDLER TABLE

__TI_handler_table @ 00008da0 records: 3, size/record: 4, table size: 12
	index: 0, handler: __TI_decompress_lzss
	index: 1, handler: __TI_decompress_none
	index: 2, handler: __TI_zero_init


GLOBAL SYMBOLS: SORTED ALPHABETICALLY BY Name 

address   name                           
-------   ----                           
00003701  ADC14_CHAEND_set               
00003435  ADC14_CHA_sel                  
00003549  ADC14_CLK_sel                  
000038fd  ADC14_IRQFG_set                
00003a55  ADC14_IRQHandler               
00003a55  ADC14_IRQHandler               
000037f9  ADC14_MEM_set                  
00003647  ADC14_PREC_sel                 
200028c0  ADC14_STRUCT                   
000031fd  ADC14_convert_disable          
000031f1  ADC14_convert_enable           
00003215  ADC14_convert_end              
00003209  ADC14_convert_start            
000036a1  ADC14_init                     
000032bf  ADC14_read_data                
00003989  ADC14_repeatmod_init           
00003a01  ADC14_repeatmod_rec            
00003221  ADC14_start                    
00007e6d  AES256_IRQHandler              
2000247a  A_flag                         
20002488  BRCLK                          
00008a14  BRS                            
2000247b  B_flag                         
00007e6d  BusFault_Handler               
00007e85  C$$EXIT                        
00004f95  CCRn_MOD_sel                   
20002400  CCRn_period_val                
00007e6d  COMP_E0_IRQHandler             
00007e6d  COMP_E1_IRQHandler             
00007e6d  CS_IRQHandler                  
000050b7  CS_locked                      
000050ad  CS_unlocked                    
000086a0  Chiness                        
000050bf  DCO_set                        
00007e6d  DMA_ERR_IRQHandler             
00007e6d  DMA_INT0_IRQHandler            
00007e6d  DMA_INT1_IRQHandler            
00007e6d  DMA_INT2_IRQHandler            
00007e6d  DMA_INT3_IRQHandler            
00007e6d  DebugMon_Handler               
00007e6d  Default_Handler                
000058bd  ENCODER_TEST                   
000042ad  EUSCIA0_IRQHandler             
000042ad  EUSCIA0_IRQHandler             
000042c5  EUSCIA1_IRQHandler             
000042c5  EUSCIA1_IRQHandler             
000042d9  EUSCIA2_IRQHandler             
000042d9  EUSCIA2_IRQHandler             
000042f5  EUSCIA3_IRQHandler             
000042f5  EUSCIA3_IRQHandler             
00007e6d  EUSCIB0_IRQHandler             
00007e6d  EUSCIB1_IRQHandler             
00007e6d  EUSCIB2_IRQHandler             
00007e6d  EUSCIB3_IRQHandler             
000057a5  Encoder_clr                    
00008478  F6x8                           
00007e88  F8x16                          
00007e6d  FLCTL_IRQHandler               
00007e6d  FPU_IRQHandler                 
00008924  FP_N                           
20002000  GDDRAM                         
00001535  GDDRAM_Map_clr                 
0000158f  GDDRAM_Map_set                 
00005769  GET_encoder_dir                
0000572d  GET_encoder_num                
00007e6d  HardFault_Handler              
20002478  IRQ3_5flag                     
20002479  IRQ4_6flag                     
00007d69  Interrupt_setPriority          
00005135  MCLK_set                       
00007e6d  MemManage_Handler              
00007e6d  NMI_Handler                    
0000126f  OLED_Draw_Bmp                  
0000132d  OLED_Draw_BmpPixel             
00000b73  OLED_Draw_Circle               
00000361  OLED_Draw_Pixel                
00000acd  OLED_Draw_Rectangle            
00000479  OLED_Draw_line                 
0000151b  OLED_OFF                       
00001505  OLED_ON                        
0000018d  OLED_SPI_configuration         
00000237  OLED_SPI_write_cmd             
0000026f  OLED_SPI_write_data            
000002a7  OLED_SetPos                    
00000c83  OLED_Show_Char                 
00001161  OLED_Show_Hanzi                
00000eb1  OLED_Show_Num                  
00000e55  OLED_Show_String               
00000fd9  OLED_Show_float                
00000357  OLED_clr                       
000002df  OLED_fill                      
00001429  OLED_init                      
000057f9  OLED_show                      
000015cd  OLED_test                      
00007e6d  PCM_IRQHandler                 
00004345  PORT1_IRQHandler               
00004345  PORT1_IRQHandler               
000043ef  PORT2_IRQHandler               
000043ef  PORT2_IRQHandler               
000044bb  PORT3_IRQHandler               
000044bb  PORT3_IRQHandler               
00004573  PORT4_IRQHandler               
00004573  PORT4_IRQHandler               
00004651  PORT5_IRQHandler               
00004651  PORT5_IRQHandler               
00004725  PORT6_IRQHandler               
00004725  PORT6_IRQHandler               
00007e6d  PSS_IRQHandler                 
00005c1b  PWM_TEST                       
00007e6d  PendSV_Handler                 
00007e6d  RTC_C_IRQHandler               
00007e61  Reset_Handler                  
2000249e  RxBluetooth                    
200024a2  RxCamera                       
00005255  SMCLK_set                      
000001cd  SPI_write_byte                 
00007e6d  SVC_Handler                    
000054fb  SysTick_Handler                
000054fb  SysTick_Handler                
200024b0  SystemCoreClock                
00005c75  SystemCoreClockUpdate          
00005eed  SystemInit                     
00007e6d  T32_INT1_IRQHandler            
00007e6d  T32_INT2_IRQHandler            
00007e6d  T32_INTC_IRQHandler            
00004801  TA0_0_IRQHandler               
00004801  TA0_0_IRQHandler               
000048f7  TA0_N_IRQHandler               
000048f7  TA0_N_IRQHandler               
00004817  TA1_0_IRQHandler               
00004817  TA1_0_IRQHandler               
000048f9  TA1_N_IRQHandler               
000048f9  TA1_N_IRQHandler               
00004823  TA2_0_IRQHandler               
00004823  TA2_0_IRQHandler               
000048fb  TA2_N_IRQHandler               
000048fb  TA2_N_IRQHandler               
00004845  TA3_0_IRQHandler               
00004845  TA3_0_IRQHandler               
00004915  TA3_N_IRQHandler               
00004915  TA3_N_IRQHandler               
00006cc7  TimerA_CCR0INT_init            
00004f15  TimerA_CCRVAL_set              
00006d19  TimerA_CCRnINT_init            
00004b2b  TimerA_CLK_set                 
00004a85  TimerA_MOD_sel                 
00004ced  TimerA_NVIC_IRQ_set            
00004e65  TimerA_disable_CCRnIRQ         
00004db5  TimerA_enable_CCRnIRQ          
20002498  TxBluetooth                    
20002486  UART0_RXDat                    
20002485  UART2_RXDat                    
20002484  UART3_RXDat                    
00003d51  UART_BRS_val                   
00003e71  UART_Baunds_set                
00003c59  UART_CLK_sel                   
00003b5d  UART_IRQRX_set                 
00003ae1  UART_IRQ_set                   
00003c05  UART_PIN_sel                   
00003bb1  UART_USIC_init                 
000040a5  UART_init                      
00004185  UART_recv_Byte                 
00004111  UART_send_Byte                 
00004271  UART_send_int                  
00004215  UART_send_short                
000041d9  UART_send_string               
00007e6d  UsageFault_Handler             
4000480c  WDTCTL_SYM                     
00007e6d  WDT_A_IRQHandler               
20010000  __STACK_END                    
00000200  __STACK_SIZE                   
00000400  __SYSMEM_SIZE                  
00008db8  __TI_CINIT_Base                
00008dc8  __TI_CINIT_Limit               
00008da0  __TI_Handler_Table_Base        
00008dac  __TI_Handler_Table_Limit       
00007bc5  __TI_auto_init_nobinit_nopinit 
0000790f  __TI_decompress_lzss           
00007e53  __TI_decompress_none           
00007a8b  __TI_ltoa                      
ffffffff  __TI_pprof_out_hndl            
000027a1  __TI_printfi                   
ffffffff  __TI_prof_data_size            
ffffffff  __TI_prof_data_start           
00000000  __TI_static_base__             
00007dad  __TI_zero_init_nomemset        
000076ad  __aeabi_cdcmpeq                
000076ad  __aeabi_cdcmple                
00007733  __aeabi_cdrcmple               
000078a1  __aeabi_d2f                    
00007b7d  __aeabi_d2iz                   
000068d3  __aeabi_dadd                   
00006edd  __aeabi_ddiv                   
00007249  __aeabi_dmul                   
000068c9  __aeabi_dsub                   
00007e79  __aeabi_errno_addr             
00007ccb  __aeabi_f2d                    
00007d39  __aeabi_i2d                    
000031ef  __aeabi_idiv0                  
000031ef  __aeabi_ldiv0                  
000077b9  __aeabi_memclr                 
000077b9  __aeabi_memclr4                
000077b9  __aeabi_memclr8                
000074ef  __aeabi_memcpy                 
000074ef  __aeabi_memcpy4                
000074ef  __aeabi_memcpy8                
000077bb  __aeabi_memset                 
000077bb  __aeabi_memset4                
000077bb  __aeabi_memset8                
00007d8d  __aeabi_ui2d                   
0000758b  __aeabi_uldivmod               
ffffffff  __binit__                      
ffffffff  __c_args__                     
UNDEFED   __mpu_init                     
2000fe00  __stack                        
20000000  __start___llvm_prf_cnts        
20000000  __stop___llvm_prf_cnts         
00007d05  _c_int00_noargs                
00008820  _ctypes_                       
200024c0  _sys_memory                    
UNDEFED   _system_post_cinit             
00007e81  _system_pre_init               
00007e85  abort                          
200024bc  angle_pid_control              
00007b31  atoi                           
ffffffff  binit                          
20000000  bmp_pixel1                     
00006019  boy_anglepid_init              
00006aff  boy_bluetooth_receive_data     
00006ab1  boy_bluetooth_send_data        
00006a81  boy_bluetooth_task1            
00006a8d  boy_bluetooth_task2            
00006a99  boy_bluetooth_task3            
00006aa5  boy_bluetooth_task4            
00007345  boy_camera_receive_data        
000065d5  boy_direction_and_speed_control
0000659d  boy_distance_to_position       
000064f5  boy_duty_to_speed              
00007683  boy_encoder_clear              
00007621  boy_encoder_init               
000079dd  boy_led_or_beep_init           
000064c1  boy_motor_init                 
00006565  boy_position_to_distance       
00005fe3  boy_positionpid_init           
00007635  boy_speed_and_position_get     
0000652d  boy_speed_to_duty              
00005fa9  boy_speedpid_init              
00007de5  copysign                       
00007de5  copysignl                      
2000246c  count                          
20002460  dirf                           
200024a8  duty                           
20002968  encoder_A                      
20002970  encoder_B                      
20002978  encoder_C                      
20002980  encoder_D                      
00005581  encoder_IncTypeDef_init        
000055dd  encoder_dirpin_init            
00005685  encoder_init                   
00005635  encoder_interrupt_init         
200024ac  errno                          
00005085  error                          
00007979  frexp                          
00007979  frexpl                         
000022df  gpio_clr_GPIOIRQFLG            
0000226d  gpio_disable_IRQ               
000020ed  gpio_disable_Ren               
00002361  gpio_edg_sel                   
000021d5  gpio_enable_IRQ                
0000202d  gpio_enable_Ren                
00002571  gpio_get                       
000024e1  gpio_init                      
00002481  gpio_interrupt_INIT            
00002661  gpio_set                       
00001dc5  gpio_set_Asin                  
00001d05  gpio_set_Asout                 
00001e85  gpio_set_High                  
00001f45  gpio_set_Low                   
00002691  gpio_toggle                    
00000000  interruptVectors               
00007139  ldexp                          
00007139  ldexpl                         
20002450  left_real_position             
20002438  left_real_speed                
20002458  left_target_angle              
20002448  left_target_position           
20002440  left_target_speed              
00007c09  main                           
00007dc9  memccpy                        
000074ef  memcpy                         
000077c1  memset                         
000000e5  num_pow                        
20002464  page_count                     
00006c31  period_cvert                   
200028f0  pidPosition                    
20002918  pidSpeed                       
0000605f  pid_get_PID                    
20002940  pidangle                       
200024bb  position_pid_control           
00005b87  pwm_duty                       
00005a71  pwm_init                       
000059e5  pwm_period_set                 
00005935  pwm_pin_init                   
20002454  right_real_position            
2000243c  right_real_speed               
2000245c  right_target_angle             
2000244c  right_target_position          
20002444  right_target_speed             
00007139  scalbn                         
00007139  scalbnl                        
0000537d  set_DCO_48MH                   
00005415  set_clock_period               
200024ba  speed_pid_control              
00007c4d  sprintf                        
00000115  sqr                            
20002468  start_flag                     
00007e17  strchr                         
00007e2d  strlen                         
2000247c  sysc                           
000054db  system_init                    
000054cd  systic_clr                     
00005523  systic_delayms                 
00005505  systic_delayus                 
00005459  systic_end                     
0000541f  systic_init                    
0000546d  systic_read                    
00005443  systic_start                   
20002480  systim                         
20002470  testA                          
20002474  testB                          
00007e41  wcslen                         


GLOBAL SYMBOLS: SORTED BY Symbol Address 

address   name                           
-------   ----                           
00000000  __TI_static_base__             
00000000  interruptVectors               
000000e5  num_pow                        
00000115  sqr                            
0000018d  OLED_SPI_configuration         
000001cd  SPI_write_byte                 
00000200  __STACK_SIZE                   
00000237  OLED_SPI_write_cmd             
0000026f  OLED_SPI_write_data            
000002a7  OLED_SetPos                    
000002df  OLED_fill                      
00000357  OLED_clr                       
00000361  OLED_Draw_Pixel                
00000400  __SYSMEM_SIZE                  
00000479  OLED_Draw_line                 
00000acd  OLED_Draw_Rectangle            
00000b73  OLED_Draw_Circle               
00000c83  OLED_Show_Char                 
00000e55  OLED_Show_String               
00000eb1  OLED_Show_Num                  
00000fd9  OLED_Show_float                
00001161  OLED_Show_Hanzi                
0000126f  OLED_Draw_Bmp                  
0000132d  OLED_Draw_BmpPixel             
00001429  OLED_init                      
00001505  OLED_ON                        
0000151b  OLED_OFF                       
00001535  GDDRAM_Map_clr                 
0000158f  GDDRAM_Map_set                 
000015cd  OLED_test                      
00001d05  gpio_set_Asout                 
00001dc5  gpio_set_Asin                  
00001e85  gpio_set_High                  
00001f45  gpio_set_Low                   
0000202d  gpio_enable_Ren                
000020ed  gpio_disable_Ren               
000021d5  gpio_enable_IRQ                
0000226d  gpio_disable_IRQ               
000022df  gpio_clr_GPIOIRQFLG            
00002361  gpio_edg_sel                   
00002481  gpio_interrupt_INIT            
000024e1  gpio_init                      
00002571  gpio_get                       
00002661  gpio_set                       
00002691  gpio_toggle                    
000027a1  __TI_printfi                   
000031ef  __aeabi_idiv0                  
000031ef  __aeabi_ldiv0                  
000031f1  ADC14_convert_enable           
000031fd  ADC14_convert_disable          
00003209  ADC14_convert_start            
00003215  ADC14_convert_end              
00003221  ADC14_start                    
000032bf  ADC14_read_data                
00003435  ADC14_CHA_sel                  
00003549  ADC14_CLK_sel                  
00003647  ADC14_PREC_sel                 
000036a1  ADC14_init                     
00003701  ADC14_CHAEND_set               
000037f9  ADC14_MEM_set                  
000038fd  ADC14_IRQFG_set                
00003989  ADC14_repeatmod_init           
00003a01  ADC14_repeatmod_rec            
00003a55  ADC14_IRQHandler               
00003a55  ADC14_IRQHandler               
00003ae1  UART_IRQ_set                   
00003b5d  UART_IRQRX_set                 
00003bb1  UART_USIC_init                 
00003c05  UART_PIN_sel                   
00003c59  UART_CLK_sel                   
00003d51  UART_BRS_val                   
00003e71  UART_Baunds_set                
000040a5  UART_init                      
00004111  UART_send_Byte                 
00004185  UART_recv_Byte                 
000041d9  UART_send_string               
00004215  UART_send_short                
00004271  UART_send_int                  
000042ad  EUSCIA0_IRQHandler             
000042ad  EUSCIA0_IRQHandler             
000042c5  EUSCIA1_IRQHandler             
000042c5  EUSCIA1_IRQHandler             
000042d9  EUSCIA2_IRQHandler             
000042d9  EUSCIA2_IRQHandler             
000042f5  EUSCIA3_IRQHandler             
000042f5  EUSCIA3_IRQHandler             
00004345  PORT1_IRQHandler               
00004345  PORT1_IRQHandler               
000043ef  PORT2_IRQHandler               
000043ef  PORT2_IRQHandler               
000044bb  PORT3_IRQHandler               
000044bb  PORT3_IRQHandler               
00004573  PORT4_IRQHandler               
00004573  PORT4_IRQHandler               
00004651  PORT5_IRQHandler               
00004651  PORT5_IRQHandler               
00004725  PORT6_IRQHandler               
00004725  PORT6_IRQHandler               
00004801  TA0_0_IRQHandler               
00004801  TA0_0_IRQHandler               
00004817  TA1_0_IRQHandler               
00004817  TA1_0_IRQHandler               
00004823  TA2_0_IRQHandler               
00004823  TA2_0_IRQHandler               
00004845  TA3_0_IRQHandler               
00004845  TA3_0_IRQHandler               
000048f7  TA0_N_IRQHandler               
000048f7  TA0_N_IRQHandler               
000048f9  TA1_N_IRQHandler               
000048f9  TA1_N_IRQHandler               
000048fb  TA2_N_IRQHandler               
000048fb  TA2_N_IRQHandler               
00004915  TA3_N_IRQHandler               
00004915  TA3_N_IRQHandler               
00004a85  TimerA_MOD_sel                 
00004b2b  TimerA_CLK_set                 
00004ced  TimerA_NVIC_IRQ_set            
00004db5  TimerA_enable_CCRnIRQ          
00004e65  TimerA_disable_CCRnIRQ         
00004f15  TimerA_CCRVAL_set              
00004f95  CCRn_MOD_sel                   
00005085  error                          
000050ad  CS_unlocked                    
000050b7  CS_locked                      
000050bf  DCO_set                        
00005135  MCLK_set                       
00005255  SMCLK_set                      
0000537d  set_DCO_48MH                   
00005415  set_clock_period               
0000541f  systic_init                    
00005443  systic_start                   
00005459  systic_end                     
0000546d  systic_read                    
000054cd  systic_clr                     
000054db  system_init                    
000054fb  SysTick_Handler                
000054fb  SysTick_Handler                
00005505  systic_delayus                 
00005523  systic_delayms                 
00005581  encoder_IncTypeDef_init        
000055dd  encoder_dirpin_init            
00005635  encoder_interrupt_init         
00005685  encoder_init                   
0000572d  GET_encoder_num                
00005769  GET_encoder_dir                
000057a5  Encoder_clr                    
000057f9  OLED_show                      
000058bd  ENCODER_TEST                   
00005935  pwm_pin_init                   
000059e5  pwm_period_set                 
00005a71  pwm_init                       
00005b87  pwm_duty                       
00005c1b  PWM_TEST                       
00005c75  SystemCoreClockUpdate          
00005eed  SystemInit                     
00005fa9  boy_speedpid_init              
00005fe3  boy_positionpid_init           
00006019  boy_anglepid_init              
0000605f  pid_get_PID                    
000064c1  boy_motor_init                 
000064f5  boy_duty_to_speed              
0000652d  boy_speed_to_duty              
00006565  boy_position_to_distance       
0000659d  boy_distance_to_position       
000065d5  boy_direction_and_speed_control
000068c9  __aeabi_dsub                   
000068d3  __aeabi_dadd                   
00006a81  boy_bluetooth_task1            
00006a8d  boy_bluetooth_task2            
00006a99  boy_bluetooth_task3            
00006aa5  boy_bluetooth_task4            
00006ab1  boy_bluetooth_send_data        
00006aff  boy_bluetooth_receive_data     
00006c31  period_cvert                   
00006cc7  TimerA_CCR0INT_init            
00006d19  TimerA_CCRnINT_init            
00006edd  __aeabi_ddiv                   
00007139  ldexp                          
00007139  ldexpl                         
00007139  scalbn                         
00007139  scalbnl                        
00007249  __aeabi_dmul                   
00007345  boy_camera_receive_data        
000074ef  __aeabi_memcpy                 
000074ef  __aeabi_memcpy4                
000074ef  __aeabi_memcpy8                
000074ef  memcpy                         
0000758b  __aeabi_uldivmod               
00007621  boy_encoder_init               
00007635  boy_speed_and_position_get     
00007683  boy_encoder_clear              
000076ad  __aeabi_cdcmpeq                
000076ad  __aeabi_cdcmple                
00007733  __aeabi_cdrcmple               
000077b9  __aeabi_memclr                 
000077b9  __aeabi_memclr4                
000077b9  __aeabi_memclr8                
000077bb  __aeabi_memset                 
000077bb  __aeabi_memset4                
000077bb  __aeabi_memset8                
000077c1  memset                         
000078a1  __aeabi_d2f                    
0000790f  __TI_decompress_lzss           
00007979  frexp                          
00007979  frexpl                         
000079dd  boy_led_or_beep_init           
00007a8b  __TI_ltoa                      
00007b31  atoi                           
00007b7d  __aeabi_d2iz                   
00007bc5  __TI_auto_init_nobinit_nopinit 
00007c09  main                           
00007c4d  sprintf                        
00007ccb  __aeabi_f2d                    
00007d05  _c_int00_noargs                
00007d39  __aeabi_i2d                    
00007d69  Interrupt_setPriority          
00007d8d  __aeabi_ui2d                   
00007dad  __TI_zero_init_nomemset        
00007dc9  memccpy                        
00007de5  copysign                       
00007de5  copysignl                      
00007e17  strchr                         
00007e2d  strlen                         
00007e41  wcslen                         
00007e53  __TI_decompress_none           
00007e61  Reset_Handler                  
00007e6d  AES256_IRQHandler              
00007e6d  BusFault_Handler               
00007e6d  COMP_E0_IRQHandler             
00007e6d  COMP_E1_IRQHandler             
00007e6d  CS_IRQHandler                  
00007e6d  DMA_ERR_IRQHandler             
00007e6d  DMA_INT0_IRQHandler            
00007e6d  DMA_INT1_IRQHandler            
00007e6d  DMA_INT2_IRQHandler            
00007e6d  DMA_INT3_IRQHandler            
00007e6d  DebugMon_Handler               
00007e6d  Default_Handler                
00007e6d  EUSCIB0_IRQHandler             
00007e6d  EUSCIB1_IRQHandler             
00007e6d  EUSCIB2_IRQHandler             
00007e6d  EUSCIB3_IRQHandler             
00007e6d  FLCTL_IRQHandler               
00007e6d  FPU_IRQHandler                 
00007e6d  HardFault_Handler              
00007e6d  MemManage_Handler              
00007e6d  NMI_Handler                    
00007e6d  PCM_IRQHandler                 
00007e6d  PSS_IRQHandler                 
00007e6d  PendSV_Handler                 
00007e6d  RTC_C_IRQHandler               
00007e6d  SVC_Handler                    
00007e6d  T32_INT1_IRQHandler            
00007e6d  T32_INT2_IRQHandler            
00007e6d  T32_INTC_IRQHandler            
00007e6d  UsageFault_Handler             
00007e6d  WDT_A_IRQHandler               
00007e79  __aeabi_errno_addr             
00007e81  _system_pre_init               
00007e85  C$$EXIT                        
00007e85  abort                          
00007e88  F8x16                          
00008478  F6x8                           
000086a0  Chiness                        
00008820  _ctypes_                       
00008924  FP_N                           
00008a14  BRS                            
00008da0  __TI_Handler_Table_Base        
00008dac  __TI_Handler_Table_Limit       
00008db8  __TI_CINIT_Base                
00008dc8  __TI_CINIT_Limit               
20000000  __start___llvm_prf_cnts        
20000000  __stop___llvm_prf_cnts         
20000000  bmp_pixel1                     
20002000  GDDRAM                         
20002400  CCRn_period_val                
20002438  left_real_speed                
2000243c  right_real_speed               
20002440  left_target_speed              
20002444  right_target_speed             
20002448  left_target_position           
2000244c  right_target_position          
20002450  left_real_position             
20002454  right_real_position            
20002458  left_target_angle              
2000245c  right_target_angle             
20002460  dirf                           
20002464  page_count                     
20002468  start_flag                     
2000246c  count                          
20002470  testA                          
20002474  testB                          
20002478  IRQ3_5flag                     
20002479  IRQ4_6flag                     
2000247a  A_flag                         
2000247b  B_flag                         
2000247c  sysc                           
20002480  systim                         
20002484  UART3_RXDat                    
20002485  UART2_RXDat                    
20002486  UART0_RXDat                    
20002488  BRCLK                          
20002498  TxBluetooth                    
2000249e  RxBluetooth                    
200024a2  RxCamera                       
200024a8  duty                           
200024ac  errno                          
200024b0  SystemCoreClock                
200024ba  speed_pid_control              
200024bb  position_pid_control           
200024bc  angle_pid_control              
200024c0  _sys_memory                    
200028c0  ADC14_STRUCT                   
200028f0  pidPosition                    
20002918  pidSpeed                       
20002940  pidangle                       
20002968  encoder_A                      
20002970  encoder_B                      
20002978  encoder_C                      
20002980  encoder_D                      
2000fe00  __stack                        
20010000  __STACK_END                    
4000480c  WDTCTL_SYM                     
ffffffff  __TI_pprof_out_hndl            
ffffffff  __TI_prof_data_size            
ffffffff  __TI_prof_data_start           
ffffffff  __binit__                      
ffffffff  __c_args__                     
ffffffff  binit                          
UNDEFED   __mpu_init                     
UNDEFED   _system_post_cinit             

[331 symbols]
